Component: ARM Compiler 5.06 update 4 (build 422) Tool: armlink [4d35d2]

==============================================================================

Section Cross References

    main.o(i.HAL_TIM_PeriodElapsedCallback) refers to stm32f4xx_hal.o(i.HAL_IncTick) for HAL_IncTick
    main.o(i.SystemClock_Config) refers to stm32f4xx_hal_rcc.o(i.HAL_RCC_OscConfig) for HAL_RCC_OscConfig
    main.o(i.SystemClock_Config) refers to main.o(i._Error_Handler) for _Error_Handler
    main.o(i.SystemClock_Config) refers to stm32f4xx_hal_rcc.o(i.HAL_RCC_ClockConfig) for HAL_RCC_ClockConfig
    main.o(i.SystemClock_Config) refers to stm32f4xx_hal_rcc.o(i.HAL_RCC_GetHCLKFreq) for HAL_RCC_GetHCLKFreq
    main.o(i.SystemClock_Config) refers to stm32f4xx_hal_cortex.o(i.HAL_SYSTICK_Config) for HAL_SYSTICK_Config
    main.o(i.SystemClock_Config) refers to stm32f4xx_hal_cortex.o(i.HAL_SYSTICK_CLKSourceConfig) for HAL_SYSTICK_CLKSourceConfig
    main.o(i.SystemClock_Config) refers to stm32f4xx_hal_cortex.o(i.HAL_NVIC_SetPriority) for HAL_NVIC_SetPriority
    main.o(i.main) refers to stm32f4xx_hal.o(i.HAL_Init) for HAL_Init
    main.o(i.main) refers to main.o(i.SystemClock_Config) for SystemClock_Config
    main.o(i.main) refers to bsp.o(i.BSP_Init) for BSP_Init
    main.o(i.main) refers to stm32f4xx_hal_gpio.o(i.HAL_GPIO_WritePin) for HAL_GPIO_WritePin
    main.o(i.main) refers to test_imu.o(i.MPU6500_Init) for MPU6500_Init
    main.o(i.main) refers to imu.o(i.IMU_Cali) for IMU_Cali
    main.o(i.main) refers to freertos.o(i.MX_FREERTOS_Init) for MX_FREERTOS_Init
    main.o(i.main) refers to cmsis_os.o(i.osKernelStart) for osKernelStart
    statusmachine.o(i.DriversModeSelect) refers to stm32f4xx_hal_gpio.o(i.HAL_GPIO_WritePin) for HAL_GPIO_WritePin
    statusmachine.o(i.DriversModeSelect) refers to statusmachine.o(.data) for OperateMode
    statusmachine.o(i.DriversModeSelect) refers to driver_liftmechanism.o(.data) for LiftMechanismMode
    statusmachine.o(i.DriversModeSelect) refers to driver_chassis.o(.data) for ChassisMode
    statusmachine.o(i.DriversModeSelect) refers to driver_guidewheel.o(.data) for GuideWheelMode
    statusmachine.o(i.DriversModeSelect) refers to driver_manipulator.o(.data) for Arm_OperateMode
    statusmachine.o(i.DriversModeSelect) refers to driver_remote.o(.bss) for RC_CtrlData
    statusmachine.o(i.GetInputMode) refers to driver_remote.o(.data) for InputMode
    statusmachine.o(i.GetWorkState) refers to statusmachine.o(.data) for WorkState
    statusmachine.o(i.InputMode_Select) refers to driver_remote.o(.bss) for RC_CtrlData
    statusmachine.o(i.InputMode_Select) refers to driver_remote.o(.data) for InputMode
    statusmachine.o(i.OperateModeSelect) refers to driver_remote.o(i.Remote_CheckJumpKey) for Remote_CheckJumpKey
    statusmachine.o(i.OperateModeSelect) refers to stm32f4xx_hal_gpio.o(i.HAL_GPIO_WritePin) for HAL_GPIO_WritePin
    statusmachine.o(i.OperateModeSelect) refers to statusmachine.o(.data) for WorkState
    statusmachine.o(i.OperateModeSelect) refers to driver_remote.o(.bss) for RC_CtrlData
    statusmachine.o(i.OperateModeSelect) refers to driver_chassis.o(.data) for CM_SPEED_C
    statusmachine.o(i.OperateModeSelect) refers to driver_liftmechanism.o(.data) for LM_SPEED_C
    statusmachine.o(i.OperateModeSelect) refers to driver_manipulator.o(.data) for AM_SPEED_C
    statusmachine.o(i.SetWorkState) refers to statusmachine.o(.data) for WorkState
    statusmachine.o(i.StatusMachine) refers to tasks.o(i.xTaskGetTickCount) for xTaskGetTickCount
    statusmachine.o(i.StatusMachine) refers to statusmachine.o(i.StatusMachine_Update) for StatusMachine_Update
    statusmachine.o(i.StatusMachine) refers to tasks.o(i.vTaskDelayUntil) for vTaskDelayUntil
    statusmachine.o(i.StatusMachine_Init) refers to statusmachine.o(i.UpIsland_Init) for UpIsland_Init
    statusmachine.o(i.StatusMachine_Init) refers to statusmachine.o(.data) for WorkState
    statusmachine.o(i.StatusMachine_Init) refers to driver_manipulator.o(.data) for Arm_OperateMode
    statusmachine.o(i.StatusMachine_Update) refers to statusmachine.o(i.InputMode_Select) for InputMode_Select
    statusmachine.o(i.StatusMachine_Update) refers to statusmachine.o(i.WorkStateUpdate) for WorkStateUpdate
    statusmachine.o(i.StatusMachine_Update) refers to statusmachine.o(i.OperateModeSelect) for OperateModeSelect
    statusmachine.o(i.StatusMachine_Update) refers to statusmachine.o(i.DriversModeSelect) for DriversModeSelect
    statusmachine.o(i.UpIsland_Init) refers to driver_chassis.o(.data) for ChassisMode
    statusmachine.o(i.UpIsland_Init) refers to driver_guidewheel.o(.data) for GuideWheelMode
    statusmachine.o(i.UpIsland_Init) refers to driver_liftmechanism.o(.data) for LiftMechanismMode
    statusmachine.o(i.WorkStateSwitchProcess) refers to controltask.o(i.ControlLoopTaskInit) for ControlLoopTaskInit
    statusmachine.o(i.WorkStateSwitchProcess) refers to driver_remote.o(i.RemoteTaskInit) for RemoteTaskInit
[...]
    HAL_UART_MspInit                         0x08005fbd   Thumb Code   502  bsp_usart.o(i.HAL_UART_MspInit)
    HAL_UART_Receive_DMA                     0x080061fd   Thumb Code   158  stm32f4xx_hal_uart.o(i.HAL_UART_Receive_DMA)
    HAL_UART_RxCpltCallback                  0x080062a9   Thumb Code     2  stm32f4xx_hal_uart.o(i.HAL_UART_RxCpltCallback)
    HAL_UART_RxHalfCpltCallback              0x080062ab   Thumb Code     2  stm32f4xx_hal_uart.o(i.HAL_UART_RxHalfCpltCallback)
    HardFault_Handler                        0x080062ad   Thumb Code     4  stm32f4xx_it.o(i.HardFault_Handler)
    IMU_AHRSupdate                           0x080062b1   Thumb Code  2204  imu.o(i.IMU_AHRSupdate)
    IMU_Cali                                 0x08006b4d   Thumb Code   218  imu.o(i.IMU_Cali)
    IMU_Get_Data                             0x08006c55   Thumb Code   218  test_imu.o(i.IMU_Get_Data)
    IMU_Task                                 0x08006d41   Thumb Code    10  imu.o(i.IMU_Task)
    IMU_getQ                                 0x08006d51   Thumb Code    56  imu.o(i.IMU_getQ)
    IMU_getValues                            0x08006d9d   Thumb Code   138  imu.o(i.IMU_getValues)
    IMU_getYawPitchRoll                      0x08006e31   Thumb Code   552  imu.o(i.IMU_getYawPitchRoll)
    ImageSensor_Control                      0x0800706d   Thumb Code     8  driver_imagesensor.o(i.ImageSensor_Control)
    Info_Rc_Judge                            0x08007075   Thumb Code    96  data_judge.o(i.Info_Rc_Judge)
    Info_Rc_MiniPC                           0x080070dd   Thumb Code    42  data_minipc.o(i.Info_Rc_MiniPC)
    Info_Sd_Judge                            0x08007111   Thumb Code   178  data_judge.o(i.Info_Sd_Judge)
    InfraredSensor_StateGet                  0x080071d1   Thumb Code    28  driver_sensor.o(i.InfraredSensor_StateGet)
    InputMode_Select                         0x080071fd   Thumb Code    38  statusmachine.o(i.InputMode_Select)
    Is_Lost_Error_Set                        0x0800722d   Thumb Code    22  supervisetask.o(i.Is_Lost_Error_Set)
    Key2Speed                                0x08007249   Thumb Code   296  driver_chassis.o(i.Key2Speed)
    LM_Calc_Output                           0x08007381   Thumb Code  3596  driver_liftmechanism.o(i.LM_Calc_Output)
    LM_Get_PID                               0x080081b1   Thumb Code   130  driver_liftmechanism.o(i.LM_Get_PID)
    LM_Get_SpeedRef                          0x0800824d   Thumb Code   558  driver_liftmechanism.o(i.LM_Get_SpeedRef)
    LM_Set_Current                           0x080084d1   Thumb Code   128  driver_liftmechanism.o(i.LM_Set_Current)
    Led_Toggle_Task                          0x0800856d   Thumb Code    30  freertos.o(i.Led_Toggle_Task)
    LiftMachanism_Control                    0x08008591   Thumb Code    20  driver_liftmechanism.o(i.LiftMachanism_Control)
    MPU6050_AverageFilter                    0x080085a5   Thumb Code   494  test_imu.o(i.MPU6050_AverageFilter)
    MPU6050_getMotion6                       0x08008799   Thumb Code   176  test_imu.o(i.MPU6050_getMotion6)
    MPU6500_Init                             0x08008855   Thumb Code    98  test_imu.o(i.MPU6500_Init)
    MPU6500_Read_Reg                         0x080088c5   Thumb Code    68  test_imu.o(i.MPU6500_Read_Reg)
    MPU6500_Read_Regs                        0x08008919   Thumb Code    80  test_imu.o(i.MPU6500_Read_Regs)
    MPU6500_Write_Reg                        0x0800897d   Thumb Code    72  test_imu.o(i.MPU6500_Write_Reg)
    MX_CAN1_Init                             0x080089d5   Thumb Code   166  bsp_can.o(i.MX_CAN1_Init)
    MX_CAN2_Init                             0x08008aa9   Thumb Code   168  bsp_can.o(i.MX_CAN2_Init)
    MX_DMA_Init                              0x08008b7d   Thumb Code    66  bsp_dma.o(i.MX_DMA_Init)
    MX_FREERTOS_Init                         0x08008bc5   Thumb Code   208  freertos.o(i.MX_FREERTOS_Init)
    MX_GPIO_Init                             0x08008cc1   Thumb Code   518  bsp_gpio.o(i.MX_GPIO_Init)
    MX_NVIC_Init                             0x08008eed   Thumb Code   164  bsp_nvic.o(i.MX_NVIC_Init)
    MX_SPI4_Init                             0x08008f91   Thumb Code    58  bsp_spi.o(i.MX_SPI4_Init)
    MX_SPI5_Init                             0x08008fe9   Thumb Code    66  bsp_spi.o(i.MX_SPI5_Init)
    MX_TIM3_Init                             0x08009049   Thumb Code   206  bsp_tim.o(i.MX_TIM3_Init)
    MX_TIM4_Init                             0x08009135   Thumb Code   150  bsp_tim.o(i.MX_TIM4_Init)
    MX_TIM8_Init                             0x080091e9   Thumb Code   254  bsp_tim.o(i.MX_TIM8_Init)
    MX_USART1_UART_Init                      0x08009305   Thumb Code    74  bsp_usart.o(i.MX_USART1_UART_Init)
    MX_USART2_UART_Init                      0x08009375   Thumb Code    76  bsp_usart.o(i.MX_USART2_UART_Init)
    MX_USART6_UART_Init                      0x080093e1   Thumb Code    76  bsp_usart.o(i.MX_USART6_UART_Init)
    Manipulator_Control                      0x0800944d   Thumb Code    24  driver_manipulator.o(i.Manipulator_Control)
    MemManage_Handler                        0x08009465   Thumb Code     4  stm32f4xx_it.o(i.MemManage_Handler)
    NMI_Handler                              0x08009469   Thumb Code     2  stm32f4xx_it.o(i.NMI_Handler)
    OperateModeSelect                        0x080094a5   Thumb Code   668  statusmachine.o(i.OperateModeSelect)
    PID_Calc                                 0x08009789   Thumb Code  1298  driverlib_pid.o(i.PID_Calc)
    PID_Reset                                0x08009cc5   Thumb Code    52  driverlib_pid.o(i.PID_Reset)
    PID_Task                                 0x08009cfd   Thumb Code    48  driverlib_pid.o(i.PID_Task)
    RampCalc                                 0x08009d2d   Thumb Code    42  driverlib_ramp.o(i.RampCalc)
    RampInit                                 0x08009d57   Thumb Code     2  driverlib_ramp.o(i.RampInit)
    RampIsOverflow                           0x08009d59   Thumb Code    18  driverlib_ramp.o(i.RampIsOverflow)
    RampResetCounter                         0x08009d6b   Thumb Code     6  driverlib_ramp.o(i.RampResetCounter)
    RampSetCounter                           0x08009d71   Thumb Code     4  driverlib_ramp.o(i.RampSetCounter)
    RampSetScale                             0x08009d75   Thumb Code     4  driverlib_ramp.o(i.RampSetScale)
    RemoteDataProcess                        0x08009d79   Thumb Code   218  driver_remote.o(i.RemoteDataProcess)
    RemoteTaskInit                           0x08009e59   Thumb Code    16  driver_remote.o(i.RemoteTaskInit)
    Remote_CheckJumpKey                      0x08009e6d   Thumb Code    18  driver_remote.o(i.Remote_CheckJumpKey)
    Reset_Error_Flag                         0x08009e85   Thumb Code    16  supervisetask.o(i.Reset_Error_Flag)
    Set_Error_Flag                           0x08009f6d   Thumb Code    16  supervisetask.o(i.Set_Error_Flag)
    StatusMachine                            0x08009f81   Thumb Code    24  statusmachine.o(i.StatusMachine)
    StatusMachine_Init                       0x08009f99   Thumb Code    22  statusmachine.o(i.StatusMachine_Init)
    StatusMachine_Update                     0x08009fbd   Thumb Code    20  statusmachine.o(i.StatusMachine_Update)
    SteerAngleSet                            0x08009fd1   Thumb Code   182  driver_imagesensor.o(i.SteerAngleSet)
    Superviese_Task                          0x0800a09d   Thumb Code    14  supervisetask.o(i.Superviese_Task)
    SysTick_Handler                          0x0800a0ab   Thumb Code     8  stm32f4xx_it.o(i.SysTick_Handler)
    SystemClock_Config                       0x0800a0b5   Thumb Code   198  main.o(i.SystemClock_Config)
    SystemInit                               0x0800a195   Thumb Code    82  system_stm32f4xx.o(i.SystemInit)
    TIM2_IRQHandler                          0x0800a1f9   Thumb Code    10  stm32f4xx_it.o(i.TIM2_IRQHandler)
    TIM_Base_SetConfig                       0x0800a209   Thumb Code   184  stm32f4xx_hal_tim.o(i.TIM_Base_SetConfig)
    TIM_CCxChannelCmd                        0x0800a2ed   Thumb Code    28  stm32f4xx_hal_tim.o(i.TIM_CCxChannelCmd)
    TIM_OC2_SetConfig                        0x0800a391   Thumb Code   112  stm32f4xx_hal_tim.o(i.TIM_OC2_SetConfig)
    Task_Monitor                             0x0800a5dd   Thumb Code   434  supervisetask.o(i.Task_Monitor)
    USART1_IRQHandler                        0x0800ac21   Thumb Code    92  stm32f4xx_it.o(i.USART1_IRQHandler)
    USART2_IRQHandler                        0x0800ac8d   Thumb Code    76  stm32f4xx_it.o(i.USART2_IRQHandler)
    USART6_IRQHandler                        0x0800ace5   Thumb Code    96  stm32f4xx_it.o(i.USART6_IRQHandler)
    UpIsland_Init                            0x0800ad55   Thumb Code    16  statusmachine.o(i.UpIsland_Init)
    UsageFault_Handler                       0x0800ad71   Thumb Code     4  stm32f4xx_it.o(i.UsageFault_Handler)
    Verify_CRC16_Check_Sum                   0x0800ad75   Thumb Code    60  data_judge.o(i.Verify_CRC16_Check_Sum)
    Verify_CRC8_Check_Sum                    0x0800adb5   Thumb Code    46  data_judge.o(i.Verify_CRC8_Check_Sum)
    WorkStateUpdate                          0x0800ae0d   Thumb Code   180  statusmachine.o(i.WorkStateUpdate)
    _Error_Handler                           0x0800aed1   Thumb Code     4  main.o(i._Error_Handler)
    __ARM_fpclassify                         0x0800aed5   Thumb Code    48  fpclassify.o(i.__ARM_fpclassify)
    __hardfp_asin                            0x0800af09   Thumb Code   770  asin.o(i.__hardfp_asin)
    __hardfp_atan                            0x0800b269   Thumb Code   622  atan.o(i.__hardfp_atan)
    __hardfp_atan2                           0x0800b541   Thumb Code   432  atan2.o(i.__hardfp_atan2)
    __hardfp_cos                             0x0800b731   Thumb Code   180  cos.o(i.__hardfp_cos)
    __hardfp_fabs                            0x0800b7f9   Thumb Code    20  fabs.o(i.__hardfp_fabs)
    __hardfp_sin                             0x0800b811   Thumb Code   180  sin.o(i.__hardfp_sin)
    __hardfp_sqrt                            0x0800b8d9   Thumb Code   122  sqrt.o(i.__hardfp_sqrt)
    __ieee754_rem_pio2                       0x0800b959   Thumb Code   938  rred.o(i.__ieee754_rem_pio2)
    __kernel_cos                             0x0800bd91   Thumb Code   322  cos_i.o(i.__kernel_cos)
    __kernel_poly                            0x0800bf01   Thumb Code   248  poly.o(i.__kernel_poly)
    __kernel_sin                             0x0800bff9   Thumb Code   280  sin_i.o(i.__kernel_sin)
    __mathlib_dbl_infnan                     0x0800c129   Thumb Code    20  dunder.o(i.__mathlib_dbl_infnan)
    __mathlib_dbl_infnan2                    0x0800c13d   Thumb Code    20  dunder.o(i.__mathlib_dbl_infnan2)
    __mathlib_dbl_invalid                    0x0800c151   Thumb Code    24  dunder.o(i.__mathlib_dbl_invalid)
    __mathlib_dbl_underflow                  0x0800c171   Thumb Code    24  dunder.o(i.__mathlib_dbl_underflow)
    __scatterload_copy                       0x0800c191   Thumb Code    14  handlers.o(i.__scatterload_copy)
    __scatterload_null                       0x0800c19f   Thumb Code     2  handlers.o(i.__scatterload_null)
    __scatterload_zeroinit                   0x0800c1a1   Thumb Code    14  handlers.o(i.__scatterload_zeroinit)
    __set_errno                              0x0800c1b1   Thumb Code     6  errno.o(i.__set_errno)
    atan                                     0x0800c1bd   Thumb Code    16  atan.o(i.atan)
    bufferPop                                0x0800c1cd   Thumb Code    50  bsp_data.o(i.bufferPop)
    bufferPush                               0x0800c1ff   Thumb Code    52  bsp_data.o(i.bufferPush)
    buffer_multiPop                          0x0800c233   Thumb Code    40  bsp_data.o(i.buffer_multiPop)
    bufferlen                                0x0800c25b   Thumb Code    24  bsp_data.o(i.bufferlen)
    fabs                                     0x0800c273   Thumb Code    24  fabs.o(i.fabs)
    get_measure                              0x0800c28d   Thumb Code   148  canbustask.o(i.get_measure)
    invSqrt                                  0x0800c329   Thumb Code    56  imu.o(i.invSqrt)
    main                                     0x0800c365   Thumb Code    56  main.o(i.main)
    osDelayUntil                             0x0800c3b3   Thumb Code    28  cmsis_os.o(i.osDelayUntil)
    osKernelStart                            0x0800c3cf   Thumb Code    10  cmsis_os.o(i.osKernelStart)
    osMessageCreate                          0x0800c3d9   Thumb Code    18  cmsis_os.o(i.osMessageCreate)
    osMutexCreate                            0x0800c3eb   Thumb Code    12  cmsis_os.o(i.osMutexCreate)
    osRecursiveMutexCreate                   0x0800c3f7   Thumb Code    12  cmsis_os.o(i.osRecursiveMutexCreate)
    osSemaphoreCreate                        0x0800c403   Thumb Code    50  cmsis_os.o(i.osSemaphoreCreate)
    osSystickHandler                         0x0800c435   Thumb Code    16  cmsis_os.o(i.osSystickHandler)
    osThreadCreate                           0x0800c445   Thumb Code    48  cmsis_os.o(i.osThreadCreate)
    pvPortMalloc                             0x0800ca4d   Thumb Code   296  heap_4.o(i.pvPortMalloc)
    pxPortInitialiseStack                    0x0800cb89   Thumb Code    38  port.o(i.pxPortInitialiseStack)
    sqrt                                     0x0800cbb5   Thumb Code   110  sqrt.o(i.sqrt)
    stick1_action                            0x0800cc25   Thumb Code   132  driver_remote.o(i.stick1_action)
    stick1_change                            0x0800ccc9   Thumb Code    58  driver_remote.o(i.stick1_change)
    uxListRemove                             0x0800cd0d   Thumb Code    40  list.o(i.uxListRemove)
    uxTaskGetStackHighWaterMark              0x0800cd35   Thumb Code    34  tasks.o(i.uxTaskGetStackHighWaterMark)
    vListInitialise                          0x0800cd5d   Thumb Code    26  list.o(i.vListInitialise)
    vListInitialiseItem                      0x0800cd77   Thumb Code     6  list.o(i.vListInitialiseItem)
    vListInsert                              0x0800cd7d   Thumb Code    52  list.o(i.vListInsert)
    vListInsertEnd                           0x0800cdb1   Thumb Code    24  list.o(i.vListInsertEnd)
    vPortEnterCritical                       0x0800cdc9   Thumb Code    76  port.o(i.vPortEnterCritical)
    vPortExitCritical                        0x0800ce1d   Thumb Code    56  port.o(i.vPortExitCritical)
    vPortFree                                0x0800ce59   Thumb Code   140  heap_4.o(i.vPortFree)
    vPortSetupTimerInterrupt                 0x0800ceed   Thumb Code    26  port.o(i.vPortSetupTimerInterrupt)
    vTaskDelayUntil                          0x0800cf0d   Thumb Code   200  tasks.o(i.vTaskDelayUntil)
    vTaskMissedYield                         0x0800cfe1   Thumb Code     8  tasks.o(i.vTaskMissedYield)
    vTaskPlaceOnEventList                    0x0800cfed   Thumb Code    52  tasks.o(i.vTaskPlaceOnEventList)
    vTaskSetTimeOutState                     0x0800d025   Thumb Code    38  tasks.o(i.vTaskSetTimeOutState)
    vTaskStartScheduler                      0x0800d055   Thumb Code   108  tasks.o(i.vTaskStartScheduler)
    vTaskSuspendAll                          0x0800d0dd   Thumb Code    12  tasks.o(i.vTaskSuspendAll)
    vTaskSwitchContext                       0x0800d0ed   Thumb Code   118  tasks.o(i.vTaskSwitchContext)
    xPortStartScheduler                      0x0800d179   Thumb Code   288  port.o(i.xPortStartScheduler)
    xPortSysTickHandler                      0x0800d2b5   Thumb Code    46  port.o(i.xPortSysTickHandler)
    xQueueCreateCountingSemaphore            0x0800d2e9   Thumb Code    92  queue.o(i.xQueueCreateCountingSemaphore)
    xQueueCreateMutex                        0x0800d345   Thumb Code    34  queue.o(i.xQueueCreateMutex)
    xQueueGenericCreate                      0x0800d367   Thumb Code    88  queue.o(i.xQueueGenericCreate)
    xQueueGenericReset                       0x0800d3c1   Thumb Code   146  queue.o(i.xQueueGenericReset)
    xQueueGenericSend                        0x0800d459   Thumb Code   420  queue.o(i.xQueueGenericSend)
    xTaskCheckForTimeOut                     0x0800d601   Thumb Code   132  tasks.o(i.xTaskCheckForTimeOut)
    xTaskCreate                              0x0800d68d   Thumb Code    96  tasks.o(i.xTaskCreate)
    xTaskGetSchedulerState                   0x0800d6ed   Thumb Code    24  tasks.o(i.xTaskGetSchedulerState)
    xTaskGetTickCount                        0x0800d70d   Thumb Code     6  tasks.o(i.xTaskGetTickCount)
    xTaskIncrementTick                       0x0800d719   Thumb Code   282  tasks.o(i.xTaskIncrementTick)
    xTaskPriorityDisinherit                  0x0800d861   Thumb Code   188  tasks.o(i.xTaskPriorityDisinherit)
    xTaskRemoveFromEventList                 0x0800d929   Thumb Code   128  tasks.o(i.xTaskRemoveFromEventList)
    xTaskResumeAll                           0x0800d9c1   Thumb Code   224  tasks.o(i.xTaskResumeAll)
    CRC8_INIT                                0x0800db30   Data           1  data_judge.o(.constdata)
    CRC8_TAB                                 0x0800db31   Data         256  data_judge.o(.constdata)
    wCRC_Table                               0x0800dc32   Data         512  data_judge.o(.constdata)
    AHBPrescTable                            0x0800de32   Data          16  system_stm32f4xx.o(.constdata)
    APBPrescTable                            0x0800de42   Data           8  system_stm32f4xx.o(.constdata)
    __mathlib_zero                           0x0800df88   Data           8  qnan.o(.constdata)
    Region$$Table$$Base                      0x0800e0c4   Number         0  anon$$obj.o(Region$$Table)
    Region$$Table$$Limit                     0x0800e0e4   Number         0  anon$$obj.o(Region$$Table)
    MovementEndFlag                          0x20000000   Data           2  statusmachine.o(.data)
    WorkState                                0x20000002   Data           1  statusmachine.o(.data)
    LastWorkState                            0x20000003   Data           1  statusmachine.o(.data)
    OperateMode                              0x20000004   Data           1  statusmachine.o(.data)
    AutoMovement                             0x20000005   Data           1  statusmachine.o(.data)
    key_b_cnt                                0x20000006   Data           1  statusmachine.o(.data)
    key_b_cnt_last                           0x20000007   Data           1  statusmachine.o(.data)
    count1                                   0x20000008   Data           4  stm32f4xx_it.o(.data)
    count2                                   0x2000000c   Data           4  stm32f4xx_it.o(.data)
    EXTI1_IT_count                           0x20000010   Data           2  stm32f4xx_it.o(.data)
    SHOOT_COUNT                              0x20000014   Data           4  stm32f4xx_it.o(.data)
    time_tick_1ms                            0x20000018   Data           4  controltask.o(.data)
    lost_err                                 0x2000001c   Data           4  supervisetask.o(.data)
    lost_counter_max                         0x20000020   Data          20  supervisetask.o(.data)
    DBUSFrameRate                            0x20000034   Data           2  supervisetask.o(.data)
    DBUSFrameCounter                         0x20000036   Data           2  supervisetask.o(.data)
    ChassisFrameRate                         0x20000038   Data           8  supervisetask.o(.data)
    ChassisFrameCounter                      0x20000040   Data           8  supervisetask.o(.data)
    GuideMotorFrameRate                      0x20000048   Data           4  supervisetask.o(.data)
    GuideMotorFrameCounter                   0x2000004c   Data           4  supervisetask.o(.data)
    MoveArmMotorFrameRate                    0x20000050   Data           2  supervisetask.o(.data)
    MoveArmMotorFrameCounter                 0x20000052   Data           2  supervisetask.o(.data)
    FlipArmMotorFrameRate                    0x20000054   Data           2  supervisetask.o(.data)
    FlipArmMotorFrameCounter                 0x20000056   Data           2  supervisetask.o(.data)
    CAN_Send_FrameRate                       0x20000058   Data           2  supervisetask.o(.data)
    CAN_Send_FrameCounter                    0x2000005a   Data           2  supervisetask.o(.data)
    CAN_RS_FrameRate                         0x2000005c   Data           2  supervisetask.o(.data)
    CAN_RS_FrameCounter                      0x2000005e   Data           2  supervisetask.o(.data)
    CAN_Res_FrameRate                        0x20000060   Data           2  supervisetask.o(.data)
    CAN_Res_FrameCounter                     0x20000062   Data           2  supervisetask.o(.data)
    UART2FrameRate                           0x20000064   Data           2  supervisetask.o(.data)
    UART2FrameCounter                        0x20000066   Data           2  supervisetask.o(.data)
    IMUFrameRate                             0x20000068   Data           2  supervisetask.o(.data)
    IMUFrameCounter                          0x2000006a   Data           2  supervisetask.o(.data)
    Control_Stack                            0x2000006c   Data           4  supervisetask.o(.data)
    CANSend_Stack                            0x20000070   Data           4  supervisetask.o(.data)
    SuperviseTask_Stack                      0x20000074   Data           4  supervisetask.o(.data)
    Led_ToggleHandle                         0x20000078   Data           4  freertos.o(.data)
    Can_SendHandle                           0x2000007c   Data           4  freertos.o(.data)
    Task_ControlHandle                       0x20000080   Data           4  freertos.o(.data)
    Status_UpdateHandle                      0x20000084   Data           4  freertos.o(.data)
    Superviese_TaskHandle                    0x20000088   Data           4  freertos.o(.data)
    myQueue01Handle                          0x2000008c   Data           4  freertos.o(.data)
    myMutex01Handle                          0x20000090   Data           4  freertos.o(.data)
    myRecursiveMutex01Handle                 0x20000094   Data           4  freertos.o(.data)
    myBinarySem01Handle                      0x20000098   Data           4  freertos.o(.data)
    myCountingSem01Handle                    0x2000009c   Data           4  freertos.o(.data)
    LCM1SpeedPID                             0x200000a0   Data          81  driverlib_pid.o(.data)
    LCM2SpeedPID                             0x200000f1   Data          81  driverlib_pid.o(.data)
    LCM3SpeedPID                             0x20000142   Data          81  driverlib_pid.o(.data)
    LCM4SpeedPID                             0x20000193   Data          81  driverlib_pid.o(.data)
    LCM5SpeedPID                             0x200001e4   Data          81  driverlib_pid.o(.data)
    LCM6SpeedPID                             0x20000235   Data          81  driverlib_pid.o(.data)
    LCM1PositionPID                          0x20000286   Data          81  driverlib_pid.o(.data)
    LCM2PositionPID                          0x200002d7   Data          81  driverlib_pid.o(.data)
    LCM3PositionPID                          0x20000328   Data          81  driverlib_pid.o(.data)
    LCM4PositionPID                          0x20000379   Data          81  driverlib_pid.o(.data)
    LCM5PositionPID                          0x200003ca   Data          81  driverlib_pid.o(.data)
    LCM6PositionPID                          0x2000041b   Data          81  driverlib_pid.o(.data)
    AMRotatePositionPID                      0x2000046c   Data          81  driverlib_pid.o(.data)
    AMMovePositionPID                        0x200004bd   Data          81  driverlib_pid.o(.data)
    CMRotatePID                              0x2000050e   Data          81  driverlib_pid.o(.data)
    CM1SpeedPID                              0x2000055f   Data          81  driverlib_pid.o(.data)
    CM2SpeedPID                              0x200005b0   Data          81  driverlib_pid.o(.data)
    CM3SpeedPID                              0x20000601   Data          81  driverlib_pid.o(.data)
    CM4SpeedPID                              0x20000652   Data          81  driverlib_pid.o(.data)
    AMRotatePID                              0x200006a3   Data          81  driverlib_pid.o(.data)
    AMMovePID                                0x200006f4   Data          81  driverlib_pid.o(.data)
    GM1SpeedPID                              0x20000745   Data          81  driverlib_pid.o(.data)
    GM2SpeedPID                              0x20000796   Data          81  driverlib_pid.o(.data)
    deltaKpMatrix                            0x200007e8   Data         196  driverlib_pid.o(.data)
    deltaKiMatrix                            0x200008ac   Data         196  driverlib_pid.o(.data)
    deltaKdMatrix                            0x20000970   Data         196  driverlib_pid.o(.data)
    EC                                       0x20000a34   Data           4  driverlib_pid.o(.data)
    E                                        0x20000a38   Data           4  driverlib_pid.o(.data)
    E_Index                                  0x20000a3c   Data           4  driverlib_pid.o(.data)
    EC_Index                                 0x20000a40   Data           4  driverlib_pid.o(.data)
    E_Max                                    0x20000a44   Data           4  driverlib_pid.o(.data)
    EC_Max                                   0x20000a48   Data           4  driverlib_pid.o(.data)
    E_Min                                    0x20000a4c   Data           4  driverlib_pid.o(.data)
    EC_Min                                   0x20000a50   Data           4  driverlib_pid.o(.data)
    LRSpeedRamp                              0x20000a60   Data          36  driverlib_ramp.o(.data)
    FBSpeedRamp                              0x20000a84   Data          36  driverlib_ramp.o(.data)
    can_count                                0x20000aa8   Data           4  canbustask.o(.data)
    TxMailFreeNum                            0x20000aac   Data           4  canbustask.o(.data)
    aa                                       0x20000ab0   Data           2  canbustask.o(.data)
    bb                                       0x20000ab2   Data           2  canbustask.o(.data)
    PC_Data                                  0x20000ab4   Data           8  data_minipc.o(.data)
    Mini_Pc_Data                             0x20000abc   Data           3  data_minipc.o(.data)
    CRC_INIT                                 0x20000ac0   Data           2  data_judge.o(.data)
    hwei                                     0x20000ac2   Data           2  data_judge.o(.data)
    lwei                                     0x20000ac4   Data           2  data_judge.o(.data)
    CmdID                                    0x20000ac6   Data           2  data_judge.o(.data)
    LiftMechanismMode                        0x20000acc   Data           1  driver_liftmechanism.o(.data)
    BeltMotorSpeedRef                        0x20000ace   Data           8  driver_liftmechanism.o(.data)
    LiftAngleRef                             0x20000ad6   Data           2  driver_liftmechanism.o(.data)
    LM_SPEED_C                               0x20000ad8   Data           4  driver_liftmechanism.o(.data)
    lmkp                                     0x20000adc   Data           4  driver_liftmechanism.o(.data)
    flag_gcm                                 0x20000ae0   Data           1  driver_liftmechanism.o(.data)
    angle_average                            0x20000ae4   Data           4  driver_liftmechanism.o(.data)
    temp                                     0x20000ae8   Data           4  driver_liftmechanism.o(.data)
    ChassisMode                              0x20000aec   Data           1  driver_chassis.o(.data)
    CM_SPEED_C                               0x20000af0   Data           4  driver_chassis.o(.data)
    CM_OMEGA_C                               0x20000af4   Data           4  driver_chassis.o(.data)
    Foward_C_flag                            0x20000af8   Data           1  driver_chassis.o(.data)
    Back_C_flag                              0x20000af9   Data           1  driver_chassis.o(.data)
    kk1                                      0x20000afa   Data           1  driver_chassis.o(.data)
    kk2                                      0x20000afb   Data           1  driver_chassis.o(.data)
    kk3                                      0x20000afc   Data           1  driver_chassis.o(.data)
    kk4                                      0x20000afd   Data           1  driver_chassis.o(.data)
    Foward_flag                              0x20000afe   Data           1  driver_chassis.o(.data)
    key_w_last                               0x20000aff   Data           1  driver_chassis.o(.data)
    key_w                                    0x20000b00   Data           1  driver_chassis.o(.data)
    time_X                                   0x20000b04   Data           4  driver_chassis.o(.data)
    chassis_stopflag                         0x20000b08   Data           1  driver_chassis.o(.data)
    cccddd                                   0x20000b0c   Data           4  driver_chassis.o(.data)
    angle_save                               0x20000b10   Data           4  driver_chassis.o(.data)
    tick_c_1                                 0x20000b14   Data           4  driver_chassis.o(.data)
    cm_timetick                              0x20000b18   Data           4  driver_chassis.o(.data)
    underpan_acc                             0x20000b1c   Data           2  driver_chassis.o(.data)
    lift_flag_again                          0x20000b1e   Data           1  driver_chassis.o(.data)
    flag_gcm_l                               0x20000b1f   Data           1  driver_chassis.o(.data)
    lift_flag_again1                         0x20000b20   Data           1  driver_chassis.o(.data)
    InputMode                                0x20000b2c   Data           1  driver_remote.o(.data)
    stick_store                              0x20000b2d   Data           1  driver_remote.o(.data)
    timetick2                                0x20000b30   Data           4  driver_remote.o(.data)
    timetick1                                0x20000b34   Data           4  driver_remote.o(.data)
    time_diff_1to3                           0x20000b38   Data           4  driver_remote.o(.data)
    time_diff_1to2                           0x20000b3c   Data           4  driver_remote.o(.data)
    S_switch                                 0x20000b40   Data           1  driver_remote.o(.data)
    Action_stick                             0x20000b41   Data           1  driver_remote.o(.data)
    Foward_G_flag                            0x20000b44   Data           1  driver_guidewheel.o(.data)
    Back_GW_flag                             0x20000b45   Data           1  driver_guidewheel.o(.data)
    GW_direction                             0x20000b46   Data           1  driver_guidewheel.o(.data)
    GW_Speed                                 0x20000b48   Data           2  driver_guidewheel.o(.data)
    GWSpeedRef                               0x20000b4a   Data           4  driver_guidewheel.o(.data)
    GWTimeGet                                0x20000b4e   Data           1  driver_guidewheel.o(.data)
    GWRunTime                                0x20000b50   Data           4  driver_guidewheel.o(.data)
    GuideWheelMode                           0x20000b54   Data           1  driver_guidewheel.o(.data)
    gmkp                                     0x20000b55   Data           1  driver_guidewheel.o(.data)
    GuideWheelSpeedRef                       0x20000b56   Data           1  driver_guidewheel.o(.data)
    ref_n                                    0x20000b58   Data           2  driver_guidewheel.o(.data)
    InfraredState_back                       0x20000b5a   Data           2  driver_sensor.o(.data)
    InfraredState_front                      0x20000b5c   Data           2  driver_sensor.o(.data)
    Arm_OperateMode                          0x20000b60   Data           1  driver_manipulator.o(.data)
    arm_move_i                               0x20000b61   Data           1  driver_manipulator.o(.data)
    Arm_Fetch_Egg                            0x20000b62   Data          40  driver_manipulator.o(.data)
    Arm_Fetch_Egg2                           0x20000b8a   Data          40  driver_manipulator.o(.data)
    Arm_Pull_I_Egg                           0x20000bb2   Data          40  driver_manipulator.o(.data)
    Arm_Fetch_I_Egg                          0x20000bda   Data          40  driver_manipulator.o(.data)
    ARM_RotateMotorRefAngle                  0x20000c04   Data           4  driver_manipulator.o(.data)
    ARM_LiftMotorRefAngle                    0x20000c08   Data           4  driver_manipulator.o(.data)
    ARM_TransMotorRefAngle                   0x20000c0c   Data           4  driver_manipulator.o(.data)
    AM_SPEED_C                               0x20000c10   Data           4  driver_manipulator.o(.data)
    ARM_LiftMotorRefSpeed                    0x20000c14   Data           4  driver_manipulator.o(.data)
    ARM_MoveMotorRefSpeed                    0x20000c18   Data           4  driver_manipulator.o(.data)
    CM_AngleMark                             0x20000c1c   Data           4  driver_manipulator.o(.data)
    time_mark_fb                             0x20000c20   Data           4  driver_manipulator.o(.data)
    time_mark_bf                             0x20000c24   Data           4  driver_manipulator.o(.data)
    arm_average_angle                        0x20000c28   Data           4  driver_manipulator.o(.data)
    time_tick_arm                            0x20000c2c   Data           2  driver_manipulator.o(.data)
    pinstate1                                0x20000c2e   Data           2  driver_manipulator.o(.data)
    Egg_Box_Held                             0x20000c30   Data           1  driver_manipulator.o(.data)
    last_arm_move_i                          0x20000c31   Data           1  driver_manipulator.o(.data)
    arm_time_mark                            0x20000c34   Data           4  driver_manipulator.o(.data)
    chm_kp                                   0x20000c38   Data           4  driver_manipulator.o(.data)
    pos_kp                                   0x20000c3c   Data           4  driver_manipulator.o(.data)
    arm_output_c                             0x20000c40   Data           4  driver_manipulator.o(.data)
    rotate_pos_kp                            0x20000c44   Data          20  driver_manipulator.o(.data)
    rotate_speed_kp                          0x20000c58   Data          20  driver_manipulator.o(.data)
    ref_nnn                                  0x20000c6c   Data           4  driver_manipulator.o(.data)
    arm_output                               0x20000c70   Data           4  driver_manipulator.o(.data)
    channel                                  0x20000c74   Data           4  driver_manipulator.o(.data)
    mod3                                     0x20000c80   Data           4  driver_imagesensor.o(.data)
    SteerAngleRef                            0x20000c84   Data           4  driver_imagesensor.o(.data)
    image_anglekey                           0x20000c88   Data           1  driver_imagesensor.o(.data)
    image_anglekeylast                       0x20000c89   Data           1  driver_imagesensor.o(.data)
    SystemCoreClock                          0x20000c8c   Data           4  system_stm32f4xx.o(.data)
    MPUGyroX_Offset                          0x20000c90   Data           4  test_imu.o(.data)
    MPUGyroY_Offset                          0x20000c94   Data           4  test_imu.o(.data)
    MPUGyroZ_Offset                          0x20000c98   Data           4  test_imu.o(.data)
    MPU_id                                   0x20000c9c   Data           1  test_imu.o(.data)
    isMPU6050_is_DRY                         0x20000c9d   Data           1  test_imu.o(.data)
    exInt                                    0x20000cb4   Data           4  imu.o(.data)
    eyInt                                    0x20000cb8   Data           4  imu.o(.data)
    ezInt                                    0x20000cbc   Data           4  imu.o(.data)
    q0                                       0x20000cc0   Data           4  imu.o(.data)
    q1                                       0x20000cc4   Data           4  imu.o(.data)
    q2                                       0x20000cc8   Data           4  imu.o(.data)
    q3                                       0x20000ccc   Data           4  imu.o(.data)
    lastUpdate                               0x20000cf4   Data           4  imu.o(.data)
    now                                      0x20000cf8   Data           4  imu.o(.data)
    yaw_temp                                 0x20000cfc   Data           4  imu.o(.data)
    pitch_temp                               0x20000d00   Data           4  imu.o(.data)
    roll_temp                                0x20000d04   Data           4  imu.o(.data)
    last_yaw_temp                            0x20000d08   Data           4  imu.o(.data)
    last_pitch_temp                          0x20000d0c   Data           4  imu.o(.data)
    last_roll_temp                           0x20000d10   Data           4  imu.o(.data)
    yaw_angle                                0x20000d14   Data           4  imu.o(.data)
    pitch_angle                              0x20000d18   Data           4  imu.o(.data)
    roll_angle                               0x20000d1c   Data           4  imu.o(.data)
    aaa                                      0x20000d24   Data           4  imu.o(.data)
    imu_flag                                 0x20000d28   Data           1  imu.o(.data)
    uwTick                                   0x20000d40   Data           4  stm32f4xx_hal.o(.data)
    uwTickPrio                               0x20000d44   Data           4  stm32f4xx_hal.o(.data)
    uwTickFreq                               0x20000d48   Data           1  stm32f4xx_hal.o(.data)
    pxCurrentTCB                             0x20000d70   Data           4  tasks.o(.data)
    Que_MiniPC                               0x20000db0   Data         504  bsp_data.o(.bss)
    Que_JudgeFrame                           0x20000fa8   Data         504  bsp_data.o(.bss)
    Que_USART3_Tx                            0x200011a0   Data         504  bsp_data.o(.bss)
    Que_CAN1_Tx                              0x20001398   Data         644  bsp_data.o(.bss)
    Que_CAN2_Tx                              0x2000161c   Data         644  bsp_data.o(.bss)
    TurntableEncoder                         0x200018a0   Data          68  canbustask.o(.bss)
    Chassis_Motor1_Measure                   0x200018e4   Data          20  canbustask.o(.bss)
    Chassis_Motor2_Measure                   0x200018f8   Data          20  canbustask.o(.bss)
    Chassis_Motor3_Measure                   0x2000190c   Data          20  canbustask.o(.bss)
    Chassis_Motor4_Measure                   0x20001920   Data          20  canbustask.o(.bss)
    LiftChain_Motor1_Measure                 0x20001934   Data          20  canbustask.o(.bss)
    LiftChain_Motor2_Measure                 0x20001948   Data          20  canbustask.o(.bss)
    LiftChain_Motor3_Measure                 0x2000195c   Data          20  canbustask.o(.bss)
    LiftChain_Motor4_Measure                 0x20001970   Data          20  canbustask.o(.bss)
    LiftChain_Motor5_Measure                 0x20001984   Data          20  canbustask.o(.bss)
    LiftChain_Motor6_Measure                 0x20001998   Data          20  canbustask.o(.bss)
    Guide_Motor1_Measure                     0x200019ac   Data          20  canbustask.o(.bss)
    Guide_Motor2_Measure                     0x200019c0   Data          20  canbustask.o(.bss)
    FlipArm_Motor_Measure                    0x200019d4   Data          20  canbustask.o(.bss)
    MoveArm_Motor_Measure                    0x200019e8   Data          20  canbustask.o(.bss)
    Data_Rc_Judge                            0x200019fc   Data          72  data_judge.o(.bss)
    frame_temp                               0x20001a44   Data          50  data_judge.o(.bss)
    InterJudgeInfo                           0x20001a76   Data         137  data_judge.o(.bss)
    InterData_Judge                          0x20001aff   Data          13  data_judge.o(.bss)
    ChassisData                              0x20001b0c   Data          20  driver_chassis.o(.bss)
    RC_CtrlData                              0x20001b20   Data          22  driver_remote.o(.bss)
    Arm_Move                                 0x20001b36   Data          40  driver_manipulator.o(.bss)
    CAN1_Receive                             0x20001b60   Data          36  bsp_can.o(.bss)
    CAN1_ReadyToSend                         0x20001b84   Data          32  bsp_can.o(.bss)
    CAN1_ReallySend                          0x20001ba4   Data          32  bsp_can.o(.bss)
    CAN2_Receive                             0x20001bc4   Data          36  bsp_can.o(.bss)
    CAN2_ReadyToSend                         0x20001be8   Data          32  bsp_can.o(.bss)
    CAN2_ReallySend                          0x20001c08   Data          32  bsp_can.o(.bss)
    CAN2_Filter                              0x20001c28   Data          40  bsp_can.o(.bss)
    hcan2                                    0x20001c50   Data          40  bsp_can.o(.bss)
    CAN1_Filter                              0x20001c78   Data          40  bsp_can.o(.bss)
    hcan1                                    0x20001ca0   Data          40  bsp_can.o(.bss)
    hdma_uart7_rx                            0x20001cc8   Data          96  bsp_spi.o(.bss)
    hdma_spi4_rx                             0x20001d28   Data          96  bsp_spi.o(.bss)
    hdma_spi4_tx                             0x20001d88   Data          96  bsp_spi.o(.bss)
    hspi4                                    0x20001de8   Data          88  bsp_spi.o(.bss)
    hspi5                                    0x20001e40   Data          88  bsp_spi.o(.bss)
    htim3                                    0x20001e98   Data          60  bsp_tim.o(.bss)
    htim4                                    0x20001ed4   Data          60  bsp_tim.o(.bss)
    htim8                                    0x20001f10   Data          60  bsp_tim.o(.bss)
    UART2_RXBUFF                             0x20001f4c   Data          40  bsp_usart.o(.bss)
    huart1                                   0x20001f74   Data          64  bsp_usart.o(.bss)
    huart2                                   0x20001fb4   Data          64  bsp_usart.o(.bss)
    huart6                                   0x20001ff4   Data          64  bsp_usart.o(.bss)
    hdma_usart1_rx                           0x20002034   Data          96  bsp_usart.o(.bss)
    hdma_usart2_rx                           0x20002094   Data          96  bsp_usart.o(.bss)
    hdma_usart6_rx                           0x200020f4   Data          96  bsp_usart.o(.bss)
    hdma_usart6_tx                           0x20002154   Data          96  bsp_usart.o(.bss)
    UART1_RXBUFF                             0x200021b4   Data         100  bsp_usart.o(.bss)
    UART6_RXBUFF                             0x20002218   Data         100  bsp_usart.o(.bss)
    htim2                                    0x2000227c   Data          60  stm32f4xx_hal_timebase_tim.o(.bss)
    MagMaxMinData                            0x200022b8   Data          12  test_imu.o(.bss)
    MPU6050_Raw_Data                         0x200022c4   Data          20  test_imu.o(.bss)
    MPU6050_Real_Data                        0x200022d8   Data          40  test_imu.o(.bss)
    MPU6050_FIFO                             0x20002300   Data         132  test_imu.o(.bss)
    imu_data                                 0x20002384   Data          20  test_imu.o(.bss)
    imu_data_offest                          0x20002398   Data          20  test_imu.o(.bss)
    mygetqval                                0x200023ac   Data          36  imu.o(.bss)
    angle                                    0x200023e0   Data          12  imu.o(.bss)
    __initial_sp                             0x200064e0   Data           0  startup_stm32f427xx.o(STACK)



==============================================================================

Memory Map of the image

  Image Entry point : 0x080001ad

  Load Region LR_IROM1 (Base: 0x08000000, Size: 0x0000ee94, Max: 0x00200000, ABSOLUTE, COMPRESSED[0x0000e25c])

    Execution Region ER_IROM1 (Base: 0x08000000, Size: 0x0000e0e4, Max: 0x00200000, ABSOLUTE)

    Base Addr    Size         Type   Attr      Idx    E Section Name        Object

    0x08000000   0x000001ac   Data   RO          728    RESET               startup_stm32f427xx.o
    0x080001ac   0x00000000   Code   RO         7510  * .ARM.Collect$$$$00000000  mc_w.l(entry.o)
    0x080001ac   0x00000004   Code   RO         7586    .ARM.Collect$$$$00000001  mc_w.l(entry2.o)
    0x080001b0   0x00000004   Code   RO         7589    .ARM.Collect$$$$00000004  mc_w.l(entry5.o)
    0x080001b4   0x00000000   Code   RO         7591    .ARM.Collect$$$$00000008  mc_w.l(entry7b.o)
    0x080001b4   0x00000000   Code   RO         7593    .ARM.Collect$$$$0000000A  mc_w.l(entry8b.o)
    0x080001b4   0x00000008   Code   RO         7594    .ARM.Collect$$$$0000000B  mc_w.l(entry9a.o)
    0x080001bc   0x00000000   Code   RO         7596    .ARM.Collect$$$$0000000D  mc_w.l(entry10a.o)
    0x080001bc   0x00000000   Code   RO         7598    .ARM.Collect$$$$0000000F  mc_w.l(entry11a.o)
    0x080001bc   0x00000004   Code   RO         7587    .ARM.Collect$$$$00002712  mc_w.l(entry2.o)
    0x080001c0   0x000000ba   Code   RO         6381    .emb_text           port.o
    0x0800027a   0x00000002   PAD
    0x0800027c   0x00000024   Code   RO          729    .text               startup_stm32f427xx.o
    0x080002a0   0x00000062   Code   RO         7513    .text               mc_w.l(uldiv.o)
    0x08000302   0x00000024   Code   RO         7515    .text               mc_w.l(memcpya.o)
    0x08000326   0x00000024   Code   RO         7517    .text               mc_w.l(memseta.o)
    0x0800034a   0x0000014e   Code   RO         7521    .text               mf_w.l(dadd.o)
    0x08000498   0x000000e4   Code   RO         7523    .text               mf_w.l(dmul.o)
    0x0800057c   0x000000de   Code   RO         7525    .text               mf_w.l(ddiv.o)
    0x0800065a   0x00000022   Code   RO         7529    .text               mf_w.l(dflti.o)
    0x0800067c   0x0000003e   Code   RO         7531    .text               mf_w.l(dfixi.o)
    0x080006ba   0x00000026   Code   RO         7533    .text               mf_w.l(f2d.o)
    0x080006e0   0x00000030   Code   RO         7535    .text               mf_w.l(cdrcmple.o)
    0x08000710   0x00000038   Code   RO         7537    .text               mf_w.l(d2f.o)
    0x08000748   0x0000001e   Code   RO         7600    .text               mc_w.l(llshl.o)
    0x08000766   0x00000020   Code   RO         7602    .text               mc_w.l(llushr.o)
    0x08000786   0x00000024   Code   RO         7604    .text               mc_w.l(llsshr.o)
    0x080007aa   0x00000000   Code   RO         7613    .text               mc_w.l(iusefp.o)
    0x080007aa   0x0000006e   Code   RO         7614    .text               mf_w.l(fepilogue.o)
    0x08000818   0x000000ba   Code   RO         7616    .text               mf_w.l(depilogue.o)
    0x080008d2   0x000000a2   Code   RO         7618    .text               mf_w.l(dsqrt.o)
    0x08000974   0x00000024   Code   RO         7622    .text               mc_w.l(init.o)
    0x08000998   0x0000001a   Code   RO         7624    .text               mf_w.l(dfltui.o)
    0x080009b2   0x00000056   Code   RO         7634    .text               mc_w.l(__dczerorl2.o)
    0x08000a08   0x00000030   Code   RO         1090    i.Append_CRC16_Check_Sum  data_judge.o
    0x08000a38   0x00000024   Code   RO         1091    i.Append_CRC8_Check_Sum  data_judge.o
    0x08000a5c   0x0000052c   Code   RO         1443    i.ArmPart_Get_Movement  driver_manipulator.o
    0x08000f88   0x00000338   Code   RO         1444    i.Arm_Cali_Output   driver_manipulator.o
    0x080012c0   0x00000390   Code   RO         1445    i.Arm_Motor_Get_PID_Para  driver_manipulator.o
    0x08001650   0x00000218   Code   RO         1446    i.Arm_Movement_Split  driver_manipulator.o
    0x08001868   0x000000f4   Code   RO         1447    i.Arm_Set_Output    driver_manipulator.o
    0x0800195c   0x00000038   Code   RO         1550    i.BSP_Init          bsp.o
    0x08001994   0x0000000c   Code   RO         1167    i.BeltMotorSpeedSet  driver_liftmechanism.o
    0x080019a0   0x00000004   Code   RO          394    i.BusFault_Handler  stm32f4xx_it.o
    0x080019a4   0x000000bc   Code   RO          961    i.CAN1_Msg_Process  canbustask.o
    0x08001a60   0x00000010   Code   RO          395    i.CAN1_RX0_IRQHandler  stm32f4xx_it.o
    0x08001a70   0x00000040   Code   RO          962    i.CAN1_Send_GM      canbustask.o
    0x08001ab0   0x00000040   Code   RO          963    i.CAN1_Send_LM      canbustask.o
    0x08001af0   0x00000010   Code   RO          396    i.CAN1_TX_IRQHandler  stm32f4xx_it.o
    0x08001b00   0x00000138   Code   RO          964    i.CAN2_Msg_Process  canbustask.o
    0x08001c38   0x00000010   Code   RO          397    i.CAN2_RX0_IRQHandler  stm32f4xx_it.o
    0x08001c48   0x00000050   Code   RO          965    i.CAN2_Send_CM      canbustask.o
    0x08001c98   0x00000050   Code   RO          966    i.CAN2_Send_LM      canbustask.o
    0x08001ce8   0x00000010   Code   RO          398    i.CAN2_TX_IRQHandler  stm32f4xx_it.o
    0x08001cf8   0x0000004e   Code   RO          784    i.CAN_bufferPop     bsp_data.o
    0x08001d46   0x00000044   Code   RO          785    i.CAN_bufferPush    bsp_data.o
    0x08001d8a   0x00000018   Code   RO          787    i.CAN_bufferlen     bsp_data.o
    0x08001da2   0x00000002   PAD
    0x08001da4   0x0000040c   Code   RO         1228    i.CM_Calc_Output    driver_chassis.o
    0x080021b0   0x000000e4   Code   RO         1229    i.CM_Get_PID        driver_chassis.o
    0x08002294   0x000005b8   Code   RO         1230    i.CM_Get_SpeedRef   driver_chassis.o
    0x0800284c   0x000000ac   Code   RO         1231    i.CM_Set_Current    driver_chassis.o
    0x080028f8   0x00000404   Code   RO         1232    i.CalculateWheelSpeed  driver_chassis.o
    0x08002cfc   0x00000078   Code   RO          967    i.Can_Send          canbustask.o
    0x08002d74   0x00000024   Code   RO          968    i.Can_Send_Task     canbustask.o
    0x08002d98   0x00000014   Code   RO         1233    i.Chassis_Control   driver_chassis.o
    0x08002dac   0x00000014   Code   RO          559    i.ControlLoopTaskInit  controltask.o
    0x08002dc0   0x00000048   Code   RO          560    i.ControlTask       controltask.o
    0x08002e08   0x00000010   Code   RO          399    i.DMA1_Stream5_IRQHandler  stm32f4xx_it.o
    0x08002e18   0x00000010   Code   RO          400    i.DMA2_Stream2_IRQHandler  stm32f4xx_it.o
    0x08002e28   0x00000034   Code   RO         5693    i.DMA_CalcBaseAndBitshift  stm32f4xx_hal_dma.o
    0x08002e5c   0x000000aa   Code   RO         5694    i.DMA_CheckFifoParam  stm32f4xx_hal_dma.o
    0x08002f06   0x0000002c   Code   RO         5695    i.DMA_SetConfig     stm32f4xx_hal_dma.o
    0x08002f32   0x00000002   PAD
    0x08002f34   0x000000bc   Code   RO         1092    i.Data_Unpack_Judge  data_judge.o
    0x08002ff0   0x00000002   Code   RO          401    i.DebugMon_Handler  stm32f4xx_it.o
    0x08002ff2   0x00000002   PAD
    0x08002ff4   0x00000340   Code   RO          251    i.DriversModeSelect  statusmachine.o
    0x08003334   0x0000001c   Code   RO          561    i.Drivers_Control_Task  controltask.o
    0x08003350   0x00000018   Code   RO          402    i.EXTI4_IRQHandler  stm32f4xx_it.o
    0x08003368   0x0000001c   Code   RO          403    i.EXTI9_5_IRQHandler  stm32f4xx_it.o
    0x08003384   0x00000128   Code   RO         1354    i.GM_Calc_Output    driver_guidewheel.o
    0x080034ac   0x0000004c   Code   RO         1355    i.GM_Get_PID        driver_guidewheel.o
    0x080034f8   0x0000011c   Code   RO         1356    i.GM_Get_SpeedRef   driver_guidewheel.o
    0x08003614   0x0000009c   Code   RO         1357    i.GM_Set_Current    driver_guidewheel.o
    0x080036b0   0x00000298   Code   RO         2267    i.GetPitchYawGxGyGz  imu.o
    0x08003948   0x00000040   Code   RO         1093    i.Get_CRC16_Check_Sum  data_judge.o
    0x08003988   0x00000030   Code   RO         1094    i.Get_CRC8_Check_Sum  data_judge.o
    0x080039b8   0x00000014   Code   RO         1358    i.GuideWheel_Control  driver_guidewheel.o
    0x080039cc   0x0000002c   Code   RO         2623    i.HAL_CAN_ActivateNotification  stm32f4xx_hal_can.o
    0x080039f8   0x0000012a   Code   RO         2624    i.HAL_CAN_AddTxMessage  stm32f4xx_hal_can.o
    0x08003b22   0x00000002   PAD
    0x08003b24   0x00000124   Code   RO         2625    i.HAL_CAN_ConfigFilter  stm32f4xx_hal_can.o
    0x08003c48   0x00000002   Code   RO         2628    i.HAL_CAN_ErrorCallback  stm32f4xx_hal_can.o
    0x08003c4a   0x00000188   Code   RO         2631    i.HAL_CAN_GetRxMessage  stm32f4xx_hal_can.o
    0x08003dd2   0x0000003a   Code   RO         2633    i.HAL_CAN_GetTxMailboxesFreeLevel  stm32f4xx_hal_can.o
    0x08003e0c   0x0000024e   Code   RO         2635    i.HAL_CAN_IRQHandler  stm32f4xx_hal_can.o
    0x0800405a   0x00000176   Code   RO         2636    i.HAL_CAN_Init      stm32f4xx_hal_can.o
    0x080041d0   0x000000c8   Code   RO         1642    i.HAL_CAN_MspInit   bsp_can.o
    0x08004298   0x00000002   Code   RO         2643    i.HAL_CAN_RxFifo0FullCallback  stm32f4xx_hal_can.o
    0x0800429a   0x00000002   PAD
    0x0800429c   0x00000054   Code   RO          969    i.HAL_CAN_RxFifo0MsgPendingCallback  canbustask.o
    0x080042f0   0x00000002   Code   RO         2645    i.HAL_CAN_RxFifo1FullCallback  stm32f4xx_hal_can.o
    0x080042f2   0x00000002   Code   RO         2646    i.HAL_CAN_RxFifo1MsgPendingCallback  stm32f4xx_hal_can.o
    0x080042f4   0x00000002   Code   RO         2647    i.HAL_CAN_SleepCallback  stm32f4xx_hal_can.o
    0x080042f6   0x00000060   Code   RO         2648    i.HAL_CAN_Start     stm32f4xx_hal_can.o
    0x08004356   0x00000002   Code   RO         2650    i.HAL_CAN_TxMailbox0AbortCallback  stm32f4xx_hal_can.o
    0x08004358   0x00000080   Code   RO          970    i.HAL_CAN_TxMailbox0CompleteCallback  canbustask.o
    0x080043d8   0x00000002   Code   RO         2652    i.HAL_CAN_TxMailbox1AbortCallback  stm32f4xx_hal_can.o
    0x080043da   0x00000002   Code   RO         2653    i.HAL_CAN_TxMailbox1CompleteCallback  stm32f4xx_hal_can.o
    0x080043dc   0x00000002   Code   RO         2654    i.HAL_CAN_TxMailbox2AbortCallback  stm32f4xx_hal_can.o
    0x080043de   0x00000002   Code   RO         2655    i.HAL_CAN_TxMailbox2CompleteCallback  stm32f4xx_hal_can.o
    0x080043e0   0x00000002   Code   RO         2657    i.HAL_CAN_WakeUpFromRxMsgCallback  stm32f4xx_hal_can.o
    0x080043e2   0x000000aa   Code   RO         5696    i.HAL_DMA_Abort     stm32f4xx_hal_dma.o
    0x0800448c   0x00000240   Code   RO         5701    i.HAL_DMA_IRQHandler  stm32f4xx_hal_dma.o
    0x080046cc   0x000000ec   Code   RO         5702    i.HAL_DMA_Init      stm32f4xx_hal_dma.o
    0x080047b8   0x0000009e   Code   RO         5706    i.HAL_DMA_Start_IT  stm32f4xx_hal_dma.o
    0x08004856   0x00000002   PAD
    0x08004858   0x00000028   Code   RO         6138    i.HAL_Delay         stm32f4xx_hal.o
    0x08004880   0x0000001c   Code   RO          404    i.HAL_GPIO_EXTI_Callback  stm32f4xx_it.o
    0x0800489c   0x0000001c   Code   RO         5588    i.HAL_GPIO_EXTI_IRQHandler  stm32f4xx_hal_gpio.o
    0x080048b8   0x0000021c   Code   RO         5589    i.HAL_GPIO_Init     stm32f4xx_hal_gpio.o
    0x08004ad4   0x00000010   Code   RO         5591    i.HAL_GPIO_ReadPin  stm32f4xx_hal_gpio.o
    0x08004ae4   0x00000008   Code   RO         5592    i.HAL_GPIO_TogglePin  stm32f4xx_hal_gpio.o
    0x08004aec   0x0000000c   Code   RO         5593    i.HAL_GPIO_WritePin  stm32f4xx_hal_gpio.o
    0x08004af8   0x0000000c   Code   RO         6146    i.HAL_GetTick       stm32f4xx_hal.o
    0x08004b04   0x00000018   Code   RO         6150    i.HAL_IncTick       stm32f4xx_hal.o
    0x08004b1c   0x0000003c   Code   RO         6151    i.HAL_Init          stm32f4xx_hal.o
    0x08004b58   0x00000088   Code   RO         2058    i.HAL_InitTick      stm32f4xx_hal_timebase_tim.o
    0x08004be0   0x0000009c   Code   RO         2098    i.HAL_MspInit       stm32f4xx_hal_msp.o
    0x08004c7c   0x0000001a   Code   RO         5996    i.HAL_NVIC_EnableIRQ  stm32f4xx_hal_cortex.o
    0x08004c96   0x0000007c   Code   RO         6002    i.HAL_NVIC_SetPriority  stm32f4xx_hal_cortex.o
    0x08004d12   0x00000002   PAD
    0x08004d14   0x00000028   Code   RO         6003    i.HAL_NVIC_SetPriorityGrouping  stm32f4xx_hal_cortex.o
    0x08004d3c   0x00000180   Code   RO         5133    i.HAL_RCC_ClockConfig  stm32f4xx_hal_rcc.o
    0x08004ebc   0x00000044   Code   RO         5137    i.HAL_RCC_GetClockConfig  stm32f4xx_hal_rcc.o
    0x08004f00   0x0000000c   Code   RO         5138    i.HAL_RCC_GetHCLKFreq  stm32f4xx_hal_rcc.o
    0x08004f0c   0x00000020   Code   RO         5140    i.HAL_RCC_GetPCLK1Freq  stm32f4xx_hal_rcc.o
    0x08004f2c   0x00000020   Code   RO         5141    i.HAL_RCC_GetPCLK2Freq  stm32f4xx_hal_rcc.o
    0x08004f4c   0x000000b0   Code   RO         5142    i.HAL_RCC_GetSysClockFreq  stm32f4xx_hal_rcc.o
    0x08004ffc   0x00000448   Code   RO         5145    i.HAL_RCC_OscConfig  stm32f4xx_hal_rcc.o
    0x08005444   0x0000008c   Code   RO         3615    i.HAL_SPI_Init      stm32f4xx_hal_spi.o
    0x080054d0   0x00000180   Code   RO         1864    i.HAL_SPI_MspInit   bsp_spi.o
    0x08005650   0x0000021e   Code   RO         3624    i.HAL_SPI_TransmitReceive  stm32f4xx_hal_spi.o
    0x0800586e   0x00000028   Code   RO         6005    i.HAL_SYSTICK_CLKSourceConfig  stm32f4xx_hal_cortex.o
    0x08005896   0x00000034   Code   RO         6007    i.HAL_SYSTICK_Config  stm32f4xx_hal_cortex.o
    0x080058ca   0x00000002   Code   RO         4562    i.HAL_TIMEx_BreakCallback  stm32f4xx_hal_tim_ex.o
    0x080058cc   0x00000002   Code   RO         4563    i.HAL_TIMEx_CommutationCallback  stm32f4xx_hal_tim_ex.o
    0x080058ce   0x0000007e   Code   RO         4564    i.HAL_TIMEx_ConfigBreakDeadTime  stm32f4xx_hal_tim_ex.o
    0x0800594c   0x00000062   Code   RO         4579    i.HAL_TIMEx_MasterConfigSynchronization  stm32f4xx_hal_tim_ex.o
    0x080059ae   0x00000034   Code   RO         3923    i.HAL_TIM_Base_Init  stm32f4xx_hal_tim.o
    0x080059e2   0x00000002   PAD
    0x080059e4   0x00000034   Code   RO         1909    i.HAL_TIM_Base_MspInit  bsp_tim.o
    0x08005a18   0x0000001e   Code   RO         3926    i.HAL_TIM_Base_Start  stm32f4xx_hal_tim.o
    0x08005a36   0x0000001e   Code   RO         3928    i.HAL_TIM_Base_Start_IT  stm32f4xx_hal_tim.o
    0x08005a54   0x00000002   Code   RO         3952    i.HAL_TIM_IC_CaptureCallback  stm32f4xx_hal_tim.o
    0x08005a56   0x00000196   Code   RO         3965    i.HAL_TIM_IRQHandler  stm32f4xx_hal_tim.o
    0x08005bec   0x000000ac   Code   RO         1910    i.HAL_TIM_MspPostInit  bsp_tim.o
    0x08005c98   0x00000002   Code   RO         3968    i.HAL_TIM_OC_DelayElapsedCallback  stm32f4xx_hal_tim.o
    0x08005c9a   0x00000108   Code   RO         3989    i.HAL_TIM_PWM_ConfigChannel  stm32f4xx_hal_tim.o
    0x08005da2   0x00000034   Code   RO         3992    i.HAL_TIM_PWM_Init  stm32f4xx_hal_tim.o
    0x08005dd6   0x00000002   PAD
    0x08005dd8   0x00000064   Code   RO         1912    i.HAL_TIM_PWM_MspInit  bsp_tim.o
    0x08005e3c   0x00000002   Code   RO         3995    i.HAL_TIM_PWM_PulseFinishedCallback  stm32f4xx_hal_tim.o
    0x08005e3e   0x00000002   PAD
    0x08005e40   0x0000004c   Code   RO         3996    i.HAL_TIM_PWM_Start  stm32f4xx_hal_tim.o
    0x08005e8c   0x00000012   Code   RO            4    i.HAL_TIM_PeriodElapsedCallback  main.o
    0x08005e9e   0x00000056   Code   RO         4004    i.HAL_TIM_SlaveConfigSynchronization  stm32f4xx_hal_tim.o
    0x08005ef4   0x00000002   Code   RO         4006    i.HAL_TIM_TriggerCallback  stm32f4xx_hal_tim.o
    0x08005ef6   0x00000050   Code   RO         4811    i.HAL_UART_AbortReceive  stm32f4xx_hal_uart.o
    0x08005f46   0x00000002   Code   RO         4822    i.HAL_UART_ErrorCallback  stm32f4xx_hal_uart.o
    0x08005f48   0x00000072   Code   RO         4826    i.HAL_UART_Init     stm32f4xx_hal_uart.o
    0x08005fba   0x00000002   PAD
    0x08005fbc   0x00000240   Code   RO         2005    i.HAL_UART_MspInit  bsp_usart.o
    0x080061fc   0x000000ac   Code   RO         4830    i.HAL_UART_Receive_DMA  stm32f4xx_hal_uart.o
    0x080062a8   0x00000002   Code   RO         4832    i.HAL_UART_RxCpltCallback  stm32f4xx_hal_uart.o
    0x080062aa   0x00000002   Code   RO         4833    i.HAL_UART_RxHalfCpltCallback  stm32f4xx_hal_uart.o
    0x080062ac   0x00000004   Code   RO          405    i.HardFault_Handler  stm32f4xx_it.o
    0x080062b0   0x0000089c   Code   RO         2268    i.IMU_AHRSupdate    imu.o
    0x08006b4c   0x00000108   Code   RO         2269    i.IMU_Cali          imu.o
    0x08006c54   0x000000ec   Code   RO         2159    i.IMU_Get_Data      test_imu.o
    0x08006d40   0x00000010   Code   RO         2270    i.IMU_Task          imu.o
    0x08006d50   0x0000004c   Code   RO         2271    i.IMU_getQ          imu.o
    0x08006d9c   0x00000094   Code   RO         2272    i.IMU_getValues     imu.o
    0x08006e30   0x0000023c   Code   RO         2273    i.IMU_getYawPitchRoll  imu.o
    0x0800706c   0x00000008   Code   RO         1512    i.ImageSensor_Control  driver_imagesensor.o
    0x08007074   0x00000068   Code   RO         1095    i.Info_Rc_Judge     data_judge.o
    0x080070dc   0x00000034   Code   RO         1063    i.Info_Rc_MiniPC    data_minipc.o
    0x08007110   0x000000c0   Code   RO         1096    i.Info_Sd_Judge     data_judge.o
    0x080071d0   0x0000002c   Code   RO         1413    i.InfraredSensor_StateGet  driver_sensor.o
    0x080071fc   0x00000030   Code   RO          254    i.InputMode_Select  statusmachine.o
    0x0800722c   0x0000001c   Code   RO          614    i.Is_Lost_Error_Set  supervisetask.o
    0x08007248   0x00000138   Code   RO         1234    i.Key2Speed         driver_chassis.o
    0x08007380   0x00000e30   Code   RO         1168    i.LM_Calc_Output    driver_liftmechanism.o
    0x080081b0   0x0000009c   Code   RO         1169    i.LM_Get_PID        driver_liftmechanism.o
    0x0800824c   0x00000284   Code   RO         1170    i.LM_Get_SpeedRef   driver_liftmechanism.o
    0x080084d0   0x0000009c   Code   RO         1171    i.LM_Set_Current    driver_liftmechanism.o
    0x0800856c   0x00000024   Code   RO          690    i.Led_Toggle_Task   freertos.o
    0x08008590   0x00000014   Code   RO         1172    i.LiftMachanism_Control  driver_liftmechanism.o
    0x080085a4   0x000001f4   Code   RO         2163    i.MPU6050_AverageFilter  test_imu.o
    0x08008798   0x000000bc   Code   RO         2164    i.MPU6050_getMotion6  test_imu.o
    0x08008854   0x00000070   Code   RO         2165    i.MPU6500_Init      test_imu.o
    0x080088c4   0x00000054   Code   RO         2166    i.MPU6500_Read_Reg  test_imu.o
    0x08008918   0x00000064   Code   RO         2167    i.MPU6500_Read_Regs  test_imu.o
    0x0800897c   0x00000058   Code   RO         2170    i.MPU6500_Write_Reg  test_imu.o
    0x080089d4   0x000000d4   Code   RO         1643    i.MX_CAN1_Init      bsp_can.o
    0x08008aa8   0x000000d4   Code   RO         1644    i.MX_CAN2_Init      bsp_can.o
    0x08008b7c   0x00000048   Code   RO         1773    i.MX_DMA_Init       bsp_dma.o
    0x08008bc4   0x000000fc   Code   RO          691    i.MX_FREERTOS_Init  freertos.o
    0x08008cc0   0x0000022c   Code   RO         1797    i.MX_GPIO_Init      bsp_gpio.o
    0x08008eec   0x000000a4   Code   RO         1980    i.MX_NVIC_Init      bsp_nvic.o
    0x08008f90   0x00000058   Code   RO         1865    i.MX_SPI4_Init      bsp_spi.o
    0x08008fe8   0x00000060   Code   RO         1866    i.MX_SPI5_Init      bsp_spi.o
    0x08009048   0x000000ec   Code   RO         1913    i.MX_TIM3_Init      bsp_tim.o
    0x08009134   0x000000b4   Code   RO         1914    i.MX_TIM4_Init      bsp_tim.o
    0x080091e8   0x0000011c   Code   RO         1915    i.MX_TIM8_Init      bsp_tim.o
    0x08009304   0x00000070   Code   RO         2006    i.MX_USART1_UART_Init  bsp_usart.o
    0x08009374   0x0000006c   Code   RO         2007    i.MX_USART2_UART_Init  bsp_usart.o
    0x080093e0   0x0000006c   Code   RO         2008    i.MX_USART6_UART_Init  bsp_usart.o
    0x0800944c   0x00000018   Code   RO         1448    i.Manipulator_Control  driver_manipulator.o
    0x08009464   0x00000004   Code   RO          406    i.MemManage_Handler  stm32f4xx_it.o
    0x08009468   0x00000002   Code   RO          407    i.NMI_Handler       stm32f4xx_it.o
    0x0800946a   0x00000002   PAD
    0x0800946c   0x00000010   Code   RO         6009    i.NVIC_GetPriorityGrouping  stm32f4xx_hal_cortex.o
    0x0800947c   0x00000028   Code   RO         6010    i.NVIC_SetPriority  stm32f4xx_hal_cortex.o
    0x080094a4   0x000002e4   Code   RO          255    i.OperateModeSelect  statusmachine.o
    0x08009788   0x0000053c   Code   RO          736    i.PID_Calc          driverlib_pid.o
    0x08009cc4   0x00000038   Code   RO          737    i.PID_Reset         driverlib_pid.o
    0x08009cfc   0x00000030   Code   RO          738    i.PID_Task          driverlib_pid.o
    0x08009d2c   0x0000002a   Code   RO          886    i.RampCalc          driverlib_ramp.o
    0x08009d56   0x00000002   Code   RO          887    i.RampInit          driverlib_ramp.o
    0x08009d58   0x00000012   Code   RO          888    i.RampIsOverflow    driverlib_ramp.o
    0x08009d6a   0x00000006   Code   RO          889    i.RampResetCounter  driverlib_ramp.o
    0x08009d70   0x00000004   Code   RO          890    i.RampSetCounter    driverlib_ramp.o
    0x08009d74   0x00000004   Code   RO          891    i.RampSetScale      driverlib_ramp.o
    0x08009d78   0x000000e0   Code   RO         1299    i.RemoteDataProcess  driver_remote.o
    0x08009e58   0x00000014   Code   RO         1300    i.RemoteTaskInit    driver_remote.o
    0x08009e6c   0x00000018   Code   RO         1301    i.Remote_CheckJumpKey  driver_remote.o
    0x08009e84   0x00000014   Code   RO          615    i.Reset_Error_Flag  supervisetask.o
    0x08009e98   0x00000028   Code   RO         3639    i.SPI_CheckFlag_BSY  stm32f4xx_hal_spi.o
    0x08009ec0   0x000000aa   Code   RO         3657    i.SPI_WaitFlagStateUntilTimeout  stm32f4xx_hal_spi.o
    0x08009f6a   0x00000002   PAD
    0x08009f6c   0x00000014   Code   RO          616    i.Set_Error_Flag    supervisetask.o
    0x08009f80   0x00000018   Code   RO          257    i.StatusMachine     statusmachine.o
    0x08009f98   0x00000024   Code   RO          258    i.StatusMachine_Init  statusmachine.o
    0x08009fbc   0x00000014   Code   RO          259    i.StatusMachine_Update  statusmachine.o
    0x08009fd0   0x000000cc   Code   RO         1513    i.SteerAngleSet     driver_imagesensor.o
    0x0800a09c   0x0000000e   Code   RO          617    i.Superviese_Task   supervisetask.o
    0x0800a0aa   0x00000008   Code   RO          408    i.SysTick_Handler   stm32f4xx_it.o
    0x0800a0b2   0x00000002   PAD
    0x0800a0b4   0x000000e0   Code   RO            5    i.SystemClock_Config  main.o
    0x0800a194   0x00000064   Code   RO         2123    i.SystemInit        system_stm32f4xx.o
    0x0800a1f8   0x00000010   Code   RO          409    i.TIM2_IRQHandler   stm32f4xx_it.o
    0x0800a208   0x000000e4   Code   RO         4007    i.TIM_Base_SetConfig  stm32f4xx_hal_tim.o
    0x0800a2ec   0x0000001c   Code   RO         4008    i.TIM_CCxChannelCmd  stm32f4xx_hal_tim.o
    0x0800a308   0x00000018   Code   RO         4014    i.TIM_ETR_SetConfig  stm32f4xx_hal_tim.o
    0x0800a320   0x00000070   Code   RO         4016    i.TIM_OC1_SetConfig  stm32f4xx_hal_tim.o
    0x0800a390   0x00000078   Code   RO         4017    i.TIM_OC2_SetConfig  stm32f4xx_hal_tim.o
    0x0800a408   0x00000078   Code   RO         4018    i.TIM_OC3_SetConfig  stm32f4xx_hal_tim.o
    0x0800a480   0x00000060   Code   RO         4019    i.TIM_OC4_SetConfig  stm32f4xx_hal_tim.o
    0x0800a4e0   0x000000a4   Code   RO         4020    i.TIM_SlaveTimer_SetConfig  stm32f4xx_hal_tim.o
    0x0800a584   0x0000002a   Code   RO         4021    i.TIM_TI1_ConfigInputStage  stm32f4xx_hal_tim.o
    0x0800a5ae   0x0000002c   Code   RO         4023    i.TIM_TI2_ConfigInputStage  stm32f4xx_hal_tim.o
    0x0800a5da   0x00000002   PAD
    0x0800a5dc   0x00000204   Code   RO          618    i.Task_Monitor      supervisetask.o
    0x0800a7e0   0x00000050   Code   RO         4840    i.UART_DMAError     stm32f4xx_hal_uart.o
    0x0800a830   0x00000046   Code   RO         4841    i.UART_DMAReceiveCplt  stm32f4xx_hal_uart.o
    0x0800a876   0x0000000e   Code   RO         4843    i.UART_DMARxHalfCplt  stm32f4xx_hal_uart.o
    0x0800a884   0x00000020   Code   RO         4849    i.UART_EndRxTransfer  stm32f4xx_hal_uart.o
    0x0800a8a4   0x00000014   Code   RO         4851    i.UART_EndTxTransfer  stm32f4xx_hal_uart.o
    0x0800a8b8   0x00000368   Code   RO         4853    i.UART_SetConfig    stm32f4xx_hal_uart.o
    0x0800ac20   0x0000006c   Code   RO          410    i.USART1_IRQHandler  stm32f4xx_it.o
    0x0800ac8c   0x00000058   Code   RO          411    i.USART2_IRQHandler  stm32f4xx_it.o
    0x0800ace4   0x00000070   Code   RO          412    i.USART6_IRQHandler  stm32f4xx_it.o
    0x0800ad54   0x0000001c   Code   RO          260    i.UpIsland_Init     statusmachine.o
    0x0800ad70   0x00000004   Code   RO          413    i.UsageFault_Handler  stm32f4xx_it.o
    0x0800ad74   0x00000040   Code   RO         1097    i.Verify_CRC16_Check_Sum  data_judge.o
    0x0800adb4   0x0000002e   Code   RO         1098    i.Verify_CRC8_Check_Sum  data_judge.o
    0x0800ade2   0x00000002   PAD
    0x0800ade4   0x00000028   Code   RO          261    i.WorkStateSwitchProcess  statusmachine.o
    0x0800ae0c   0x000000c4   Code   RO          262    i.WorkStateUpdate   statusmachine.o
    0x0800aed0   0x00000004   Code   RO            6    i._Error_Handler    main.o
    0x0800aed4   0x00000030   Code   RO         7570    i.__ARM_fpclassify  m_wm.l(fpclassify.o)
    0x0800af04   0x00000004   PAD
    0x0800af08   0x00000360   Code   RO         7442    i.__hardfp_asin     m_wm.l(asin.o)
    0x0800b268   0x000002d8   Code   RO         7539    i.__hardfp_atan     m_wm.l(atan.o)
    0x0800b540   0x000001f0   Code   RO         7456    i.__hardfp_atan2    m_wm.l(atan2.o)
    0x0800b730   0x000000c8   Code   RO         7468    i.__hardfp_cos      m_wm.l(cos.o)
    0x0800b7f8   0x00000014   Code   RO         7480    i.__hardfp_fabs     m_wm.l(fabs.o)
    0x0800b80c   0x00000004   PAD
    0x0800b810   0x000000c8   Code   RO         7486    i.__hardfp_sin      m_wm.l(sin.o)
    0x0800b8d8   0x0000007a   Code   RO         7498    i.__hardfp_sqrt     m_wm.l(sqrt.o)
    0x0800b952   0x00000006   PAD
    0x0800b958   0x00000438   Code   RO         7575    i.__ieee754_rem_pio2  m_wm.l(rred.o)
    0x0800bd90   0x00000170   Code   RO         7553    i.__kernel_cos      m_wm.l(cos_i.o)
    0x0800bf00   0x000000f8   Code   RO         7572    i.__kernel_poly     m_wm.l(poly.o)
    0x0800bff8   0x00000130   Code   RO         7580    i.__kernel_sin      m_wm.l(sin_i.o)
    0x0800c128   0x00000014   Code   RO         7557    i.__mathlib_dbl_infnan  m_wm.l(dunder.o)
    0x0800c13c   0x00000014   Code   RO         7558    i.__mathlib_dbl_infnan2  m_wm.l(dunder.o)
    0x0800c150   0x00000020   Code   RO         7559    i.__mathlib_dbl_invalid  m_wm.l(dunder.o)
    0x0800c170   0x00000020   Code   RO         7562    i.__mathlib_dbl_underflow  m_wm.l(dunder.o)
    0x0800c190   0x0000000e   Code   RO         7628    i.__scatterload_copy  mc_w.l(handlers.o)
    0x0800c19e   0x00000002   Code   RO         7629    i.__scatterload_null  mc_w.l(handlers.o)
    0x0800c1a0   0x0000000e   Code   RO         7630    i.__scatterload_zeroinit  mc_w.l(handlers.o)
    0x0800c1ae   0x00000002   PAD
    0x0800c1b0   0x0000000c   Code   RO         7608    i.__set_errno       mc_w.l(errno.o)
    0x0800c1bc   0x00000010   Code   RO         7541    i.atan              m_wm.l(atan.o)
    0x0800c1cc   0x00000032   Code   RO          788    i.bufferPop         bsp_data.o
    0x0800c1fe   0x00000034   Code   RO          789    i.bufferPush        bsp_data.o
    0x0800c232   0x00000028   Code   RO          790    i.buffer_multiPop   bsp_data.o
    0x0800c25a   0x00000018   Code   RO          791    i.bufferlen         bsp_data.o
    0x0800c272   0x00000018   Code   RO         7482    i.fabs              m_wm.l(fabs.o)
    0x0800c28a   0x00000002   PAD
    0x0800c28c   0x0000009c   Code   RO          971    i.get_measure       canbustask.o
    0x0800c328   0x0000003c   Code   RO         2275    i.invSqrt           imu.o
    0x0800c364   0x00000040   Code   RO            7    i.main              main.o
    0x0800c3a4   0x0000000e   Code   RO         7069    i.makeFreeRtosPriority  cmsis_os.o
    0x0800c3b2   0x0000001c   Code   RO         7072    i.osDelayUntil      cmsis_os.o
    0x0800c3ce   0x0000000a   Code   RO         7074    i.osKernelStart     cmsis_os.o
    0x0800c3d8   0x00000012   Code   RO         7083    i.osMessageCreate   cmsis_os.o
    0x0800c3ea   0x0000000c   Code   RO         7089    i.osMutexCreate     cmsis_os.o
    0x0800c3f6   0x0000000c   Code   RO         7097    i.osRecursiveMutexCreate  cmsis_os.o
    0x0800c402   0x00000032   Code   RO         7100    i.osSemaphoreCreate  cmsis_os.o
    0x0800c434   0x00000010   Code   RO         7107    i.osSystickHandler  cmsis_os.o
    0x0800c444   0x00000030   Code   RO         7108    i.osThreadCreate    cmsis_os.o
    0x0800c474   0x00000098   Code   RO         6757    i.prvAddCurrentTaskToDelayedList  tasks.o
    0x0800c50c   0x000000b4   Code   RO         6758    i.prvAddNewTaskToReadyList  tasks.o
    0x0800c5c0   0x00000064   Code   RO         6759    i.prvCheckTasksWaitingTermination  tasks.o
    0x0800c624   0x0000007c   Code   RO         6585    i.prvCopyDataToQueue  queue.o
    0x0800c6a0   0x00000012   Code   RO         6760    i.prvDeleteTCB      tasks.o
    0x0800c6b2   0x00000002   PAD
    0x0800c6b4   0x0000007c   Code   RO         6311    i.prvHeapInit       heap_4.o
    0x0800c730   0x00000028   Code   RO         6761    i.prvIdleTask       tasks.o
    0x0800c758   0x0000001c   Code   RO         6586    i.prvInitialiseMutex  queue.o
    0x0800c774   0x00000026   Code   RO         6587    i.prvInitialiseNewQueue  queue.o
    0x0800c79a   0x000000b4   Code   RO         6762    i.prvInitialiseNewTask  tasks.o
    0x0800c84e   0x00000002   PAD
    0x0800c850   0x00000068   Code   RO         6763    i.prvInitialiseTaskLists  tasks.o
    0x0800c8b8   0x00000068   Code   RO         6312    i.prvInsertBlockIntoFreeList  heap_4.o
    0x0800c920   0x0000001e   Code   RO         6589    i.prvIsQueueFull    queue.o
    0x0800c93e   0x00000002   PAD
    0x0800c940   0x00000034   Code   RO         6764    i.prvResetNextTaskUnblockTime  tasks.o
    0x0800c974   0x00000016   Code   RO         6765    i.prvTaskCheckFreeStackSpace  tasks.o
    0x0800c98a   0x00000002   PAD
    0x0800c98c   0x00000040   Code   RO         6382    i.prvTaskExitError  port.o
    0x0800c9cc   0x0000007e   Code   RO         6590    i.prvUnlockQueue    queue.o
    0x0800ca4a   0x00000002   PAD
    0x0800ca4c   0x0000013c   Code   RO         6313    i.pvPortMalloc      heap_4.o
    0x0800cb88   0x0000002c   Code   RO         6383    i.pxPortInitialiseStack  port.o
    0x0800cbb4   0x0000006e   Code   RO         7500    i.sqrt              m_wm.l(sqrt.o)
    0x0800cc22   0x00000002   PAD
    0x0800cc24   0x000000a4   Code   RO         1302    i.stick1_action     driver_remote.o
    0x0800ccc8   0x00000044   Code   RO         1303    i.stick1_change     driver_remote.o
    0x0800cd0c   0x00000028   Code   RO         6547    i.uxListRemove      list.o
    0x0800cd34   0x00000028   Code   RO         6770    i.uxTaskGetStackHighWaterMark  tasks.o
    0x0800cd5c   0x0000001a   Code   RO         6548    i.vListInitialise   list.o
    0x0800cd76   0x00000006   Code   RO         6549    i.vListInitialiseItem  list.o
    0x0800cd7c   0x00000034   Code   RO         6550    i.vListInsert       list.o
    0x0800cdb0   0x00000018   Code   RO         6551    i.vListInsertEnd    list.o
    0x0800cdc8   0x00000054   Code   RO         6385    i.vPortEnterCritical  port.o
    0x0800ce1c   0x0000003c   Code   RO         6386    i.vPortExitCritical  port.o
    0x0800ce58   0x00000094   Code   RO         6314    i.vPortFree         heap_4.o
    0x0800ceec   0x00000020   Code   RO         6387    i.vPortSetupTimerInterrupt  port.o
    0x0800cf0c   0x000000d4   Code   RO         6775    i.vTaskDelayUntil   tasks.o
    0x0800cfe0   0x0000000c   Code   RO         6778    i.vTaskMissedYield  tasks.o
    0x0800cfec   0x00000038   Code   RO         6780    i.vTaskPlaceOnEventList  tasks.o
    0x0800d024   0x00000030   Code   RO         6785    i.vTaskSetTimeOutState  tasks.o
    0x0800d054   0x00000088   Code   RO         6786    i.vTaskStartScheduler  tasks.o
    0x0800d0dc   0x00000010   Code   RO         6788    i.vTaskSuspendAll   tasks.o
    0x0800d0ec   0x0000008c   Code   RO         6789    i.vTaskSwitchContext  tasks.o
    0x0800d178   0x0000013c   Code   RO         6389    i.xPortStartScheduler  port.o
    0x0800d2b4   0x00000034   Code   RO         6390    i.xPortSysTickHandler  port.o
    0x0800d2e8   0x0000005c   Code   RO         6597    i.xQueueCreateCountingSemaphore  queue.o
    0x0800d344   0x00000022   Code   RO         6598    i.xQueueCreateMutex  queue.o
    0x0800d366   0x00000058   Code   RO         6599    i.xQueueGenericCreate  queue.o
    0x0800d3be   0x00000002   PAD
    0x0800d3c0   0x00000098   Code   RO         6601    i.xQueueGenericReset  queue.o
    0x0800d458   0x000001a8   Code   RO         6602    i.xQueueGenericSend  queue.o
    0x0800d600   0x0000008c   Code   RO         6790    i.xTaskCheckForTimeOut  tasks.o
    0x0800d68c   0x00000060   Code   RO         6791    i.xTaskCreate       tasks.o
    0x0800d6ec   0x00000020   Code   RO         6795    i.xTaskGetSchedulerState  tasks.o
    0x0800d70c   0x0000000c   Code   RO         6796    i.xTaskGetTickCount  tasks.o
    0x0800d718   0x00000148   Code   RO         6798    i.xTaskIncrementTick  tasks.o
    0x0800d860   0x000000c8   Code   RO         6801    i.xTaskPriorityDisinherit  tasks.o
    0x0800d928   0x00000098   Code   RO         6802    i.xTaskRemoveFromEventList  tasks.o
    0x0800d9c0   0x00000104   Code   RO         6804    i.xTaskResumeAll    tasks.o
    0x0800dac4   0x0000006c   Data   RO          692    .constdata          freertos.o
    0x0800db30   0x00000302   Data   RO         1100    .constdata          data_judge.o
    0x0800de32   0x00000018   Data   RO         2124    .constdata          system_stm32f4xx.o
    0x0800de4a   0x00000002   PAD
    0x0800de4c   0x00000016   Data   RO         2173    .constdata          test_imu.o
    0x0800de62   0x00000008   Data   RO         5708    .constdata          stm32f4xx_hal_dma.o
    0x0800de6a   0x00000006   PAD
    0x0800de70   0x00000050   Data   RO         7445    .constdata          m_wm.l(asin.o)
    0x0800dec0   0x00000098   Data   RO         7542    .constdata          m_wm.l(atan.o)
    0x0800df58   0x00000030   Data   RO         7554    .constdata          m_wm.l(cos_i.o)
    0x0800df88   0x00000008   Data   RO         7574    .constdata          m_wm.l(qnan.o)
    0x0800df90   0x000000c8   Data   RO         7577    .constdata          m_wm.l(rred.o)
    0x0800e058   0x00000028   Data   RO         7581    .constdata          m_wm.l(sin_i.o)
    0x0800e080   0x00000044   Data   RO          693    .conststring        freertos.o
    0x0800e0c4   0x00000020   Data   RO         7626    Region$$Table       anon$$obj.o


    Execution Region RW_IRAM1 (Base: 0x20000000, Size: 0x000064e0, Max: 0x00030000, ABSOLUTE, COMPRESSED[0x00000178])

    Base Addr    Size         Type   Attr      Idx    E Section Name        Object

    0x20000000   0x00000008   Data   RW          263    .data               statusmachine.o
    0x20000008   0x00000010   Data   RW          415    .data               stm32f4xx_it.o
    0x20000018   0x00000004   Data   RW          562    .data               controltask.o
    0x2000001c   0x0000005c   Data   RW          621    .data               supervisetask.o
    0x20000078   0x00000028   Data   RW          694    .data               freertos.o
    0x200000a0   0x000009c0   Data   RW          739    .data               driverlib_pid.o
    0x20000a60   0x00000048   Data   RW          892    .data               driverlib_ramp.o
    0x20000aa8   0x0000000c   Data   RW          973    .data               canbustask.o
    0x20000ab4   0x0000000b   Data   RW         1064    .data               data_minipc.o
    0x20000abf   0x00000001   PAD
    0x20000ac0   0x0000000c   Data   RW         1101    .data               data_judge.o
    0x20000acc   0x00000020   Data   RW         1173    .data               driver_liftmechanism.o
    0x20000aec   0x0000003e   Data   RW         1236    .data               driver_chassis.o
    0x20000b2a   0x00000002   PAD
    0x20000b2c   0x00000016   Data   RW         1305    .data               driver_remote.o
    0x20000b42   0x00000002   PAD
    0x20000b44   0x00000016   Data   RW         1359    .data               driver_guidewheel.o
    0x20000b5a   0x00000004   Data   RW         1414    .data               driver_sensor.o
    0x20000b5e   0x00000002   PAD
    0x20000b60   0x00000120   Data   RW         1451    .data               driver_manipulator.o
    0x20000c80   0x0000000a   Data   RW         1514    .data               driver_imagesensor.o
    0x20000c8a   0x00000002   PAD
    0x20000c8c   0x00000004   Data   RW         2125    .data               system_stm32f4xx.o
    0x20000c90   0x00000022   Data   RW         2174    .data               test_imu.o
    0x20000cb2   0x00000002   PAD
    0x20000cb4   0x0000008c   Data   RW         2277    .data               imu.o
    0x20000d40   0x00000009   Data   RW         6158    .data               stm32f4xx_hal.o
    0x20000d49   0x00000003   PAD
    0x20000d4c   0x00000018   Data   RW         6319    .data               heap_4.o
    0x20000d64   0x0000000c   Data   RW         6391    .data               port.o
    0x20000d70   0x0000003c   Data   RW         6807    .data               tasks.o
    0x20000dac   0x00000004   Data   RW         7609    .data               mc_w.l(errno.o)
    0x20000db0   0x00000af0   Zero   RW          792    .bss                bsp_data.o
    0x200018a0   0x0000015c   Zero   RW          972    .bss                canbustask.o
    0x200019fc   0x00000110   Zero   RW         1099    .bss                data_judge.o
    0x20001b0c   0x00000014   Zero   RW         1235    .bss                driver_chassis.o
    0x20001b20   0x00000016   Zero   RW         1304    .bss                driver_remote.o
    0x20001b36   0x00000028   Zero   RW         1450    .bss                driver_manipulator.o
    0x20001b5e   0x00000002   PAD
    0x20001b60   0x00000168   Zero   RW         1645    .bss                bsp_can.o
    0x20001cc8   0x000001d0   Zero   RW         1867    .bss                bsp_spi.o
    0x20001e98   0x000000b4   Zero   RW         1916    .bss                bsp_tim.o
    0x20001f4c   0x00000330   Zero   RW         2009    .bss                bsp_usart.o
    0x2000227c   0x0000003c   Zero   RW         2061    .bss                stm32f4xx_hal_timebase_tim.o
    0x200022b8   0x000000f4   Zero   RW         2172    .bss                test_imu.o
    0x200023ac   0x00000040   Zero   RW         2276    .bss                imu.o
    0x200023ec   0x00003c00   Zero   RW         6318    .bss                heap_4.o
    0x20005fec   0x000000f0   Zero   RW         6806    .bss                tasks.o
    0x200060dc   0x00000004   PAD
    0x200060e0   0x00000400   Zero   RW          726    STACK               startup_stm32f427xx.o


==============================================================================

Image component sizes


      Code (inc. data)   RO Data    RW Data    ZI Data      Debug   Object Name

        56          0          0          0          0        519   bsp.o
       624        110          0          0        360       3506   bsp_can.o
       336          0          0          0       2800       5858   bsp_data.o
        72          6          0          0          0        842   bsp_dma.o
       556         38          0          0          0       1391   bsp_gpio.o
       164          0          0          0          0        579   bsp_nvic.o
       568        114          0          0        464       2634   bsp_spi.o
      1024        138          0          0        180       4684   bsp_tim.o
       904        176          0          0        816       3643   bsp_usart.o
      1312        220          0         12        348      16249   canbustask.o
       208          0          0          0          0      16226   cmsis_os.o
       120         10          0          4          0       1899   controltask.o
       790         56        770         12        272       7342   data_judge.o
        52         10          0         11          0       1144   data_minipc.o
      4260        320          0         62         20       7590   driver_chassis.o
       832        110          0         22          0       4658   driver_guidewheel.o
       212         22          0         10          0       1505   driver_imagesensor.o
      4620        382          0         32          0       5983   driver_liftmechanism.o
      3864        472          0        288         40       8833   driver_manipulator.o
       500         58          0         22         22       6723   driver_remote.o
        44         16          0          4          0        835   driver_sensor.o
      1444         46          0       2496          0       6348   driverlib_pid.o
        76          0          0         72          0       4748   driverlib_ramp.o
         0          0          0          0          0       8124   event_groups.o
       288         50        176         40          0       2891   freertos.o
       692         62          0         24      15360       8983   heap_4.o
      4004        342          0        140         64       7230   imu.o
       148          0          0          0          0       3710   list.o
       310         34          0          0          0     769709   main.o
       838         78          0         12          0      11360   port.o
      1136         10          0          0          0      10739   queue.o
        36          8        428          0       1024        828   startup_stm32f427xx.o
      1964        204          0          8          0       7333   statusmachine.o
       136         24          0          9          0       4042   stm32f4xx_hal.o
      2166          4          0          0          0      14672   stm32f4xx_hal_can.o
       338         22          0          0          0      31705   stm32f4xx_hal_cortex.o
      1406         16          8          0          0       6579   stm32f4xx_hal_dma.o
       604         58          0          0          0       4395   stm32f4xx_hal_gpio.o
       156          6          0          0          0        946   stm32f4xx_hal_msp.o
      1800         94          0          0          0       6385   stm32f4xx_hal_rcc.o
       892          0          0          0          0       4425   stm32f4xx_hal_spi.o
      1982         96          0          0          0      16572   stm32f4xx_hal_tim.o
       228          0          0          0          0       3286   stm32f4xx_hal_tim_ex.o
       136         12          0          0         60       1568   stm32f4xx_hal_timebase_tim.o
      1460         22          0          0          0       8424   stm32f4xx_hal_uart.o
       528        102          0         16          0      15593   stm32f4xx_it.o
       598         96          0         92          0       7229   supervisetask.o
       100         18         24          4          0       1227   system_stm32f4xx.o
      2728        354          0         60        240      24279   tasks.o
      1308        102         22         34        244       7650   test_imu.o

    ----------------------------------------------------------------------
     48666       4118       1468       3500      22320    1103623   Object Totals
         0          0         32          0          0          0   (incl. Generated)
        46          0          8         14          6          0   (incl. Padding)

    ----------------------------------------------------------------------

      Code (inc. data)   RO Data    RW Data    ZI Data      Debug   Library Member Name

       864         94         80          0          0        280   asin.o
       744        106        152          0          0        352   atan.o
       496         64          0          0          0        192   atan2.o
       200         20          0          0          0        164   cos.o
       368         46         48          0          0        200   cos_i.o
       104         16          0          0          0        496   dunder.o
        44          0          0          0          0        248   fabs.o
        48          0          0          0          0        124   fpclassify.o
       248          0          0          0          0        152   poly.o
         0          0          8          0          0          0   qnan.o
      1080        142        200          0          0        188   rred.o
       200         20          0          0          0        164   sin.o
       304         24         40          0          0        208   sin_i.o
       232          0          0          0          0        296   sqrt.o
        86          0          0          0          0          0   __dczerorl2.o
         0          0          0          0          0          0   entry.o
         0          0          0          0          0          0   entry10a.o
         0          0          0          0          0          0   entry11a.o
         8          4          0          0          0          0   entry2.o
         4          0          0          0          0          0   entry5.o
         0          0          0          0          0          0   entry7b.o
         0          0          0          0          0          0   entry8b.o
         8          4          0          0          0          0   entry9a.o
        12          6          0          4          0         68   errno.o
        30          0          0          0          0          0   handlers.o
        36          8          0          0          0         68   init.o
         0          0          0          0          0          0   iusefp.o
        30          0          0          0          0         68   llshl.o
        36          0          0          0          0         68   llsshr.o
        32          0          0          0          0         68   llushr.o
        36          0          0          0          0         68   memcpya.o
        36          0          0          0          0        108   memseta.o
        98          0          0          0          0         92   uldiv.o
        48          0          0          0          0         68   cdrcmple.o
        56          0          0          0          0         88   d2f.o
       334          0          0          0          0        148   dadd.o
       222          0          0          0          0        100   ddiv.o
       186          0          0          0          0        176   depilogue.o
        62          0          0          0          0         80   dfixi.o
        34          0          0          0          0         76   dflti.o
        26          0          0          0          0         76   dfltui.o
       228          0          0          0          0         96   dmul.o
       162          0          0          0          0        100   dsqrt.o
        38          0          0          0          0         68   f2d.o
       110          0          0          0          0        168   fepilogue.o

    ----------------------------------------------------------------------
      6910        554        528          4          0       4916   Library Totals
        20          0          0          0          0          0   (incl. Padding)

    ----------------------------------------------------------------------

      Code (inc. data)   RO Data    RW Data    ZI Data      Debug   Library Name

      4932        532        528          0          0       3064   m_wm.l
       452         22          0          4          0        608   mc_w.l
      1506          0          0          0          0       1244   mf_w.l

    ----------------------------------------------------------------------
      6910        554        528          4          0       4916   Library Totals

    ----------------------------------------------------------------------

==============================================================================


      Code (inc. data)   RO Data    RW Data    ZI Data      Debug   

     55576       4672       1996       3504      22320    1077039   Grand Totals
     55576       4672       1996        376      22320    1077039   ELF Image Totals (compressed)
     55576       4672       1996        376          0          0   ROM Totals

==============================================================================

    Total RO  Size (Code + RO Data)                57572 (  56.22kB)
    Total RW  Size (RW Data + ZI Data)             25824 (  25.22kB)
    Total ROM Size (Code + RO Data + RW Data)      57948 (  56.59kB)

==============================================================================

