Component: ARM Compiler 5.06 update 4 (build 422) Tool: armlink [4d35d2]

==============================================================================

Section Cross References

    main.o(i.HAL_TIM_PeriodElapsedCallback) refers to stm32f4xx_hal.o(i.HAL_IncTick) for HAL_IncTick
    main.o(i.SystemClock_Config) refers to stm32f4xx_hal_rcc.o(i.HAL_RCC_OscConfig) for HAL_RCC_OscConfig
    main.o(i.SystemClock_Config) refers to main.o(i._Error_Handler) for _Error_Handler
    main.o(i.SystemClock_Config) refers to stm32f4xx_hal_rcc.o(i.HAL_RCC_ClockConfig) for HAL_RCC_ClockConfig
    main.o(i.SystemClock_Config) refers to stm32f4xx_hal_rcc.o(i.HAL_RCC_GetHCLKFreq) for HAL_RCC_GetHCLKFreq
    main.o(i.SystemClock_Config) refers to stm32f4xx_hal_cortex.o(i.HAL_SYSTICK_Config) for HAL_SYSTICK_Config
    main.o(i.SystemClock_Config) refers to stm32f4xx_hal_cortex.o(i.HAL_SYSTICK_CLKSourceConfig) for HAL_SYSTICK_CLKSourceConfig
    main.o(i.SystemClock_Config) refers to stm32f4xx_hal_cortex.o(i.HAL_NVIC_SetPriority) for HAL_NVIC_SetPriority
    main.o(i.main) refers to stm32f4xx_hal.o(i.HAL_Init) for HAL_Init
    main.o(i.main) refers to main.o(i.SystemClock_Config) for SystemClock_Config
    main.o(i.main) refers to bsp.o(i.BSP_Init) for BSP_Init
    main.o(i.main) refers to driver_guidewheel.o(i.MotorInit) for MotorInit
    main.o(i.main) refers to freertos.o(i.MX_FREERTOS_Init) for MX_FREERTOS_Init
    main.o(i.main) refers to cmsis_os.o(i.osKernelStart) for osKernelStart
    statusmachine.o(i.CarMoveFSM) refers to statusmachine.o(.data) for CarMoveMode
    statusmachine.o(i.CarMoveFSM) refers to driver_beltraise.o(.data) for BeltMode
    statusmachine.o(i.CarMoveFSM) refers to driver_chassis.o(.data) for ChassisMode
    statusmachine.o(i.CarMoveFSM) refers to driver_guidewheel.o(.data) for GuideWheelMode
    statusmachine.o(i.Car_Move_State_Select) refers to statusmachine.o(.data) for WorkState
    statusmachine.o(i.Car_Move_State_Select) refers to driver_remote.o(.bss) for RC_CtrlData
    statusmachine.o(i.GetInputMode) refers to driver_remote.o(.data) for InputMode
    statusmachine.o(i.GetWorkState) refers to statusmachine.o(.data) for WorkState
    statusmachine.o(i.Input_Mode_Select) refers to driver_remote.o(.bss) for RC_CtrlData
    statusmachine.o(i.Input_Mode_Select) refers to driver_remote.o(.data) for InputMode
    statusmachine.o(i.SetWorkState) refers to statusmachine.o(.data) for WorkState
    statusmachine.o(i.StatusMachine) refers to tasks.o(i.xTaskGetTickCount) for xTaskGetTickCount
    statusmachine.o(i.StatusMachine) refers to statusmachine.o(i.StatusMachine_Update) for StatusMachine_Update
    statusmachine.o(i.StatusMachine) refers to tasks.o(i.vTaskDelayUntil) for vTaskDelayUntil
    statusmachine.o(i.StatusMachine_Init) refers to statusmachine.o(i.UpIsland_Init) for UpIsland_Init
    statusmachine.o(i.StatusMachine_Init) refers to statusmachine.o(.data) for WorkState
    statusmachine.o(i.StatusMachine_Update) refers to statusmachine.o(i.Input_Mode_Select) for Input_Mode_Select
    statusmachine.o(i.StatusMachine_Update) refers to statusmachine.o(i.WorkStateFSM) for WorkStateFSM
    statusmachine.o(i.StatusMachine_Update) refers to statusmachine.o(i.Car_Move_State_Select) for Car_Move_State_Select
    statusmachine.o(i.StatusMachine_Update) refers to statusmachine.o(i.CarMoveFSM) for CarMoveFSM
    statusmachine.o(i.UpIsland_Init) refers to driver_chassis.o(.data) for ChassisMode
    statusmachine.o(i.UpIsland_Init) refers to driver_guidewheel.o(.data) for GuideWheelMode
    statusmachine.o(i.UpIsland_Init) refers to driver_beltraise.o(.data) for BeltMode
    statusmachine.o(i.UpIsland_Init) refers to statusmachine.o(.data) for Up_Island_Flag
    statusmachine.o(i.WorkStateFSM) refers to supervisetask.o(i.Is_Lost_Error_Set) for Is_Lost_Error_Set
    statusmachine.o(i.WorkStateFSM) refers to statusmachine.o(i.WorkStateSwitchProcess) for WorkStateSwitchProcess
    statusmachine.o(i.WorkStateFSM) refers to statusmachine.o(.data) for WorkState
    statusmachine.o(i.WorkStateFSM) refers to driver_remote.o(.data) for InputMode
    statusmachine.o(i.WorkStateFSM) refers to controltask.o(.data) for time_tick_1ms
    statusmachine.o(i.WorkStateSwitchProcess) refers to controltask.o(i.ControlLoopTaskInit) for ControlLoopTaskInit
    statusmachine.o(i.WorkStateSwitchProcess) refers to driver_remote.o(i.RemoteTaskInit) for RemoteTaskInit
    statusmachine.o(i.WorkStateSwitchProcess) refers to statusmachine.o(.data) for LastWorkState
    stm32f4xx_it.o(i.CAN1_RX0_IRQHandler) refers to stm32f4xx_hal_can.o(i.HAL_CAN_IRQHandler) for HAL_CAN_IRQHandler
    stm32f4xx_it.o(i.CAN1_RX0_IRQHandler) refers to bsp_can.o(.bss) for hcan1
    stm32f4xx_it.o(i.CAN1_TX_IRQHandler) refers to stm32f4xx_hal_can.o(i.HAL_CAN_IRQHandler) for HAL_CAN_IRQHandler
    stm32f4xx_it.o(i.CAN1_TX_IRQHandler) refers to bsp_can.o(.bss) for hcan1
[...]
    DMA1_Stream1_IRQHandler                  0x08000297   Thumb Code     0  startup_stm32f427xx.o(.text)
    DMA1_Stream2_IRQHandler                  0x08000297   Thumb Code     0  startup_stm32f427xx.o(.text)
    DMA1_Stream3_IRQHandler                  0x08000297   Thumb Code     0  startup_stm32f427xx.o(.text)
    DMA1_Stream4_IRQHandler                  0x08000297   Thumb Code     0  startup_stm32f427xx.o(.text)
    DMA1_Stream6_IRQHandler                  0x08000297   Thumb Code     0  startup_stm32f427xx.o(.text)
    DMA1_Stream7_IRQHandler                  0x08000297   Thumb Code     0  startup_stm32f427xx.o(.text)
    DMA2D_IRQHandler                         0x08000297   Thumb Code     0  startup_stm32f427xx.o(.text)
    DMA2_Stream0_IRQHandler                  0x08000297   Thumb Code     0  startup_stm32f427xx.o(.text)
    DMA2_Stream1_IRQHandler                  0x08000297   Thumb Code     0  startup_stm32f427xx.o(.text)
    DMA2_Stream3_IRQHandler                  0x08000297   Thumb Code     0  startup_stm32f427xx.o(.text)
    DMA2_Stream4_IRQHandler                  0x08000297   Thumb Code     0  startup_stm32f427xx.o(.text)
    DMA2_Stream5_IRQHandler                  0x08000297   Thumb Code     0  startup_stm32f427xx.o(.text)
    DMA2_Stream6_IRQHandler                  0x08000297   Thumb Code     0  startup_stm32f427xx.o(.text)
    DMA2_Stream7_IRQHandler                  0x08000297   Thumb Code     0  startup_stm32f427xx.o(.text)
    ETH_IRQHandler                           0x08000297   Thumb Code     0  startup_stm32f427xx.o(.text)
    ETH_WKUP_IRQHandler                      0x08000297   Thumb Code     0  startup_stm32f427xx.o(.text)
    EXTI0_IRQHandler                         0x08000297   Thumb Code     0  startup_stm32f427xx.o(.text)
    EXTI15_10_IRQHandler                     0x08000297   Thumb Code     0  startup_stm32f427xx.o(.text)
    EXTI1_IRQHandler                         0x08000297   Thumb Code     0  startup_stm32f427xx.o(.text)
    EXTI2_IRQHandler                         0x08000297   Thumb Code     0  startup_stm32f427xx.o(.text)
    EXTI3_IRQHandler                         0x08000297   Thumb Code     0  startup_stm32f427xx.o(.text)
    FLASH_IRQHandler                         0x08000297   Thumb Code     0  startup_stm32f427xx.o(.text)
    FMC_IRQHandler                           0x08000297   Thumb Code     0  startup_stm32f427xx.o(.text)
    FPU_IRQHandler                           0x08000297   Thumb Code     0  startup_stm32f427xx.o(.text)
    HASH_RNG_IRQHandler                      0x08000297   Thumb Code     0  startup_stm32f427xx.o(.text)
    I2C1_ER_IRQHandler                       0x08000297   Thumb Code     0  startup_stm32f427xx.o(.text)
    I2C1_EV_IRQHandler                       0x08000297   Thumb Code     0  startup_stm32f427xx.o(.text)
    I2C2_ER_IRQHandler                       0x08000297   Thumb Code     0  startup_stm32f427xx.o(.text)
    I2C2_EV_IRQHandler                       0x08000297   Thumb Code     0  startup_stm32f427xx.o(.text)
    I2C3_ER_IRQHandler                       0x08000297   Thumb Code     0  startup_stm32f427xx.o(.text)
    I2C3_EV_IRQHandler                       0x08000297   Thumb Code     0  startup_stm32f427xx.o(.text)
    OTG_FS_IRQHandler                        0x08000297   Thumb Code     0  startup_stm32f427xx.o(.text)
    OTG_FS_WKUP_IRQHandler                   0x08000297   Thumb Code     0  startup_stm32f427xx.o(.text)
    OTG_HS_EP1_IN_IRQHandler                 0x08000297   Thumb Code     0  startup_stm32f427xx.o(.text)
    OTG_HS_EP1_OUT_IRQHandler                0x08000297   Thumb Code     0  startup_stm32f427xx.o(.text)
    OTG_HS_IRQHandler                        0x08000297   Thumb Code     0  startup_stm32f427xx.o(.text)
    OTG_HS_WKUP_IRQHandler                   0x08000297   Thumb Code     0  startup_stm32f427xx.o(.text)
    PVD_IRQHandler                           0x08000297   Thumb Code     0  startup_stm32f427xx.o(.text)
    RCC_IRQHandler                           0x08000297   Thumb Code     0  startup_stm32f427xx.o(.text)
    RTC_Alarm_IRQHandler                     0x08000297   Thumb Code     0  startup_stm32f427xx.o(.text)
    RTC_WKUP_IRQHandler                      0x08000297   Thumb Code     0  startup_stm32f427xx.o(.text)
    SAI1_IRQHandler                          0x08000297   Thumb Code     0  startup_stm32f427xx.o(.text)
    SDIO_IRQHandler                          0x08000297   Thumb Code     0  startup_stm32f427xx.o(.text)
    SPI1_IRQHandler                          0x08000297   Thumb Code     0  startup_stm32f427xx.o(.text)
    SPI2_IRQHandler                          0x08000297   Thumb Code     0  startup_stm32f427xx.o(.text)
    SPI3_IRQHandler                          0x08000297   Thumb Code     0  startup_stm32f427xx.o(.text)
    SPI4_IRQHandler                          0x08000297   Thumb Code     0  startup_stm32f427xx.o(.text)
    SPI5_IRQHandler                          0x08000297   Thumb Code     0  startup_stm32f427xx.o(.text)
    SPI6_IRQHandler                          0x08000297   Thumb Code     0  startup_stm32f427xx.o(.text)
    TAMP_STAMP_IRQHandler                    0x08000297   Thumb Code     0  startup_stm32f427xx.o(.text)
    TIM1_BRK_TIM9_IRQHandler                 0x08000297   Thumb Code     0  startup_stm32f427xx.o(.text)
    TIM1_CC_IRQHandler                       0x08000297   Thumb Code     0  startup_stm32f427xx.o(.text)
    TIM1_TRG_COM_TIM11_IRQHandler            0x08000297   Thumb Code     0  startup_stm32f427xx.o(.text)
    TIM1_UP_TIM10_IRQHandler                 0x08000297   Thumb Code     0  startup_stm32f427xx.o(.text)
    TIM3_IRQHandler                          0x08000297   Thumb Code     0  startup_stm32f427xx.o(.text)
    TIM4_IRQHandler                          0x08000297   Thumb Code     0  startup_stm32f427xx.o(.text)
    TIM5_IRQHandler                          0x08000297   Thumb Code     0  startup_stm32f427xx.o(.text)
    TIM6_DAC_IRQHandler                      0x08000297   Thumb Code     0  startup_stm32f427xx.o(.text)
    TIM7_IRQHandler                          0x08000297   Thumb Code     0  startup_stm32f427xx.o(.text)
    TIM8_BRK_TIM12_IRQHandler                0x08000297   Thumb Code     0  startup_stm32f427xx.o(.text)
    TIM8_CC_IRQHandler                       0x08000297   Thumb Code     0  startup_stm32f427xx.o(.text)
    TIM8_TRG_COM_TIM14_IRQHandler            0x08000297   Thumb Code     0  startup_stm32f427xx.o(.text)
    TIM8_UP_TIM13_IRQHandler                 0x08000297   Thumb Code     0  startup_stm32f427xx.o(.text)
    UART4_IRQHandler                         0x08000297   Thumb Code     0  startup_stm32f427xx.o(.text)
    UART5_IRQHandler                         0x08000297   Thumb Code     0  startup_stm32f427xx.o(.text)
    UART7_IRQHandler                         0x08000297   Thumb Code     0  startup_stm32f427xx.o(.text)
    UART8_IRQHandler                         0x08000297   Thumb Code     0  startup_stm32f427xx.o(.text)
    USART3_IRQHandler                        0x08000297   Thumb Code     0  startup_stm32f427xx.o(.text)
    WWDG_IRQHandler                          0x08000297   Thumb Code     0  startup_stm32f427xx.o(.text)
    __aeabi_uldivmod                         0x080002a1   Thumb Code    98  uldiv.o(.text)
    __aeabi_memcpy                           0x08000303   Thumb Code    36  memcpya.o(.text)
    __aeabi_memcpy4                          0x08000303   Thumb Code     0  memcpya.o(.text)
    __aeabi_memcpy8                          0x08000303   Thumb Code     0  memcpya.o(.text)
    __aeabi_memset                           0x08000327   Thumb Code    14  memseta.o(.text)
    __aeabi_memset4                          0x08000327   Thumb Code     0  memseta.o(.text)
    __aeabi_memset8                          0x08000327   Thumb Code     0  memseta.o(.text)
    __aeabi_memclr                           0x08000335   Thumb Code     4  memseta.o(.text)
    __aeabi_memclr4                          0x08000335   Thumb Code     0  memseta.o(.text)
    __aeabi_memclr8                          0x08000335   Thumb Code     0  memseta.o(.text)
    _memset$wrapper                          0x08000339   Thumb Code    18  memseta.o(.text)
    __aeabi_dadd                             0x0800034b   Thumb Code   322  dadd.o(.text)
    __aeabi_dsub                             0x0800048d   Thumb Code     6  dadd.o(.text)
    __aeabi_drsub                            0x08000493   Thumb Code     6  dadd.o(.text)
    __aeabi_dmul                             0x08000499   Thumb Code   228  dmul.o(.text)
    __aeabi_ddiv                             0x0800057d   Thumb Code   222  ddiv.o(.text)
    __aeabi_i2d                              0x0800065b   Thumb Code    34  dflti.o(.text)
    __aeabi_f2d                              0x0800067d   Thumb Code    38  f2d.o(.text)
    __aeabi_cdrcmple                         0x080006a5   Thumb Code    48  cdrcmple.o(.text)
    __aeabi_d2f                              0x080006d5   Thumb Code    56  d2f.o(.text)
    __aeabi_llsl                             0x0800070d   Thumb Code    30  llshl.o(.text)
    _ll_shift_l                              0x0800070d   Thumb Code     0  llshl.o(.text)
    __aeabi_llsr                             0x0800072b   Thumb Code    32  llushr.o(.text)
    _ll_ushift_r                             0x0800072b   Thumb Code     0  llushr.o(.text)
    __aeabi_lasr                             0x0800074b   Thumb Code    36  llsshr.o(.text)
    _ll_sshift_r                             0x0800074b   Thumb Code     0  llsshr.o(.text)
    __I$use$fp                               0x0800076f   Thumb Code     0  iusefp.o(.text)
    _float_round                             0x0800076f   Thumb Code    18  fepilogue.o(.text)
    _float_epilogue                          0x08000781   Thumb Code    92  fepilogue.o(.text)
    _double_round                            0x080007dd   Thumb Code    30  depilogue.o(.text)
    _double_epilogue                         0x080007fb   Thumb Code   156  depilogue.o(.text)
    __scatterload                            0x08000899   Thumb Code    28  init.o(.text)
    __scatterload_rt2                        0x08000899   Thumb Code     0  init.o(.text)
    __aeabi_ui2d                             0x080008bd   Thumb Code    26  dfltui.o(.text)
    __aeabi_d2iz                             0x080008d7   Thumb Code    62  dfixi.o(.text)
    __decompress                             0x08000915   Thumb Code     0  __dczerorl2.o(.text)
    __decompress1                            0x08000915   Thumb Code    86  __dczerorl2.o(.text)
    ARM_Calc_Output                          0x0800096d   Thumb Code   102  driver_manipulator.o(i.ARM_Calc_Output)
    ARM_Electric_Operate                     0x080009ed   Thumb Code    20  driver_manipulator.o(i.ARM_Electric_Operate)
    ARM_Gas_Operate                          0x08000a01   Thumb Code   138  driver_manipulator.o(i.ARM_Gas_Operate)
    ARM_Get_AngleRef                         0x08000aa1   Thumb Code   206  driver_manipulator.o(i.ARM_Get_AngleRef)
    ARM_Get_PID                              0x08000b95   Thumb Code    34  driver_manipulator.o(i.ARM_Get_PID)
    ARM_Set_Current                          0x08000bc5   Thumb Code    22  driver_manipulator.o(i.ARM_Set_Current)
    BM_Calc_Output                           0x08000be9   Thumb Code   256  driver_beltraise.o(i.BM_Calc_Output)
    BM_Get_PID                               0x08000d11   Thumb Code    78  driver_beltraise.o(i.BM_Get_PID)
    BM_Get_SpeedRef_SM                       0x08000d71   Thumb Code    94  driver_beltraise.o(i.BM_Get_SpeedRef_SM)
    BM_Set_Current                           0x08000ddd   Thumb Code    24  driver_beltraise.o(i.BM_Set_Current)
    BSP_Init                                 0x08000df9   Thumb Code    44  bsp.o(i.BSP_Init)
    Belt_Control                             0x08000e25   Thumb Code    20  driver_beltraise.o(i.Belt_Control)
    Belt_Move_Down                           0x08000e39   Thumb Code   152  driver_beltraise.o(i.Belt_Move_Down)
    Belt_Move_Up                             0x08000ef5   Thumb Code   150  driver_beltraise.o(i.Belt_Move_Up)
    BusFault_Handler                         0x08000fb1   Thumb Code     4  stm32f4xx_it.o(i.BusFault_Handler)
    CAN1_Msg_Process                         0x08000fb5   Thumb Code   208  canbustask.o(i.CAN1_Msg_Process)
    CAN1_RX0_IRQHandler                      0x080010b9   Thumb Code    10  stm32f4xx_it.o(i.CAN1_RX0_IRQHandler)
    CAN1_Send_CM                             0x080010c9   Thumb Code    72  canbustask.o(i.CAN1_Send_CM)
    CAN1_TX_IRQHandler                       0x08001119   Thumb Code    10  stm32f4xx_it.o(i.CAN1_TX_IRQHandler)
    CAN2_Msg_Process                         0x08001129   Thumb Code   142  canbustask.o(i.CAN2_Msg_Process)
    CAN2_RX0_IRQHandler                      0x080011dd   Thumb Code    10  stm32f4xx_it.o(i.CAN2_RX0_IRQHandler)
    CAN2_Send_GM                             0x080011ed   Thumb Code    56  canbustask.o(i.CAN2_Send_GM)
    CAN2_Send_LM                             0x0800122d   Thumb Code    72  canbustask.o(i.CAN2_Send_LM)
    CAN2_TX_IRQHandler                       0x0800127d   Thumb Code    10  stm32f4xx_it.o(i.CAN2_TX_IRQHandler)
    CAN_bufferPop                            0x0800128d   Thumb Code    78  bsp_data.o(i.CAN_bufferPop)
    CAN_bufferPush                           0x080012db   Thumb Code    68  bsp_data.o(i.CAN_bufferPush)
    CAN_bufferlen                            0x0800131f   Thumb Code    24  bsp_data.o(i.CAN_bufferlen)
    CM_Calc_Output                           0x08001339   Thumb Code   500  driver_chassis.o(i.CM_Calc_Output)
    CM_Get_PID                               0x08001565   Thumb Code   134  driver_chassis.o(i.CM_Get_PID)
    CM_Get_SpeedRef_SM                       0x08001609   Thumb Code   618  driver_chassis.o(i.CM_Get_SpeedRef_SM)
    CM_Set_Current                           0x080018ad   Thumb Code   134  driver_chassis.o(i.CM_Set_Current)
    Can_Send                                 0x08001d4d   Thumb Code    84  canbustask.o(i.Can_Send)
    Can_Send_Task                            0x08001dc1   Thumb Code    24  canbustask.o(i.Can_Send_Task)
    CarMoveFSM                               0x08001dd9   Thumb Code   530  statusmachine.o(i.CarMoveFSM)
    Car_Move_State_Select                    0x08002009   Thumb Code   160  statusmachine.o(i.Car_Move_State_Select)
    Chassis_Control                          0x080020bd   Thumb Code    20  driver_chassis.o(i.Chassis_Control)
    ControlLoopTaskInit                      0x080020d1   Thumb Code    14  controltask.o(i.ControlLoopTaskInit)
    ControlTask                              0x080020e5   Thumb Code    60  controltask.o(i.ControlTask)
    DMA1_Stream5_IRQHandler                  0x08002125   Thumb Code    10  stm32f4xx_it.o(i.DMA1_Stream5_IRQHandler)
    DMA2_Stream2_IRQHandler                  0x08002135   Thumb Code    10  stm32f4xx_it.o(i.DMA2_Stream2_IRQHandler)
    DebugMon_Handler                         0x0800224f   Thumb Code     2  stm32f4xx_it.o(i.DebugMon_Handler)
    Drivers_Control_Task                     0x08002251   Thumb Code    28  controltask.o(i.Drivers_Control_Task)
    EXTI4_IRQHandler                         0x0800226d   Thumb Code    20  stm32f4xx_it.o(i.EXTI4_IRQHandler)
    EXTI9_5_IRQHandler                       0x08002285   Thumb Code    20  stm32f4xx_it.o(i.EXTI9_5_IRQHandler)
    EncoderProcess                           0x0800229d   Thumb Code   200  canbustask.o(i.EncoderProcess)
    GuideWheel_Control                       0x0800236d   Thumb Code    92  driver_guidewheel.o(i.GuideWheel_Control)
    HAL_CAN_ActivateNotification             0x080023d5   Thumb Code    44  stm32f4xx_hal_can.o(i.HAL_CAN_ActivateNotification)
    HAL_CAN_AddTxMessage                     0x08002401   Thumb Code   298  stm32f4xx_hal_can.o(i.HAL_CAN_AddTxMessage)
    HAL_CAN_ConfigFilter                     0x0800252d   Thumb Code   288  stm32f4xx_hal_can.o(i.HAL_CAN_ConfigFilter)
    HAL_CAN_ErrorCallback                    0x08002651   Thumb Code     2  stm32f4xx_hal_can.o(i.HAL_CAN_ErrorCallback)
    HAL_CAN_GetRxMessage                     0x08002653   Thumb Code   392  stm32f4xx_hal_can.o(i.HAL_CAN_GetRxMessage)
    HAL_CAN_GetTxMailboxesFreeLevel          0x080027db   Thumb Code    58  stm32f4xx_hal_can.o(i.HAL_CAN_GetTxMailboxesFreeLevel)
    HAL_CAN_IRQHandler                       0x08002815   Thumb Code   590  stm32f4xx_hal_can.o(i.HAL_CAN_IRQHandler)
    HAL_CAN_Init                             0x08002a63   Thumb Code   374  stm32f4xx_hal_can.o(i.HAL_CAN_Init)
    HAL_CAN_MspInit                          0x08002bd9   Thumb Code   180  bsp_can.o(i.HAL_CAN_MspInit)
    HAL_CAN_RxFifo0FullCallback              0x08002ca1   Thumb Code     2  stm32f4xx_hal_can.o(i.HAL_CAN_RxFifo0FullCallback)
    HAL_CAN_RxFifo0MsgPendingCallback        0x08002ca5   Thumb Code    60  canbustask.o(i.HAL_CAN_RxFifo0MsgPendingCallback)
    HAL_CAN_RxFifo1FullCallback              0x08002cf9   Thumb Code     2  stm32f4xx_hal_can.o(i.HAL_CAN_RxFifo1FullCallback)
    HAL_CAN_RxFifo1MsgPendingCallback        0x08002cfb   Thumb Code     2  stm32f4xx_hal_can.o(i.HAL_CAN_RxFifo1MsgPendingCallback)
    HAL_CAN_SleepCallback                    0x08002cfd   Thumb Code     2  stm32f4xx_hal_can.o(i.HAL_CAN_SleepCallback)
    HAL_CAN_Start                            0x08002cff   Thumb Code    96  stm32f4xx_hal_can.o(i.HAL_CAN_Start)
    HAL_CAN_TxMailbox0AbortCallback          0x08002d5f   Thumb Code     2  stm32f4xx_hal_can.o(i.HAL_CAN_TxMailbox0AbortCallback)
    HAL_CAN_TxMailbox0CompleteCallback       0x08002d61   Thumb Code    94  canbustask.o(i.HAL_CAN_TxMailbox0CompleteCallback)
    HAL_CAN_TxMailbox1AbortCallback          0x08002de1   Thumb Code     2  stm32f4xx_hal_can.o(i.HAL_CAN_TxMailbox1AbortCallback)
    HAL_CAN_TxMailbox1CompleteCallback       0x08002de3   Thumb Code     2  stm32f4xx_hal_can.o(i.HAL_CAN_TxMailbox1CompleteCallback)
    HAL_CAN_TxMailbox2AbortCallback          0x08002de5   Thumb Code     2  stm32f4xx_hal_can.o(i.HAL_CAN_TxMailbox2AbortCallback)
    HAL_CAN_TxMailbox2CompleteCallback       0x08002de7   Thumb Code     2  stm32f4xx_hal_can.o(i.HAL_CAN_TxMailbox2CompleteCallback)
    HAL_CAN_WakeUpFromRxMsgCallback          0x08002de9   Thumb Code     2  stm32f4xx_hal_can.o(i.HAL_CAN_WakeUpFromRxMsgCallback)
    HAL_DMA_Abort                            0x08002deb   Thumb Code   170  stm32f4xx_hal_dma.o(i.HAL_DMA_Abort)
    HAL_DMA_IRQHandler                       0x08002e95   Thumb Code   570  stm32f4xx_hal_dma.o(i.HAL_DMA_IRQHandler)
    HAL_DMA_Init                             0x080030d5   Thumb Code   232  stm32f4xx_hal_dma.o(i.HAL_DMA_Init)
    HAL_DMA_Start_IT                         0x080031c1   Thumb Code   158  stm32f4xx_hal_dma.o(i.HAL_DMA_Start_IT)
    HAL_GPIO_EXTI_Callback                   0x0800325f   Thumb Code     2  stm32f4xx_hal_gpio.o(i.HAL_GPIO_EXTI_Callback)
    HAL_GPIO_EXTI_IRQHandler                 0x08003261   Thumb Code    24  stm32f4xx_hal_gpio.o(i.HAL_GPIO_EXTI_IRQHandler)
    HAL_GPIO_Init                            0x0800327d   Thumb Code   486  stm32f4xx_hal_gpio.o(i.HAL_GPIO_Init)
    HAL_GPIO_ReadPin                         0x08003499   Thumb Code    16  stm32f4xx_hal_gpio.o(i.HAL_GPIO_ReadPin)
    HAL_GPIO_TogglePin                       0x080034a9   Thumb Code     8  stm32f4xx_hal_gpio.o(i.HAL_GPIO_TogglePin)
    HAL_GPIO_WritePin                        0x080034b1   Thumb Code    12  stm32f4xx_hal_gpio.o(i.HAL_GPIO_WritePin)
    HAL_GetTick                              0x080034bd   Thumb Code     6  stm32f4xx_hal.o(i.HAL_GetTick)
    HAL_IncTick                              0x080034c9   Thumb Code    16  stm32f4xx_hal.o(i.HAL_IncTick)
    HAL_Init                                 0x080034e1   Thumb Code    54  stm32f4xx_hal.o(i.HAL_Init)
    HAL_InitTick                             0x0800351d   Thumb Code   124  stm32f4xx_hal_timebase_tim.o(i.HAL_InitTick)
    HAL_MspInit                              0x080035a5   Thumb Code   150  stm32f4xx_hal_msp.o(i.HAL_MspInit)
    HAL_NVIC_EnableIRQ                       0x08003641   Thumb Code    26  stm32f4xx_hal_cortex.o(i.HAL_NVIC_EnableIRQ)
    HAL_NVIC_SetPriority                     0x0800365b   Thumb Code   124  stm32f4xx_hal_cortex.o(i.HAL_NVIC_SetPriority)
    HAL_NVIC_SetPriorityGrouping             0x080036d9   Thumb Code    32  stm32f4xx_hal_cortex.o(i.HAL_NVIC_SetPriorityGrouping)
    HAL_RCC_ClockConfig                      0x08003701   Thumb Code   366  stm32f4xx_hal_rcc.o(i.HAL_RCC_ClockConfig)
    HAL_RCC_GetClockConfig                   0x08003881   Thumb Code    58  stm32f4xx_hal_rcc.o(i.HAL_RCC_GetClockConfig)
    HAL_RCC_GetHCLKFreq                      0x080038c5   Thumb Code     6  stm32f4xx_hal_rcc.o(i.HAL_RCC_GetHCLKFreq)
    HAL_RCC_GetPCLK1Freq                     0x080038d1   Thumb Code    22  stm32f4xx_hal_rcc.o(i.HAL_RCC_GetPCLK1Freq)
    HAL_RCC_GetPCLK2Freq                     0x080038f1   Thumb Code    22  stm32f4xx_hal_rcc.o(i.HAL_RCC_GetPCLK2Freq)
    HAL_RCC_GetSysClockFreq                  0x08003911   Thumb Code   162  stm32f4xx_hal_rcc.o(i.HAL_RCC_GetSysClockFreq)
    HAL_RCC_OscConfig                        0x080039c1   Thumb Code  1086  stm32f4xx_hal_rcc.o(i.HAL_RCC_OscConfig)
    HAL_SPI_Init                             0x08003e09   Thumb Code   140  stm32f4xx_hal_spi.o(i.HAL_SPI_Init)
    HAL_SPI_MspInit                          0x08003e95   Thumb Code    78  bsp_spi.o(i.HAL_SPI_MspInit)
    HAL_SYSTICK_CLKSourceConfig              0x08003ef1   Thumb Code    40  stm32f4xx_hal_cortex.o(i.HAL_SYSTICK_CLKSourceConfig)
    HAL_SYSTICK_Config                       0x08003f19   Thumb Code    52  stm32f4xx_hal_cortex.o(i.HAL_SYSTICK_Config)
    HAL_TIMEx_BreakCallback                  0x08003f4d   Thumb Code     2  stm32f4xx_hal_tim_ex.o(i.HAL_TIMEx_BreakCallback)
    HAL_TIMEx_CommutationCallback            0x08003f4f   Thumb Code     2  stm32f4xx_hal_tim_ex.o(i.HAL_TIMEx_CommutationCallback)
    HAL_TIMEx_MasterConfigSynchronization    0x08003f51   Thumb Code    98  stm32f4xx_hal_tim_ex.o(i.HAL_TIMEx_MasterConfigSynchronization)
    HAL_TIM_Base_Init                        0x08003fb3   Thumb Code    52  stm32f4xx_hal_tim.o(i.HAL_TIM_Base_Init)
    HAL_TIM_Base_MspInit                     0x08003fe9   Thumb Code    44  bsp_tim.o(i.HAL_TIM_Base_MspInit)
    HAL_TIM_Base_Start                       0x0800401d   Thumb Code    30  stm32f4xx_hal_tim.o(i.HAL_TIM_Base_Start)
    HAL_TIM_Base_Start_IT                    0x0800403b   Thumb Code    30  stm32f4xx_hal_tim.o(i.HAL_TIM_Base_Start_IT)
    HAL_TIM_IC_CaptureCallback               0x08004059   Thumb Code     2  stm32f4xx_hal_tim.o(i.HAL_TIM_IC_CaptureCallback)
    HAL_TIM_IRQHandler                       0x0800405b   Thumb Code   406  stm32f4xx_hal_tim.o(i.HAL_TIM_IRQHandler)
    HAL_TIM_MspPostInit                      0x080041f1   Thumb Code   108  bsp_tim.o(i.HAL_TIM_MspPostInit)
    HAL_TIM_OC_DelayElapsedCallback          0x08004271   Thumb Code     2  stm32f4xx_hal_tim.o(i.HAL_TIM_OC_DelayElapsedCallback)
    HAL_TIM_PWM_ConfigChannel                0x08004273   Thumb Code   264  stm32f4xx_hal_tim.o(i.HAL_TIM_PWM_ConfigChannel)
    HAL_TIM_PWM_Init                         0x0800437b   Thumb Code    52  stm32f4xx_hal_tim.o(i.HAL_TIM_PWM_Init)
    HAL_TIM_PWM_MspInit                      0x080043b1   Thumb Code    44  bsp_tim.o(i.HAL_TIM_PWM_MspInit)
    HAL_TIM_PWM_PulseFinishedCallback        0x080043e5   Thumb Code     2  stm32f4xx_hal_tim.o(i.HAL_TIM_PWM_PulseFinishedCallback)
    HAL_TIM_PWM_Start                        0x080043e9   Thumb Code    68  stm32f4xx_hal_tim.o(i.HAL_TIM_PWM_Start)
    HAL_TIM_PeriodElapsedCallback            0x08004435   Thumb Code    18  main.o(i.HAL_TIM_PeriodElapsedCallback)
    HAL_TIM_SlaveConfigSynchronization       0x08004447   Thumb Code    86  stm32f4xx_hal_tim.o(i.HAL_TIM_SlaveConfigSynchronization)
    HAL_TIM_TriggerCallback                  0x0800449d   Thumb Code     2  stm32f4xx_hal_tim.o(i.HAL_TIM_TriggerCallback)
    HAL_UART_AbortReceive                    0x0800449f   Thumb Code    80  stm32f4xx_hal_uart.o(i.HAL_UART_AbortReceive)
    HAL_UART_ErrorCallback                   0x080044ef   Thumb Code     2  stm32f4xx_hal_uart.o(i.HAL_UART_ErrorCallback)
    HAL_UART_Init                            0x080044f1   Thumb Code   114  stm32f4xx_hal_uart.o(i.HAL_UART_Init)
    HAL_UART_MspInit                         0x08004565   Thumb Code   502  bsp_usart.o(i.HAL_UART_MspInit)
    HAL_UART_Receive_DMA                     0x080047a5   Thumb Code   158  stm32f4xx_hal_uart.o(i.HAL_UART_Receive_DMA)
    HAL_UART_RxCpltCallback                  0x08004851   Thumb Code     2  stm32f4xx_hal_uart.o(i.HAL_UART_RxCpltCallback)
    HAL_UART_RxHalfCpltCallback              0x08004853   Thumb Code     2  stm32f4xx_hal_uart.o(i.HAL_UART_RxHalfCpltCallback)
    HardFault_Handler                        0x08004855   Thumb Code     4  stm32f4xx_it.o(i.HardFault_Handler)
    InfraredSensor_StateGet                  0x08004859   Thumb Code    28  driver_sensor.o(i.InfraredSensor_StateGet)
    Input_Mode_Select                        0x08004885   Thumb Code    44  statusmachine.o(i.Input_Mode_Select)
    Is_Lost_Error_Set                        0x080048b9   Thumb Code    22  supervisetask.o(i.Is_Lost_Error_Set)
    Led_Toggle_Task                          0x080048d5   Thumb Code    30  freertos.o(i.Led_Toggle_Task)
    MX_CAN1_Init                             0x080048f9   Thumb Code   166  bsp_can.o(i.MX_CAN1_Init)
    MX_CAN2_Init                             0x080049cd   Thumb Code   168  bsp_can.o(i.MX_CAN2_Init)
    MX_DMA_Init                              0x08004aa1   Thumb Code    66  bsp_dma.o(i.MX_DMA_Init)
    MX_FREERTOS_Init                         0x08004ae9   Thumb Code   208  freertos.o(i.MX_FREERTOS_Init)
    MX_GPIO_Init                             0x08004be5   Thumb Code   558  bsp_gpio.o(i.MX_GPIO_Init)
    MX_NVIC_Init                             0x08004e35   Thumb Code   180  bsp_nvic.o(i.MX_NVIC_Init)
    MX_SPI4_Init                             0x08004ee9   Thumb Code    62  bsp_spi.o(i.MX_SPI4_Init)
    MX_TIM3_Init                             0x08004f45   Thumb Code   206  bsp_tim.o(i.MX_TIM3_Init)
    MX_TIM4_Init                             0x08005031   Thumb Code   150  bsp_tim.o(i.MX_TIM4_Init)
    MX_USART1_UART_Init                      0x080050e5   Thumb Code    74  bsp_usart.o(i.MX_USART1_UART_Init)
    MX_USART6_UART_Init                      0x08005155   Thumb Code    76  bsp_usart.o(i.MX_USART6_UART_Init)
    Manipulator_Control                      0x080051c1   Thumb Code    12  driver_manipulator.o(i.Manipulator_Control)
    MemManage_Handler                        0x080051cd   Thumb Code     4  stm32f4xx_it.o(i.MemManage_Handler)
    MotorInit                                0x080051d1   Thumb Code    36  driver_guidewheel.o(i.MotorInit)
    NMI_Handler                              0x080051fd   Thumb Code     2  stm32f4xx_it.o(i.NMI_Handler)
    PID_Calc                                 0x08005239   Thumb Code  1298  driverlib_pid.o(i.PID_Calc)
    PID_Reset                                0x08005775   Thumb Code    52  driverlib_pid.o(i.PID_Reset)
    PID_Task                                 0x080057ad   Thumb Code    48  driverlib_pid.o(i.PID_Task)
    RemoteDataProcess                        0x080057dd   Thumb Code   218  driver_remote.o(i.RemoteDataProcess)
    RemoteTaskInit                           0x080058bd   Thumb Code    16  driver_remote.o(i.RemoteTaskInit)
    Reset_Error_Flag                         0x080058d1   Thumb Code    16  supervisetask.o(i.Reset_Error_Flag)
    Set_Error_Flag                           0x080058e5   Thumb Code    16  supervisetask.o(i.Set_Error_Flag)
    StatusMachine                            0x080058f9   Thumb Code    24  statusmachine.o(i.StatusMachine)
    StatusMachine_Init                       0x08005911   Thumb Code    14  statusmachine.o(i.StatusMachine_Init)
    StatusMachine_Update                     0x08005925   Thumb Code    20  statusmachine.o(i.StatusMachine_Update)
    Superviese_Task                          0x08005939   Thumb Code    14  supervisetask.o(i.Superviese_Task)
    SysTick_Handler                          0x08005947   Thumb Code     8  stm32f4xx_it.o(i.SysTick_Handler)
    SystemClock_Config                       0x08005951   Thumb Code   198  main.o(i.SystemClock_Config)
    SystemInit                               0x08005a31   Thumb Code    82  system_stm32f4xx.o(i.SystemInit)
    TIM2_IRQHandler                          0x08005a95   Thumb Code    10  stm32f4xx_it.o(i.TIM2_IRQHandler)
    TIM_Base_SetConfig                       0x08005aa5   Thumb Code   184  stm32f4xx_hal_tim.o(i.TIM_Base_SetConfig)
    TIM_CCxChannelCmd                        0x08005b89   Thumb Code    28  stm32f4xx_hal_tim.o(i.TIM_CCxChannelCmd)
    TIM_OC2_SetConfig                        0x08005c2d   Thumb Code   112  stm32f4xx_hal_tim.o(i.TIM_OC2_SetConfig)
    Task_Monitor                             0x08005e79   Thumb Code   390  supervisetask.o(i.Task_Monitor)
    USART1_IRQHandler                        0x08006481   Thumb Code    92  stm32f4xx_it.o(i.USART1_IRQHandler)
    USART2_IRQHandler                        0x080064ed   Thumb Code     2  stm32f4xx_it.o(i.USART2_IRQHandler)
    USART6_IRQHandler                        0x080064f1   Thumb Code    96  stm32f4xx_it.o(i.USART6_IRQHandler)
    UpIsland_Init                            0x08006561   Thumb Code    36  statusmachine.o(i.UpIsland_Init)
    UsageFault_Handler                       0x080065a1   Thumb Code     4  stm32f4xx_it.o(i.UsageFault_Handler)
    WorkStateFSM                             0x080065a5   Thumb Code   176  statusmachine.o(i.WorkStateFSM)
    _Error_Handler                           0x0800668d   Thumb Code     4  main.o(i._Error_Handler)
    __ARM_fpclassify                         0x08006691   Thumb Code    48  fpclassify.o(i.__ARM_fpclassify)
    __hardfp_cos                             0x080066c1   Thumb Code   180  cos.o(i.__hardfp_cos)
    __hardfp_fabs                            0x08006789   Thumb Code    20  fabs.o(i.__hardfp_fabs)
    __hardfp_sin                             0x080067a1   Thumb Code   180  sin.o(i.__hardfp_sin)
    __ieee754_rem_pio2                       0x08006869   Thumb Code   938  rred.o(i.__ieee754_rem_pio2)
    __kernel_cos                             0x08006ca1   Thumb Code   322  cos_i.o(i.__kernel_cos)
    __kernel_poly                            0x08006e11   Thumb Code   248  poly.o(i.__kernel_poly)
    __kernel_sin                             0x08006f09   Thumb Code   280  sin_i.o(i.__kernel_sin)
    __mathlib_dbl_infnan                     0x08007039   Thumb Code    20  dunder.o(i.__mathlib_dbl_infnan)
    __mathlib_dbl_invalid                    0x08007051   Thumb Code    24  dunder.o(i.__mathlib_dbl_invalid)
    __mathlib_dbl_underflow                  0x08007071   Thumb Code    24  dunder.o(i.__mathlib_dbl_underflow)
    __scatterload_copy                       0x08007091   Thumb Code    14  handlers.o(i.__scatterload_copy)
    __scatterload_null                       0x0800709f   Thumb Code     2  handlers.o(i.__scatterload_null)
    __scatterload_zeroinit                   0x080070a1   Thumb Code    14  handlers.o(i.__scatterload_zeroinit)
    __set_errno                              0x080070b1   Thumb Code     6  errno.o(i.__set_errno)
    bufferPush                               0x080070bd   Thumb Code    52  bsp_data.o(i.bufferPush)
    fabs                                     0x080070f1   Thumb Code    24  fabs.o(i.fabs)
    get_measure                              0x08007109   Thumb Code   134  canbustask.o(i.get_measure)
    main                                     0x08007195   Thumb Code    28  main.o(i.main)
    osDelayUntil                             0x080071bf   Thumb Code    28  cmsis_os.o(i.osDelayUntil)
    osKernelStart                            0x080071db   Thumb Code    10  cmsis_os.o(i.osKernelStart)
    osMessageCreate                          0x080071e5   Thumb Code    18  cmsis_os.o(i.osMessageCreate)
    osMutexCreate                            0x080071f7   Thumb Code    12  cmsis_os.o(i.osMutexCreate)
    osRecursiveMutexCreate                   0x08007203   Thumb Code    12  cmsis_os.o(i.osRecursiveMutexCreate)
    osSemaphoreCreate                        0x0800720f   Thumb Code    50  cmsis_os.o(i.osSemaphoreCreate)
    osSystickHandler                         0x08007241   Thumb Code    16  cmsis_os.o(i.osSystickHandler)
    osThreadCreate                           0x08007251   Thumb Code    48  cmsis_os.o(i.osThreadCreate)
    pvPortMalloc                             0x08007859   Thumb Code   296  heap_4.o(i.pvPortMalloc)
    pxPortInitialiseStack                    0x08007995   Thumb Code    38  port.o(i.pxPortInitialiseStack)
    stick1_action                            0x080079c1   Thumb Code   132  driver_remote.o(i.stick1_action)
    stick1_change                            0x08007a65   Thumb Code    58  driver_remote.o(i.stick1_change)
    uxListRemove                             0x08007aa9   Thumb Code    40  list.o(i.uxListRemove)
    uxTaskGetStackHighWaterMark              0x08007ad1   Thumb Code    34  tasks.o(i.uxTaskGetStackHighWaterMark)
    vListInitialise                          0x08007af9   Thumb Code    26  list.o(i.vListInitialise)
    vListInitialiseItem                      0x08007b13   Thumb Code     6  list.o(i.vListInitialiseItem)
    vListInsert                              0x08007b19   Thumb Code    52  list.o(i.vListInsert)
    vListInsertEnd                           0x08007b4d   Thumb Code    24  list.o(i.vListInsertEnd)
    vPortEnterCritical                       0x08007b65   Thumb Code    76  port.o(i.vPortEnterCritical)
    vPortExitCritical                        0x08007bb9   Thumb Code    56  port.o(i.vPortExitCritical)
    vPortFree                                0x08007bf5   Thumb Code   140  heap_4.o(i.vPortFree)
    vPortSetupTimerInterrupt                 0x08007c89   Thumb Code    26  port.o(i.vPortSetupTimerInterrupt)
    vTaskDelayUntil                          0x08007ca9   Thumb Code   200  tasks.o(i.vTaskDelayUntil)
    vTaskMissedYield                         0x08007d7d   Thumb Code     8  tasks.o(i.vTaskMissedYield)
    vTaskPlaceOnEventList                    0x08007d89   Thumb Code    52  tasks.o(i.vTaskPlaceOnEventList)
    vTaskSetTimeOutState                     0x08007dc1   Thumb Code    38  tasks.o(i.vTaskSetTimeOutState)
    vTaskStartScheduler                      0x08007df1   Thumb Code   108  tasks.o(i.vTaskStartScheduler)
    vTaskSuspendAll                          0x08007e79   Thumb Code    12  tasks.o(i.vTaskSuspendAll)
    vTaskSwitchContext                       0x08007e89   Thumb Code   118  tasks.o(i.vTaskSwitchContext)
    xPortStartScheduler                      0x08007f15   Thumb Code   288  port.o(i.xPortStartScheduler)
    xPortSysTickHandler                      0x08008051   Thumb Code    46  port.o(i.xPortSysTickHandler)
    xQueueCreateCountingSemaphore            0x08008085   Thumb Code    92  queue.o(i.xQueueCreateCountingSemaphore)
    xQueueCreateMutex                        0x080080e1   Thumb Code    34  queue.o(i.xQueueCreateMutex)
    xQueueGenericCreate                      0x08008103   Thumb Code    88  queue.o(i.xQueueGenericCreate)
    xQueueGenericReset                       0x0800815d   Thumb Code   146  queue.o(i.xQueueGenericReset)
    xQueueGenericSend                        0x080081f5   Thumb Code   420  queue.o(i.xQueueGenericSend)
    xTaskCheckForTimeOut                     0x0800839d   Thumb Code   132  tasks.o(i.xTaskCheckForTimeOut)
    xTaskCreate                              0x08008429   Thumb Code    96  tasks.o(i.xTaskCreate)
    xTaskGetSchedulerState                   0x08008489   Thumb Code    24  tasks.o(i.xTaskGetSchedulerState)
    xTaskGetTickCount                        0x080084a9   Thumb Code     6  tasks.o(i.xTaskGetTickCount)
    xTaskIncrementTick                       0x080084b5   Thumb Code   282  tasks.o(i.xTaskIncrementTick)
    xTaskPriorityDisinherit                  0x080085fd   Thumb Code   188  tasks.o(i.xTaskPriorityDisinherit)
    xTaskRemoveFromEventList                 0x080086c5   Thumb Code   128  tasks.o(i.xTaskRemoveFromEventList)
    xTaskResumeAll                           0x0800875d   Thumb Code   224  tasks.o(i.xTaskResumeAll)
    AHBPrescTable                            0x080088cc   Data          16  system_stm32f4xx.o(.constdata)
    APBPrescTable                            0x080088dc   Data           8  system_stm32f4xx.o(.constdata)
    Region$$Table$$Base                      0x08008a54   Number         0  anon$$obj.o(Region$$Table)
    Region$$Table$$Limit                     0x08008a74   Number         0  anon$$obj.o(Region$$Table)
    WorkState                                0x20000000   Data           1  statusmachine.o(.data)
    LastWorkState                            0x20000001   Data           1  statusmachine.o(.data)
    CarMoveMode                              0x20000002   Data           1  statusmachine.o(.data)
    UpIslandState                            0x20000003   Data           1  statusmachine.o(.data)
    DownIslandState                          0x20000004   Data           1  statusmachine.o(.data)
    Up_Island_Flag                           0x20000006   Data           2  statusmachine.o(.data)
    Down_Island_Flag                         0x20000008   Data           2  statusmachine.o(.data)
    aaaa                                     0x2000000c   Data           4  stm32f4xx_it.o(.data)
    count1                                   0x20000010   Data           4  stm32f4xx_it.o(.data)
    count2                                   0x20000014   Data           4  stm32f4xx_it.o(.data)
    time_tick_1ms                            0x20000018   Data           4  controltask.o(.data)
    lost_err                                 0x2000001c   Data           4  supervisetask.o(.data)
    lost_counter_max                         0x20000020   Data          20  supervisetask.o(.data)
    DBUSFrameRate                            0x20000034   Data           2  supervisetask.o(.data)
    DBUSFrameCounter                         0x20000036   Data           2  supervisetask.o(.data)
    ChassisFrameRate                         0x20000038   Data           8  supervisetask.o(.data)
    ChassisFrameCounter                      0x20000040   Data           8  supervisetask.o(.data)
    GuideMotorFrameRate                      0x20000048   Data           4  supervisetask.o(.data)
    GuideMotorFrameCounter                   0x2000004c   Data           4  supervisetask.o(.data)
    MoveArmMotorFrameRate                    0x20000050   Data           2  supervisetask.o(.data)
    MoveArmMotorFrameCounter                 0x20000052   Data           2  supervisetask.o(.data)
    FlipArmMotorFrameRate                    0x20000054   Data           2  supervisetask.o(.data)
    FlipArmMotorFrameCounter                 0x20000056   Data           2  supervisetask.o(.data)
    CAN_Send_FrameRate                       0x20000058   Data           2  supervisetask.o(.data)
    CAN_Send_FrameCounter                    0x2000005a   Data           2  supervisetask.o(.data)
    CAN_Res_FrameRate                        0x2000005c   Data           2  supervisetask.o(.data)
    CAN_Res_FrameCounter                     0x2000005e   Data           2  supervisetask.o(.data)
    UART2FrameRate                           0x20000060   Data           2  supervisetask.o(.data)
    UART2FrameCounter                        0x20000062   Data           2  supervisetask.o(.data)
    Control_Stack                            0x20000064   Data           4  supervisetask.o(.data)
    CANSend_Stack                            0x20000068   Data           4  supervisetask.o(.data)
    SuperviseTask_Stack                      0x2000006c   Data           4  supervisetask.o(.data)
    Led_ToggleHandle                         0x20000070   Data           4  freertos.o(.data)
    Can_SendHandle                           0x20000074   Data           4  freertos.o(.data)
    Task_ControlHandle                       0x20000078   Data           4  freertos.o(.data)
    Status_UpdateHandle                      0x2000007c   Data           4  freertos.o(.data)
    Superviese_TaskHandle                    0x20000080   Data           4  freertos.o(.data)
    myQueue01Handle                          0x20000084   Data           4  freertos.o(.data)
    myMutex01Handle                          0x20000088   Data           4  freertos.o(.data)
    myRecursiveMutex01Handle                 0x2000008c   Data           4  freertos.o(.data)
    myBinarySem01Handle                      0x20000090   Data           4  freertos.o(.data)
    myCountingSem01Handle                    0x20000094   Data           4  freertos.o(.data)
    LCM1SpeedPID                             0x20000098   Data          81  driverlib_pid.o(.data)
    LCM2SpeedPID                             0x200000e9   Data          81  driverlib_pid.o(.data)
    LCM3SpeedPID                             0x2000013a   Data          81  driverlib_pid.o(.data)
    LCM4SpeedPID                             0x2000018b   Data          81  driverlib_pid.o(.data)
    LCM5SpeedPID                             0x200001dc   Data          81  driverlib_pid.o(.data)
    LCM6SpeedPID                             0x2000022d   Data          81  driverlib_pid.o(.data)
    CMRotatePID                              0x2000027e   Data          81  driverlib_pid.o(.data)
    CM1SpeedPID                              0x200002cf   Data          81  driverlib_pid.o(.data)
    CM2SpeedPID                              0x20000320   Data          81  driverlib_pid.o(.data)
    CM3SpeedPID                              0x20000371   Data          81  driverlib_pid.o(.data)
    CM4SpeedPID                              0x200003c2   Data          81  driverlib_pid.o(.data)
    AMRotatePID                              0x20000413   Data          81  driverlib_pid.o(.data)
    AMMovePID                                0x20000464   Data          81  driverlib_pid.o(.data)
    GM1SpeedPID                              0x200004b5   Data          81  driverlib_pid.o(.data)
    GM2SpeedPID                              0x20000506   Data          81  driverlib_pid.o(.data)
    deltaKpMatrix                            0x20000558   Data         196  driverlib_pid.o(.data)
    deltaKiMatrix                            0x2000061c   Data         196  driverlib_pid.o(.data)
    deltaKdMatrix                            0x200006e0   Data         196  driverlib_pid.o(.data)
    EC                                       0x200007a4   Data           4  driverlib_pid.o(.data)
    E                                        0x200007a8   Data           4  driverlib_pid.o(.data)
    E_Index                                  0x200007ac   Data           4  driverlib_pid.o(.data)
    EC_Index                                 0x200007b0   Data           4  driverlib_pid.o(.data)
    E_Max                                    0x200007b4   Data           4  driverlib_pid.o(.data)
    EC_Max                                   0x200007b8   Data           4  driverlib_pid.o(.data)
    E_Min                                    0x200007bc   Data           4  driverlib_pid.o(.data)
    EC_Min                                   0x200007c0   Data           4  driverlib_pid.o(.data)
    can_count                                0x200007d0   Data           4  canbustask.o(.data)
    TxMailFreeNum                            0x200007d4   Data           4  canbustask.o(.data)
    aa                                       0x200007d8   Data           2  canbustask.o(.data)
    bb                                       0x200007da   Data           2  canbustask.o(.data)
    BeltMotorSpeedRef                        0x200007dc   Data           4  driver_beltraise.o(.data)
    BeltMode                                 0x200007e0   Data           1  driver_beltraise.o(.data)
    bmkp                                     0x200007e4   Data           4  driver_beltraise.o(.data)
    raise_speed                              0x200007e8   Data           2  driver_beltraise.o(.data)
    steps                                    0x200007ea   Data           1  driver_beltraise.o(.data)
    steps_down                               0x200007eb   Data           1  driver_beltraise.o(.data)
    BM_AngelGet                              0x200007ec   Data           1  driver_beltraise.o(.data)
    ChassisMode                              0x20000824   Data           1  driver_chassis.o(.data)
    Foward_C_flag                            0x20000825   Data           1  driver_chassis.o(.data)
    Back_C_flag                              0x20000826   Data           1  driver_chassis.o(.data)
    tick_c_1                                 0x20000828   Data           4  driver_chassis.o(.data)
    underpan_acc                             0x2000082c   Data           2  driver_chassis.o(.data)
    InputMode                                0x20000838   Data           1  driver_remote.o(.data)
    stick_store                              0x20000839   Data           1  driver_remote.o(.data)
    timetick2                                0x2000083c   Data           4  driver_remote.o(.data)
    timetick1                                0x20000840   Data           4  driver_remote.o(.data)
    time_diff_1to3                           0x20000844   Data           4  driver_remote.o(.data)
    time_diff_1to2                           0x20000848   Data           4  driver_remote.o(.data)
    S_switch                                 0x2000084c   Data           1  driver_remote.o(.data)
    Action_stick                             0x2000084d   Data           1  driver_remote.o(.data)
    Foward_G_flag                            0x2000084e   Data           1  driver_guidewheel.o(.data)
    Back_GW_flag                             0x2000084f   Data           1  driver_guidewheel.o(.data)
    GW_direction                             0x20000850   Data           1  driver_guidewheel.o(.data)
    GW_Speed                                 0x20000852   Data           2  driver_guidewheel.o(.data)
    GuideWheelMode                           0x20000854   Data           1  driver_guidewheel.o(.data)
    ref_n                                    0x20000856   Data           2  driver_guidewheel.o(.data)
    InfraredState_back                       0x20000858   Data           2  driver_sensor.o(.data)
    InfraredState_front                      0x2000085a   Data           2  driver_sensor.o(.data)
    ArmMotorAngleRef                         0x2000085c   Data           4  driver_manipulator.o(.data)
    AM_Stall_Flag                            0x20000860   Data           1  driver_manipulator.o(.data)
    time_tick_arm                            0x20000864   Data           4  driver_manipulator.o(.data)
    SystemCoreClock                          0x2000086c   Data           4  system_stm32f4xx.o(.data)
    uwTick                                   0x20000870   Data           4  stm32f4xx_hal.o(.data)
    uwTickPrio                               0x20000874   Data           4  stm32f4xx_hal.o(.data)
    uwTickFreq                               0x20000878   Data           1  stm32f4xx_hal.o(.data)
    pxCurrentTCB                             0x200008a0   Data           4  tasks.o(.data)
    Que_MiniPC                               0x200008e0   Data         504  bsp_data.o(.bss)
    Que_JudgeFrame                           0x20000ad8   Data         504  bsp_data.o(.bss)
    Que_USART3_Tx                            0x20000cd0   Data         504  bsp_data.o(.bss)
    Que_CAN1_Tx                              0x20000ec8   Data         644  bsp_data.o(.bss)
    Que_CAN2_Tx                              0x2000114c   Data         644  bsp_data.o(.bss)
    TurntableEncoder                         0x200013d0   Data          68  canbustask.o(.bss)
    Chassis_Motor1_Measure                   0x20001414   Data          20  canbustask.o(.bss)
    Chassis_Motor2_Measure                   0x20001428   Data          20  canbustask.o(.bss)
    Chassis_Motor3_Measure                   0x2000143c   Data          20  canbustask.o(.bss)
    Chassis_Motor4_Measure                   0x20001450   Data          20  canbustask.o(.bss)
    LiftChain_Motor1_Measure                 0x20001464   Data          20  canbustask.o(.bss)
    LiftChain_Motor2_Measure                 0x20001478   Data          20  canbustask.o(.bss)
    LiftChain_Motor3_Measure                 0x2000148c   Data          20  canbustask.o(.bss)
    LiftChain_Motor4_Measure                 0x200014a0   Data          20  canbustask.o(.bss)
    LiftChain_Motor5_Measure                 0x200014b4   Data          20  canbustask.o(.bss)
    LiftChain_Motor6_Measure                 0x200014c8   Data          20  canbustask.o(.bss)
    Guide_Motor1_Measure                     0x200014dc   Data          20  canbustask.o(.bss)
    Guide_Motor2_Measure                     0x200014f0   Data          20  canbustask.o(.bss)
    FlipArm_Motor_Measure                    0x20001504   Data          20  canbustask.o(.bss)
    MoveArm_Motor_Measure                    0x20001518   Data          20  canbustask.o(.bss)
    ChassisData                              0x2000152c   Data          20  driver_chassis.o(.bss)
    RC_CtrlData                              0x20001540   Data          22  driver_remote.o(.bss)
    CAN1_Receive                             0x20001558   Data          36  bsp_can.o(.bss)
    CAN1_ReadyToSend                         0x2000157c   Data          32  bsp_can.o(.bss)
    CAN1_ReallySend                          0x2000159c   Data          32  bsp_can.o(.bss)
    CAN2_Receive                             0x200015bc   Data          36  bsp_can.o(.bss)
    CAN2_ReadyToSend                         0x200015e0   Data          32  bsp_can.o(.bss)
    CAN2_ReallySend                          0x20001600   Data          32  bsp_can.o(.bss)
    CAN2_Filter                              0x20001620   Data          40  bsp_can.o(.bss)
    hcan2                                    0x20001648   Data          40  bsp_can.o(.bss)
    CAN1_Filter                              0x20001670   Data          40  bsp_can.o(.bss)
    hcan1                                    0x20001698   Data          40  bsp_can.o(.bss)
    hspi4                                    0x200016c0   Data          88  bsp_spi.o(.bss)
    htim3                                    0x20001718   Data          60  bsp_tim.o(.bss)
    htim4                                    0x20001754   Data          60  bsp_tim.o(.bss)
    UART2_RXBUFF                             0x20001790   Data          40  bsp_usart.o(.bss)
    huart1                                   0x200017b8   Data          64  bsp_usart.o(.bss)
    huart2                                   0x200017f8   Data          64  bsp_usart.o(.bss)
    huart6                                   0x20001838   Data          64  bsp_usart.o(.bss)
    hdma_usart1_rx                           0x20001878   Data          96  bsp_usart.o(.bss)
    hdma_usart2_rx                           0x200018d8   Data          96  bsp_usart.o(.bss)
    hdma_usart6_rx                           0x20001938   Data          96  bsp_usart.o(.bss)
    hdma_usart6_tx                           0x20001998   Data          96  bsp_usart.o(.bss)
    UART1_RXBUFF                             0x200019f8   Data         100  bsp_usart.o(.bss)
    UART6_RXBUFF                             0x20001a5c   Data         100  bsp_usart.o(.bss)
    htim2                                    0x20001ac0   Data          60  stm32f4xx_hal_timebase_tim.o(.bss)
    __initial_sp                             0x20005bf0   Data           0  startup_stm32f427xx.o(STACK)



==============================================================================

Memory Map of the image

  Image Entry point : 0x080001ad

  Load Region LR_IROM1 (Base: 0x08000000, Size: 0x00009354, Max: 0x00200000, ABSOLUTE, COMPRESSED[0x00008b58])

    Execution Region ER_IROM1 (Base: 0x08000000, Size: 0x00008a74, Max: 0x00200000, ABSOLUTE)

    Base Addr    Size         Type   Attr      Idx    E Section Name        Object

    0x08000000   0x000001ac   Data   RO          702    RESET               startup_stm32f427xx.o
    0x080001ac   0x00000000   Code   RO         7259  * .ARM.Collect$$$$00000000  mc_w.l(entry.o)
    0x080001ac   0x00000004   Code   RO         7314    .ARM.Collect$$$$00000001  mc_w.l(entry2.o)
    0x080001b0   0x00000004   Code   RO         7317    .ARM.Collect$$$$00000004  mc_w.l(entry5.o)
    0x080001b4   0x00000000   Code   RO         7319    .ARM.Collect$$$$00000008  mc_w.l(entry7b.o)
    0x080001b4   0x00000000   Code   RO         7321    .ARM.Collect$$$$0000000A  mc_w.l(entry8b.o)
    0x080001b4   0x00000008   Code   RO         7322    .ARM.Collect$$$$0000000B  mc_w.l(entry9a.o)
    0x080001bc   0x00000000   Code   RO         7324    .ARM.Collect$$$$0000000D  mc_w.l(entry10a.o)
    0x080001bc   0x00000000   Code   RO         7326    .ARM.Collect$$$$0000000F  mc_w.l(entry11a.o)
    0x080001bc   0x00000004   Code   RO         7315    .ARM.Collect$$$$00002712  mc_w.l(entry2.o)
    0x080001c0   0x000000ba   Code   RO         6168    .emb_text           port.o
    0x0800027a   0x00000002   PAD
    0x0800027c   0x00000024   Code   RO          703    .text               startup_stm32f427xx.o
    0x080002a0   0x00000062   Code   RO         7262    .text               mc_w.l(uldiv.o)
    0x08000302   0x00000024   Code   RO         7264    .text               mc_w.l(memcpya.o)
    0x08000326   0x00000024   Code   RO         7266    .text               mc_w.l(memseta.o)
    0x0800034a   0x0000014e   Code   RO         7270    .text               mf_w.l(dadd.o)
    0x08000498   0x000000e4   Code   RO         7272    .text               mf_w.l(dmul.o)
    0x0800057c   0x000000de   Code   RO         7274    .text               mf_w.l(ddiv.o)
    0x0800065a   0x00000022   Code   RO         7276    .text               mf_w.l(dflti.o)
    0x0800067c   0x00000026   Code   RO         7280    .text               mf_w.l(f2d.o)
    0x080006a2   0x00000002   PAD
    0x080006a4   0x00000030   Code   RO         7282    .text               mf_w.l(cdrcmple.o)
    0x080006d4   0x00000038   Code   RO         7284    .text               mf_w.l(d2f.o)
    0x0800070c   0x0000001e   Code   RO         7328    .text               mc_w.l(llshl.o)
    0x0800072a   0x00000020   Code   RO         7330    .text               mc_w.l(llushr.o)
    0x0800074a   0x00000024   Code   RO         7332    .text               mc_w.l(llsshr.o)
    0x0800076e   0x00000000   Code   RO         7341    .text               mc_w.l(iusefp.o)
    0x0800076e   0x0000006e   Code   RO         7342    .text               mf_w.l(fepilogue.o)
    0x080007dc   0x000000ba   Code   RO         7344    .text               mf_w.l(depilogue.o)
    0x08000896   0x00000002   PAD
    0x08000898   0x00000024   Code   RO         7352    .text               mc_w.l(init.o)
    0x080008bc   0x0000001a   Code   RO         7354    .text               mf_w.l(dfltui.o)
    0x080008d6   0x0000003e   Code   RO         7356    .text               mf_w.l(dfixi.o)
    0x08000914   0x00000056   Code   RO         7366    .text               mc_w.l(__dczerorl2.o)
    0x0800096a   0x00000002   PAD
    0x0800096c   0x00000080   Code   RO         1488    i.ARM_Calc_Output   driver_manipulator.o
    0x080009ec   0x00000014   Code   RO         1489    i.ARM_Electric_Operate  driver_manipulator.o
    0x08000a00   0x000000a0   Code   RO         1490    i.ARM_Gas_Operate   driver_manipulator.o
    0x08000aa0   0x000000f4   Code   RO         1491    i.ARM_Get_AngleRef  driver_manipulator.o
    0x08000b94   0x00000030   Code   RO         1492    i.ARM_Get_PID       driver_manipulator.o
    0x08000bc4   0x00000024   Code   RO         1493    i.ARM_Set_Current   driver_manipulator.o
    0x08000be8   0x00000128   Code   RO         1137    i.BM_Calc_Output    driver_beltraise.o
    0x08000d10   0x00000060   Code   RO         1138    i.BM_Get_PID        driver_beltraise.o
    0x08000d70   0x0000006c   Code   RO         1140    i.BM_Get_SpeedRef_SM  driver_beltraise.o
    0x08000ddc   0x0000001c   Code   RO         1141    i.BM_Set_Current    driver_beltraise.o
    0x08000df8   0x0000002c   Code   RO         1554    i.BSP_Init          bsp.o
    0x08000e24   0x00000014   Code   RO         1142    i.Belt_Control      driver_beltraise.o
    0x08000e38   0x000000bc   Code   RO         1143    i.Belt_Move_Down    driver_beltraise.o
    0x08000ef4   0x000000bc   Code   RO         1144    i.Belt_Move_Up      driver_beltraise.o
    0x08000fb0   0x00000004   Code   RO          385    i.BusFault_Handler  stm32f4xx_it.o
    0x08000fb4   0x00000104   Code   RO          932    i.CAN1_Msg_Process  canbustask.o
    0x080010b8   0x00000010   Code   RO          386    i.CAN1_RX0_IRQHandler  stm32f4xx_it.o
    0x080010c8   0x00000050   Code   RO          933    i.CAN1_Send_CM      canbustask.o
    0x08001118   0x00000010   Code   RO          387    i.CAN1_TX_IRQHandler  stm32f4xx_it.o
    0x08001128   0x000000b4   Code   RO          935    i.CAN2_Msg_Process  canbustask.o
    0x080011dc   0x00000010   Code   RO          388    i.CAN2_RX0_IRQHandler  stm32f4xx_it.o
    0x080011ec   0x00000040   Code   RO          936    i.CAN2_Send_GM      canbustask.o
    0x0800122c   0x00000050   Code   RO          937    i.CAN2_Send_LM      canbustask.o
    0x0800127c   0x00000010   Code   RO          389    i.CAN2_TX_IRQHandler  stm32f4xx_it.o
    0x0800128c   0x0000004e   Code   RO          800    i.CAN_bufferPop     bsp_data.o
    0x080012da   0x00000044   Code   RO          801    i.CAN_bufferPush    bsp_data.o
    0x0800131e   0x00000018   Code   RO          803    i.CAN_bufferlen     bsp_data.o
    0x08001336   0x00000002   PAD
    0x08001338   0x0000022c   Code   RO         1257    i.CM_Calc_Output    driver_chassis.o
    0x08001564   0x000000a4   Code   RO         1258    i.CM_Get_PID        driver_chassis.o
    0x08001608   0x000002a4   Code   RO         1260    i.CM_Get_SpeedRef_SM  driver_chassis.o
    0x080018ac   0x0000009c   Code   RO         1261    i.CM_Set_Current    driver_chassis.o
    0x08001948   0x00000404   Code   RO         1262    i.CalculateWheelSpeed  driver_chassis.o
    0x08001d4c   0x00000074   Code   RO          938    i.Can_Send          canbustask.o
    0x08001dc0   0x00000018   Code   RO          939    i.Can_Send_Task     canbustask.o
    0x08001dd8   0x00000230   Code   RO          237    i.CarMoveFSM        statusmachine.o
    0x08002008   0x000000b4   Code   RO          238    i.Car_Move_State_Select  statusmachine.o
    0x080020bc   0x00000014   Code   RO         1263    i.Chassis_Control   driver_chassis.o
    0x080020d0   0x00000014   Code   RO          544    i.ControlLoopTaskInit  controltask.o
    0x080020e4   0x00000040   Code   RO          545    i.ControlTask       controltask.o
    0x08002124   0x00000010   Code   RO          390    i.DMA1_Stream5_IRQHandler  stm32f4xx_it.o
    0x08002134   0x00000010   Code   RO          391    i.DMA2_Stream2_IRQHandler  stm32f4xx_it.o
    0x08002144   0x00000034   Code   RO         5480    i.DMA_CalcBaseAndBitshift  stm32f4xx_hal_dma.o
    0x08002178   0x000000aa   Code   RO         5481    i.DMA_CheckFifoParam  stm32f4xx_hal_dma.o
    0x08002222   0x0000002c   Code   RO         5482    i.DMA_SetConfig     stm32f4xx_hal_dma.o
    0x0800224e   0x00000002   Code   RO          392    i.DebugMon_Handler  stm32f4xx_it.o
    0x08002250   0x0000001c   Code   RO          546    i.Drivers_Control_Task  controltask.o
    0x0800226c   0x00000018   Code   RO          393    i.EXTI4_IRQHandler  stm32f4xx_it.o
    0x08002284   0x00000018   Code   RO          394    i.EXTI9_5_IRQHandler  stm32f4xx_it.o
    0x0800229c   0x000000d0   Code   RO          940    i.EncoderProcess    canbustask.o
    0x0800236c   0x00000068   Code   RO         1387    i.GuideWheel_Control  driver_guidewheel.o
    0x080023d4   0x0000002c   Code   RO         2410    i.HAL_CAN_ActivateNotification  stm32f4xx_hal_can.o
    0x08002400   0x0000012a   Code   RO         2411    i.HAL_CAN_AddTxMessage  stm32f4xx_hal_can.o
    0x0800252a   0x00000002   PAD
    0x0800252c   0x00000124   Code   RO         2412    i.HAL_CAN_ConfigFilter  stm32f4xx_hal_can.o
    0x08002650   0x00000002   Code   RO         2415    i.HAL_CAN_ErrorCallback  stm32f4xx_hal_can.o
    0x08002652   0x00000188   Code   RO         2418    i.HAL_CAN_GetRxMessage  stm32f4xx_hal_can.o
    0x080027da   0x0000003a   Code   RO         2420    i.HAL_CAN_GetTxMailboxesFreeLevel  stm32f4xx_hal_can.o
    0x08002814   0x0000024e   Code   RO         2422    i.HAL_CAN_IRQHandler  stm32f4xx_hal_can.o
    0x08002a62   0x00000176   Code   RO         2423    i.HAL_CAN_Init      stm32f4xx_hal_can.o
    0x08002bd8   0x000000c8   Code   RO         1650    i.HAL_CAN_MspInit   bsp_can.o
    0x08002ca0   0x00000002   Code   RO         2430    i.HAL_CAN_RxFifo0FullCallback  stm32f4xx_hal_can.o
    0x08002ca2   0x00000002   PAD
    0x08002ca4   0x00000054   Code   RO          941    i.HAL_CAN_RxFifo0MsgPendingCallback  canbustask.o
    0x08002cf8   0x00000002   Code   RO         2432    i.HAL_CAN_RxFifo1FullCallback  stm32f4xx_hal_can.o
    0x08002cfa   0x00000002   Code   RO         2433    i.HAL_CAN_RxFifo1MsgPendingCallback  stm32f4xx_hal_can.o
    0x08002cfc   0x00000002   Code   RO         2434    i.HAL_CAN_SleepCallback  stm32f4xx_hal_can.o
    0x08002cfe   0x00000060   Code   RO         2435    i.HAL_CAN_Start     stm32f4xx_hal_can.o
    0x08002d5e   0x00000002   Code   RO         2437    i.HAL_CAN_TxMailbox0AbortCallback  stm32f4xx_hal_can.o
    0x08002d60   0x00000080   Code   RO          942    i.HAL_CAN_TxMailbox0CompleteCallback  canbustask.o
    0x08002de0   0x00000002   Code   RO         2439    i.HAL_CAN_TxMailbox1AbortCallback  stm32f4xx_hal_can.o
    0x08002de2   0x00000002   Code   RO         2440    i.HAL_CAN_TxMailbox1CompleteCallback  stm32f4xx_hal_can.o
    0x08002de4   0x00000002   Code   RO         2441    i.HAL_CAN_TxMailbox2AbortCallback  stm32f4xx_hal_can.o
    0x08002de6   0x00000002   Code   RO         2442    i.HAL_CAN_TxMailbox2CompleteCallback  stm32f4xx_hal_can.o
    0x08002de8   0x00000002   Code   RO         2444    i.HAL_CAN_WakeUpFromRxMsgCallback  stm32f4xx_hal_can.o
    0x08002dea   0x000000aa   Code   RO         5483    i.HAL_DMA_Abort     stm32f4xx_hal_dma.o
    0x08002e94   0x00000240   Code   RO         5488    i.HAL_DMA_IRQHandler  stm32f4xx_hal_dma.o
    0x080030d4   0x000000ec   Code   RO         5489    i.HAL_DMA_Init      stm32f4xx_hal_dma.o
    0x080031c0   0x0000009e   Code   RO         5493    i.HAL_DMA_Start_IT  stm32f4xx_hal_dma.o
    0x0800325e   0x00000002   Code   RO         5374    i.HAL_GPIO_EXTI_Callback  stm32f4xx_hal_gpio.o
    0x08003260   0x0000001c   Code   RO         5375    i.HAL_GPIO_EXTI_IRQHandler  stm32f4xx_hal_gpio.o
    0x0800327c   0x0000021c   Code   RO         5376    i.HAL_GPIO_Init     stm32f4xx_hal_gpio.o
    0x08003498   0x00000010   Code   RO         5378    i.HAL_GPIO_ReadPin  stm32f4xx_hal_gpio.o
    0x080034a8   0x00000008   Code   RO         5379    i.HAL_GPIO_TogglePin  stm32f4xx_hal_gpio.o
    0x080034b0   0x0000000c   Code   RO         5380    i.HAL_GPIO_WritePin  stm32f4xx_hal_gpio.o
    0x080034bc   0x0000000c   Code   RO         5933    i.HAL_GetTick       stm32f4xx_hal.o
    0x080034c8   0x00000018   Code   RO         5937    i.HAL_IncTick       stm32f4xx_hal.o
    0x080034e0   0x0000003c   Code   RO         5938    i.HAL_Init          stm32f4xx_hal.o
    0x0800351c   0x00000088   Code   RO         2057    i.HAL_InitTick      stm32f4xx_hal_timebase_tim.o
    0x080035a4   0x0000009c   Code   RO         1113    i.HAL_MspInit       stm32f4xx_hal_msp.o
    0x08003640   0x0000001a   Code   RO         5783    i.HAL_NVIC_EnableIRQ  stm32f4xx_hal_cortex.o
    0x0800365a   0x0000007c   Code   RO         5789    i.HAL_NVIC_SetPriority  stm32f4xx_hal_cortex.o
    0x080036d6   0x00000002   PAD
    0x080036d8   0x00000028   Code   RO         5790    i.HAL_NVIC_SetPriorityGrouping  stm32f4xx_hal_cortex.o
    0x08003700   0x00000180   Code   RO         4920    i.HAL_RCC_ClockConfig  stm32f4xx_hal_rcc.o
    0x08003880   0x00000044   Code   RO         4924    i.HAL_RCC_GetClockConfig  stm32f4xx_hal_rcc.o
    0x080038c4   0x0000000c   Code   RO         4925    i.HAL_RCC_GetHCLKFreq  stm32f4xx_hal_rcc.o
    0x080038d0   0x00000020   Code   RO         4927    i.HAL_RCC_GetPCLK1Freq  stm32f4xx_hal_rcc.o
    0x080038f0   0x00000020   Code   RO         4928    i.HAL_RCC_GetPCLK2Freq  stm32f4xx_hal_rcc.o
    0x08003910   0x000000b0   Code   RO         4929    i.HAL_RCC_GetSysClockFreq  stm32f4xx_hal_rcc.o
    0x080039c0   0x00000448   Code   RO         4932    i.HAL_RCC_OscConfig  stm32f4xx_hal_rcc.o
    0x08003e08   0x0000008c   Code   RO         3402    i.HAL_SPI_Init      stm32f4xx_hal_spi.o
    0x08003e94   0x0000005c   Code   RO         1872    i.HAL_SPI_MspInit   bsp_spi.o
    0x08003ef0   0x00000028   Code   RO         5792    i.HAL_SYSTICK_CLKSourceConfig  stm32f4xx_hal_cortex.o
    0x08003f18   0x00000034   Code   RO         5794    i.HAL_SYSTICK_Config  stm32f4xx_hal_cortex.o
    0x08003f4c   0x00000002   Code   RO         4349    i.HAL_TIMEx_BreakCallback  stm32f4xx_hal_tim_ex.o
    0x08003f4e   0x00000002   Code   RO         4350    i.HAL_TIMEx_CommutationCallback  stm32f4xx_hal_tim_ex.o
    0x08003f50   0x00000062   Code   RO         4366    i.HAL_TIMEx_MasterConfigSynchronization  stm32f4xx_hal_tim_ex.o
    0x08003fb2   0x00000034   Code   RO         3710    i.HAL_TIM_Base_Init  stm32f4xx_hal_tim.o
    0x08003fe6   0x00000002   PAD
    0x08003fe8   0x00000034   Code   RO         1914    i.HAL_TIM_Base_MspInit  bsp_tim.o
    0x0800401c   0x0000001e   Code   RO         3713    i.HAL_TIM_Base_Start  stm32f4xx_hal_tim.o
    0x0800403a   0x0000001e   Code   RO         3715    i.HAL_TIM_Base_Start_IT  stm32f4xx_hal_tim.o
    0x08004058   0x00000002   Code   RO         3739    i.HAL_TIM_IC_CaptureCallback  stm32f4xx_hal_tim.o
    0x0800405a   0x00000196   Code   RO         3752    i.HAL_TIM_IRQHandler  stm32f4xx_hal_tim.o
    0x080041f0   0x00000080   Code   RO         1915    i.HAL_TIM_MspPostInit  bsp_tim.o
    0x08004270   0x00000002   Code   RO         3755    i.HAL_TIM_OC_DelayElapsedCallback  stm32f4xx_hal_tim.o
    0x08004272   0x00000108   Code   RO         3776    i.HAL_TIM_PWM_ConfigChannel  stm32f4xx_hal_tim.o
    0x0800437a   0x00000034   Code   RO         3779    i.HAL_TIM_PWM_Init  stm32f4xx_hal_tim.o
    0x080043ae   0x00000002   PAD
    0x080043b0   0x00000034   Code   RO         1917    i.HAL_TIM_PWM_MspInit  bsp_tim.o
    0x080043e4   0x00000002   Code   RO         3782    i.HAL_TIM_PWM_PulseFinishedCallback  stm32f4xx_hal_tim.o
    0x080043e6   0x00000002   PAD
    0x080043e8   0x0000004c   Code   RO         3783    i.HAL_TIM_PWM_Start  stm32f4xx_hal_tim.o
    0x08004434   0x00000012   Code   RO            4    i.HAL_TIM_PeriodElapsedCallback  main.o
    0x08004446   0x00000056   Code   RO         3791    i.HAL_TIM_SlaveConfigSynchronization  stm32f4xx_hal_tim.o
    0x0800449c   0x00000002   Code   RO         3793    i.HAL_TIM_TriggerCallback  stm32f4xx_hal_tim.o
    0x0800449e   0x00000050   Code   RO         4598    i.HAL_UART_AbortReceive  stm32f4xx_hal_uart.o
    0x080044ee   0x00000002   Code   RO         4609    i.HAL_UART_ErrorCallback  stm32f4xx_hal_uart.o
    0x080044f0   0x00000072   Code   RO         4613    i.HAL_UART_Init     stm32f4xx_hal_uart.o
    0x08004562   0x00000002   PAD
    0x08004564   0x00000240   Code   RO         2004    i.HAL_UART_MspInit  bsp_usart.o
    0x080047a4   0x000000ac   Code   RO         4617    i.HAL_UART_Receive_DMA  stm32f4xx_hal_uart.o
    0x08004850   0x00000002   Code   RO         4619    i.HAL_UART_RxCpltCallback  stm32f4xx_hal_uart.o
    0x08004852   0x00000002   Code   RO         4620    i.HAL_UART_RxHalfCpltCallback  stm32f4xx_hal_uart.o
    0x08004854   0x00000004   Code   RO          395    i.HardFault_Handler  stm32f4xx_it.o
    0x08004858   0x0000002c   Code   RO         1458    i.InfraredSensor_StateGet  driver_sensor.o
    0x08004884   0x00000034   Code   RO          241    i.Input_Mode_Select  statusmachine.o
    0x080048b8   0x0000001c   Code   RO          592    i.Is_Lost_Error_Set  supervisetask.o
    0x080048d4   0x00000024   Code   RO          665    i.Led_Toggle_Task   freertos.o
    0x080048f8   0x000000d4   Code   RO         1651    i.MX_CAN1_Init      bsp_can.o
    0x080049cc   0x000000d4   Code   RO         1652    i.MX_CAN2_Init      bsp_can.o
    0x08004aa0   0x00000048   Code   RO         1781    i.MX_DMA_Init       bsp_dma.o
    0x08004ae8   0x000000fc   Code   RO          666    i.MX_FREERTOS_Init  freertos.o
    0x08004be4   0x00000250   Code   RO         1805    i.MX_GPIO_Init      bsp_gpio.o
    0x08004e34   0x000000b4   Code   RO         1979    i.MX_NVIC_Init      bsp_nvic.o
    0x08004ee8   0x0000005c   Code   RO         1873    i.MX_SPI4_Init      bsp_spi.o
    0x08004f44   0x000000ec   Code   RO         1918    i.MX_TIM3_Init      bsp_tim.o
    0x08005030   0x000000b4   Code   RO         1919    i.MX_TIM4_Init      bsp_tim.o
    0x080050e4   0x00000070   Code   RO         2005    i.MX_USART1_UART_Init  bsp_usart.o
    0x08005154   0x0000006c   Code   RO         2007    i.MX_USART6_UART_Init  bsp_usart.o
    0x080051c0   0x0000000c   Code   RO         1494    i.Manipulator_Control  driver_manipulator.o
    0x080051cc   0x00000004   Code   RO          396    i.MemManage_Handler  stm32f4xx_it.o
    0x080051d0   0x0000002c   Code   RO         1391    i.MotorInit         driver_guidewheel.o
    0x080051fc   0x00000002   Code   RO          397    i.NMI_Handler       stm32f4xx_it.o
    0x080051fe   0x00000002   PAD
    0x08005200   0x00000010   Code   RO         5796    i.NVIC_GetPriorityGrouping  stm32f4xx_hal_cortex.o
    0x08005210   0x00000028   Code   RO         5797    i.NVIC_SetPriority  stm32f4xx_hal_cortex.o
    0x08005238   0x0000053c   Code   RO          710    i.PID_Calc          driverlib_pid.o
    0x08005774   0x00000038   Code   RO          711    i.PID_Reset         driverlib_pid.o
    0x080057ac   0x00000030   Code   RO          712    i.PID_Task          driverlib_pid.o
    0x080057dc   0x000000e0   Code   RO         1324    i.RemoteDataProcess  driver_remote.o
    0x080058bc   0x00000014   Code   RO         1325    i.RemoteTaskInit    driver_remote.o
    0x080058d0   0x00000014   Code   RO          593    i.Reset_Error_Flag  supervisetask.o
    0x080058e4   0x00000014   Code   RO          594    i.Set_Error_Flag    supervisetask.o
    0x080058f8   0x00000018   Code   RO          243    i.StatusMachine     statusmachine.o
    0x08005910   0x00000014   Code   RO          244    i.StatusMachine_Init  statusmachine.o
    0x08005924   0x00000014   Code   RO          245    i.StatusMachine_Update  statusmachine.o
    0x08005938   0x0000000e   Code   RO          595    i.Superviese_Task   supervisetask.o
    0x08005946   0x00000008   Code   RO          398    i.SysTick_Handler   stm32f4xx_it.o
    0x0800594e   0x00000002   PAD
    0x08005950   0x000000e0   Code   RO            5    i.SystemClock_Config  main.o
    0x08005a30   0x00000064   Code   RO         2098    i.SystemInit        system_stm32f4xx.o
    0x08005a94   0x00000010   Code   RO          399    i.TIM2_IRQHandler   stm32f4xx_it.o
    0x08005aa4   0x000000e4   Code   RO         3794    i.TIM_Base_SetConfig  stm32f4xx_hal_tim.o
    0x08005b88   0x0000001c   Code   RO         3795    i.TIM_CCxChannelCmd  stm32f4xx_hal_tim.o
    0x08005ba4   0x00000018   Code   RO         3801    i.TIM_ETR_SetConfig  stm32f4xx_hal_tim.o
    0x08005bbc   0x00000070   Code   RO         3803    i.TIM_OC1_SetConfig  stm32f4xx_hal_tim.o
    0x08005c2c   0x00000078   Code   RO         3804    i.TIM_OC2_SetConfig  stm32f4xx_hal_tim.o
    0x08005ca4   0x00000078   Code   RO         3805    i.TIM_OC3_SetConfig  stm32f4xx_hal_tim.o
    0x08005d1c   0x00000060   Code   RO         3806    i.TIM_OC4_SetConfig  stm32f4xx_hal_tim.o
    0x08005d7c   0x000000a4   Code   RO         3807    i.TIM_SlaveTimer_SetConfig  stm32f4xx_hal_tim.o
    0x08005e20   0x0000002a   Code   RO         3808    i.TIM_TI1_ConfigInputStage  stm32f4xx_hal_tim.o
    0x08005e4a   0x0000002c   Code   RO         3810    i.TIM_TI2_ConfigInputStage  stm32f4xx_hal_tim.o
    0x08005e76   0x00000002   PAD
    0x08005e78   0x000001c8   Code   RO          596    i.Task_Monitor      supervisetask.o
    0x08006040   0x00000050   Code   RO         4627    i.UART_DMAError     stm32f4xx_hal_uart.o
    0x08006090   0x00000046   Code   RO         4628    i.UART_DMAReceiveCplt  stm32f4xx_hal_uart.o
    0x080060d6   0x0000000e   Code   RO         4630    i.UART_DMARxHalfCplt  stm32f4xx_hal_uart.o
    0x080060e4   0x00000020   Code   RO         4636    i.UART_EndRxTransfer  stm32f4xx_hal_uart.o
    0x08006104   0x00000014   Code   RO         4638    i.UART_EndTxTransfer  stm32f4xx_hal_uart.o
    0x08006118   0x00000368   Code   RO         4640    i.UART_SetConfig    stm32f4xx_hal_uart.o
    0x08006480   0x0000006c   Code   RO          400    i.USART1_IRQHandler  stm32f4xx_it.o
    0x080064ec   0x00000002   Code   RO          401    i.USART2_IRQHandler  stm32f4xx_it.o
    0x080064ee   0x00000002   PAD
    0x080064f0   0x00000070   Code   RO          402    i.USART6_IRQHandler  stm32f4xx_it.o
    0x08006560   0x00000040   Code   RO          246    i.UpIsland_Init     statusmachine.o
    0x080065a0   0x00000004   Code   RO          403    i.UsageFault_Handler  stm32f4xx_it.o
    0x080065a4   0x000000c0   Code   RO          247    i.WorkStateFSM      statusmachine.o
    0x08006664   0x00000028   Code   RO          248    i.WorkStateSwitchProcess  statusmachine.o
    0x0800668c   0x00000004   Code   RO            6    i._Error_Handler    main.o
    0x08006690   0x00000030   Code   RO         7348    i.__ARM_fpclassify  m_wm.l(fpclassify.o)
    0x080066c0   0x000000c8   Code   RO         7229    i.__hardfp_cos      m_wm.l(cos.o)
    0x08006788   0x00000014   Code   RO         7241    i.__hardfp_fabs     m_wm.l(fabs.o)
    0x0800679c   0x00000004   PAD
    0x080067a0   0x000000c8   Code   RO         7247    i.__hardfp_sin      m_wm.l(sin.o)
    0x08006868   0x00000438   Code   RO         7303    i.__ieee754_rem_pio2  m_wm.l(rred.o)
    0x08006ca0   0x00000170   Code   RO         7286    i.__kernel_cos      m_wm.l(cos_i.o)
    0x08006e10   0x000000f8   Code   RO         7350    i.__kernel_poly     m_wm.l(poly.o)
    0x08006f08   0x00000130   Code   RO         7308    i.__kernel_sin      m_wm.l(sin_i.o)
    0x08007038   0x00000014   Code   RO         7290    i.__mathlib_dbl_infnan  m_wm.l(dunder.o)
    0x0800704c   0x00000004   PAD
    0x08007050   0x00000020   Code   RO         7292    i.__mathlib_dbl_invalid  m_wm.l(dunder.o)
    0x08007070   0x00000020   Code   RO         7295    i.__mathlib_dbl_underflow  m_wm.l(dunder.o)
    0x08007090   0x0000000e   Code   RO         7360    i.__scatterload_copy  mc_w.l(handlers.o)
    0x0800709e   0x00000002   Code   RO         7361    i.__scatterload_null  mc_w.l(handlers.o)
    0x080070a0   0x0000000e   Code   RO         7362    i.__scatterload_zeroinit  mc_w.l(handlers.o)
    0x080070ae   0x00000002   PAD
    0x080070b0   0x0000000c   Code   RO         7336    i.__set_errno       mc_w.l(errno.o)
    0x080070bc   0x00000034   Code   RO          805    i.bufferPush        bsp_data.o
    0x080070f0   0x00000018   Code   RO         7243    i.fabs              m_wm.l(fabs.o)
    0x08007108   0x0000008c   Code   RO          943    i.get_measure       canbustask.o
    0x08007194   0x0000001c   Code   RO            7    i.main              main.o
    0x080071b0   0x0000000e   Code   RO         6856    i.makeFreeRtosPriority  cmsis_os.o
    0x080071be   0x0000001c   Code   RO         6859    i.osDelayUntil      cmsis_os.o
    0x080071da   0x0000000a   Code   RO         6861    i.osKernelStart     cmsis_os.o
    0x080071e4   0x00000012   Code   RO         6870    i.osMessageCreate   cmsis_os.o
    0x080071f6   0x0000000c   Code   RO         6876    i.osMutexCreate     cmsis_os.o
    0x08007202   0x0000000c   Code   RO         6884    i.osRecursiveMutexCreate  cmsis_os.o
    0x0800720e   0x00000032   Code   RO         6887    i.osSemaphoreCreate  cmsis_os.o
    0x08007240   0x00000010   Code   RO         6894    i.osSystickHandler  cmsis_os.o
    0x08007250   0x00000030   Code   RO         6895    i.osThreadCreate    cmsis_os.o
    0x08007280   0x00000098   Code   RO         6544    i.prvAddCurrentTaskToDelayedList  tasks.o
    0x08007318   0x000000b4   Code   RO         6545    i.prvAddNewTaskToReadyList  tasks.o
    0x080073cc   0x00000064   Code   RO         6546    i.prvCheckTasksWaitingTermination  tasks.o
    0x08007430   0x0000007c   Code   RO         6372    i.prvCopyDataToQueue  queue.o
    0x080074ac   0x00000012   Code   RO         6547    i.prvDeleteTCB      tasks.o
    0x080074be   0x00000002   PAD
    0x080074c0   0x0000007c   Code   RO         6098    i.prvHeapInit       heap_4.o
    0x0800753c   0x00000028   Code   RO         6548    i.prvIdleTask       tasks.o
    0x08007564   0x0000001c   Code   RO         6373    i.prvInitialiseMutex  queue.o
    0x08007580   0x00000026   Code   RO         6374    i.prvInitialiseNewQueue  queue.o
    0x080075a6   0x000000b4   Code   RO         6549    i.prvInitialiseNewTask  tasks.o
    0x0800765a   0x00000002   PAD
    0x0800765c   0x00000068   Code   RO         6550    i.prvInitialiseTaskLists  tasks.o
    0x080076c4   0x00000068   Code   RO         6099    i.prvInsertBlockIntoFreeList  heap_4.o
    0x0800772c   0x0000001e   Code   RO         6376    i.prvIsQueueFull    queue.o
    0x0800774a   0x00000002   PAD
    0x0800774c   0x00000034   Code   RO         6551    i.prvResetNextTaskUnblockTime  tasks.o
    0x08007780   0x00000016   Code   RO         6552    i.prvTaskCheckFreeStackSpace  tasks.o
    0x08007796   0x00000002   PAD
    0x08007798   0x00000040   Code   RO         6169    i.prvTaskExitError  port.o
    0x080077d8   0x0000007e   Code   RO         6377    i.prvUnlockQueue    queue.o
    0x08007856   0x00000002   PAD
    0x08007858   0x0000013c   Code   RO         6100    i.pvPortMalloc      heap_4.o
    0x08007994   0x0000002c   Code   RO         6170    i.pxPortInitialiseStack  port.o
    0x080079c0   0x000000a4   Code   RO         1327    i.stick1_action     driver_remote.o
    0x08007a64   0x00000044   Code   RO         1328    i.stick1_change     driver_remote.o
    0x08007aa8   0x00000028   Code   RO         6334    i.uxListRemove      list.o
    0x08007ad0   0x00000028   Code   RO         6557    i.uxTaskGetStackHighWaterMark  tasks.o
    0x08007af8   0x0000001a   Code   RO         6335    i.vListInitialise   list.o
    0x08007b12   0x00000006   Code   RO         6336    i.vListInitialiseItem  list.o
    0x08007b18   0x00000034   Code   RO         6337    i.vListInsert       list.o
    0x08007b4c   0x00000018   Code   RO         6338    i.vListInsertEnd    list.o
    0x08007b64   0x00000054   Code   RO         6172    i.vPortEnterCritical  port.o
    0x08007bb8   0x0000003c   Code   RO         6173    i.vPortExitCritical  port.o
    0x08007bf4   0x00000094   Code   RO         6101    i.vPortFree         heap_4.o
    0x08007c88   0x00000020   Code   RO         6174    i.vPortSetupTimerInterrupt  port.o
    0x08007ca8   0x000000d4   Code   RO         6562    i.vTaskDelayUntil   tasks.o
    0x08007d7c   0x0000000c   Code   RO         6565    i.vTaskMissedYield  tasks.o
    0x08007d88   0x00000038   Code   RO         6567    i.vTaskPlaceOnEventList  tasks.o
    0x08007dc0   0x00000030   Code   RO         6572    i.vTaskSetTimeOutState  tasks.o
    0x08007df0   0x00000088   Code   RO         6573    i.vTaskStartScheduler  tasks.o
    0x08007e78   0x00000010   Code   RO         6575    i.vTaskSuspendAll   tasks.o
    0x08007e88   0x0000008c   Code   RO         6576    i.vTaskSwitchContext  tasks.o
    0x08007f14   0x0000013c   Code   RO         6176    i.xPortStartScheduler  port.o
    0x08008050   0x00000034   Code   RO         6177    i.xPortSysTickHandler  port.o
    0x08008084   0x0000005c   Code   RO         6384    i.xQueueCreateCountingSemaphore  queue.o
    0x080080e0   0x00000022   Code   RO         6385    i.xQueueCreateMutex  queue.o
    0x08008102   0x00000058   Code   RO         6386    i.xQueueGenericCreate  queue.o
    0x0800815a   0x00000002   PAD
    0x0800815c   0x00000098   Code   RO         6388    i.xQueueGenericReset  queue.o
    0x080081f4   0x000001a8   Code   RO         6389    i.xQueueGenericSend  queue.o
    0x0800839c   0x0000008c   Code   RO         6577    i.xTaskCheckForTimeOut  tasks.o
    0x08008428   0x00000060   Code   RO         6578    i.xTaskCreate       tasks.o
    0x08008488   0x00000020   Code   RO         6582    i.xTaskGetSchedulerState  tasks.o
    0x080084a8   0x0000000c   Code   RO         6583    i.xTaskGetTickCount  tasks.o
    0x080084b4   0x00000148   Code   RO         6585    i.xTaskIncrementTick  tasks.o
    0x080085fc   0x000000c8   Code   RO         6588    i.xTaskPriorityDisinherit  tasks.o
    0x080086c4   0x00000098   Code   RO         6589    i.xTaskRemoveFromEventList  tasks.o
    0x0800875c   0x00000104   Code   RO         6591    i.xTaskResumeAll    tasks.o
    0x08008860   0x0000006c   Data   RO          667    .constdata          freertos.o
    0x080088cc   0x00000018   Data   RO         2099    .constdata          system_stm32f4xx.o
    0x080088e4   0x00000008   Data   RO         5495    .constdata          stm32f4xx_hal_dma.o
    0x080088ec   0x00000004   PAD
    0x080088f0   0x00000030   Data   RO         7287    .constdata          m_wm.l(cos_i.o)
    0x08008920   0x000000c8   Data   RO         7305    .constdata          m_wm.l(rred.o)
    0x080089e8   0x00000028   Data   RO         7309    .constdata          m_wm.l(sin_i.o)
    0x08008a10   0x00000044   Data   RO          668    .conststring        freertos.o
    0x08008a54   0x00000020   Data   RO         7358    Region$$Table       anon$$obj.o


    Execution Region RW_IRAM1 (Base: 0x20000000, Size: 0x00005bf0, Max: 0x00030000, ABSOLUTE, COMPRESSED[0x000000e4])

    Base Addr    Size         Type   Attr      Idx    E Section Name        Object

    0x20000000   0x0000000a   Data   RW          249    .data               statusmachine.o
    0x2000000a   0x00000002   PAD
    0x2000000c   0x0000000c   Data   RW          405    .data               stm32f4xx_it.o
    0x20000018   0x00000004   Data   RW          547    .data               controltask.o
    0x2000001c   0x00000054   Data   RW          599    .data               supervisetask.o
    0x20000070   0x00000028   Data   RW          669    .data               freertos.o
    0x20000098   0x00000738   Data   RW          713    .data               driverlib_pid.o
    0x200007d0   0x0000000c   Data   RW          945    .data               canbustask.o
    0x200007dc   0x00000048   Data   RW         1145    .data               driver_beltraise.o
    0x20000824   0x00000012   Data   RW         1265    .data               driver_chassis.o
    0x20000836   0x00000002   PAD
    0x20000838   0x00000016   Data   RW         1330    .data               driver_remote.o
    0x2000084e   0x0000000a   Data   RW         1394    .data               driver_guidewheel.o
    0x20000858   0x00000004   Data   RW         1459    .data               driver_sensor.o
    0x2000085c   0x00000010   Data   RW         1495    .data               driver_manipulator.o
    0x2000086c   0x00000004   Data   RW         2100    .data               system_stm32f4xx.o
    0x20000870   0x00000009   Data   RW         5945    .data               stm32f4xx_hal.o
    0x20000879   0x00000003   PAD
    0x2000087c   0x00000018   Data   RW         6106    .data               heap_4.o
    0x20000894   0x0000000c   Data   RW         6178    .data               port.o
    0x200008a0   0x0000003c   Data   RW         6594    .data               tasks.o
    0x200008dc   0x00000004   Data   RW         7337    .data               mc_w.l(errno.o)
    0x200008e0   0x00000af0   Zero   RW          808    .bss                bsp_data.o
    0x200013d0   0x0000015c   Zero   RW          944    .bss                canbustask.o
    0x2000152c   0x00000014   Zero   RW         1264    .bss                driver_chassis.o
    0x20001540   0x00000016   Zero   RW         1329    .bss                driver_remote.o
    0x20001556   0x00000002   PAD
    0x20001558   0x00000168   Zero   RW         1653    .bss                bsp_can.o
    0x200016c0   0x00000058   Zero   RW         1874    .bss                bsp_spi.o
    0x20001718   0x00000078   Zero   RW         1920    .bss                bsp_tim.o
    0x20001790   0x00000330   Zero   RW         2008    .bss                bsp_usart.o
    0x20001ac0   0x0000003c   Zero   RW         2060    .bss                stm32f4xx_hal_timebase_tim.o
    0x20001afc   0x00003c00   Zero   RW         6105    .bss                heap_4.o
    0x200056fc   0x000000f0   Zero   RW         6593    .bss                tasks.o
    0x200057ec   0x00000004   PAD
    0x200057f0   0x00000400   Zero   RW          700    STACK               startup_stm32f427xx.o


==============================================================================

Image component sizes


      Code (inc. data)   RO Data    RW Data    ZI Data      Debug   Object Name

        44          0          0          0          0        487   bsp.o
       624        110          0          0        360       3382   bsp_can.o
       222          0          0          0       2800       3676   bsp_data.o
        72          6          0          0          0        798   bsp_dma.o
       592         34          0          0          0       1363   bsp_gpio.o
       180          0          0          0          0        563   bsp_nvic.o
       184         44          0          0         88       1641   bsp_spi.o
       648         96          0          0        120       3655   bsp_tim.o
       796        144          0          0        816       2989   bsp_usart.o
      1364        232          0         12        348       9875   canbustask.o
       208          0          0          0          0      15926   cmsis_os.o
       112         10          0          4          0       1795   controltask.o
       924        150          0         72          0       6457   driver_beltraise.o
      2600        174          0         18         20       5934   driver_chassis.o
       148         20          0         10          0       2077   driver_guidewheel.o
       648        114          0         16          0       4039   driver_manipulator.o
       476         52          0         22         22       5977   driver_remote.o
        44         16          0          4          0        791   driver_sensor.o
      1444         46          0       1848          0       5926   driverlib_pid.o
         0          0          0          0          0       8060   event_groups.o
       288         50        176         40          0       2799   freertos.o
       692         62          0         24      15360       8831   heap_4.o
       148          0          0          0          0       3582   list.o
       274         26          0          0          0     764433   main.o
       838         78          0         12          0      11132   port.o
      1136         10          0          0          0      10491   queue.o
        36          8        428          0       1024        808   startup_stm32f427xx.o
      1152        138          0         10          0      10303   statusmachine.o
        96         20          0          9          0       3258   stm32f4xx_hal.o
      2166          4          0          0          0      14232   stm32f4xx_hal_can.o
       338         22          0          0          0      31529   stm32f4xx_hal_cortex.o
      1406         16          8          0          0       6403   stm32f4xx_hal_dma.o
       606         58          0          0          0       4844   stm32f4xx_hal_gpio.o
       156          6          0          0          0        902   stm32f4xx_hal_msp.o
      1800         94          0          0          0       6201   stm32f4xx_hal_rcc.o
       140          0          0          0          0       1127   stm32f4xx_hal_spi.o
      1982         96          0          0          0      16060   stm32f4xx_hal_tim.o
       102          0          0          0          0       2346   stm32f4xx_hal_tim_ex.o
       136         12          0          0         60       1504   stm32f4xx_hal_timebase_tim.o
      1460         22          0          0          0       8132   stm32f4xx_hal_uart.o
       410         82          0         12          0      15616   stm32f4xx_it.o
       538         80          0         84          0       6843   supervisetask.o
       100         18         24          4          0       1167   system_stm32f4xx.o
      2728        354          0         60        240      23679   tasks.o

    ----------------------------------------------------------------------
     30096       2504        672       2268      21264    1041633   Object Totals
         0          0         32          0          0          0   (incl. Generated)
        38          0          4          7          6          0   (incl. Padding)

    ----------------------------------------------------------------------

      Code (inc. data)   RO Data    RW Data    ZI Data      Debug   Library Member Name

       200         20          0          0          0        164   cos.o
       368         46         48          0          0        200   cos_i.o
        84         16          0          0          0        372   dunder.o
        44          0          0          0          0        248   fabs.o
        48          0          0          0          0        124   fpclassify.o
       248          0          0          0          0        152   poly.o
      1080        142        200          0          0        188   rred.o
       200         20          0          0          0        164   sin.o
       304         24         40          0          0        208   sin_i.o
        86          0          0          0          0          0   __dczerorl2.o
         0          0          0          0          0          0   entry.o
         0          0          0          0          0          0   entry10a.o
         0          0          0          0          0          0   entry11a.o
         8          4          0          0          0          0   entry2.o
         4          0          0          0          0          0   entry5.o
         0          0          0          0          0          0   entry7b.o
         0          0          0          0          0          0   entry8b.o
         8          4          0          0          0          0   entry9a.o
        12          6          0          4          0         68   errno.o
        30          0          0          0          0          0   handlers.o
        36          8          0          0          0         68   init.o
         0          0          0          0          0          0   iusefp.o
        30          0          0          0          0         68   llshl.o
        36          0          0          0          0         68   llsshr.o
        32          0          0          0          0         68   llushr.o
        36          0          0          0          0         68   memcpya.o
        36          0          0          0          0        108   memseta.o
        98          0          0          0          0         92   uldiv.o
        48          0          0          0          0         68   cdrcmple.o
        56          0          0          0          0         88   d2f.o
       334          0          0          0          0        148   dadd.o
       222          0          0          0          0        100   ddiv.o
       186          0          0          0          0        176   depilogue.o
        62          0          0          0          0         80   dfixi.o
        34          0          0          0          0         76   dflti.o
        26          0          0          0          0         76   dfltui.o
       228          0          0          0          0         96   dmul.o
        38          0          0          0          0         68   f2d.o
       110          0          0          0          0        168   fepilogue.o

    ----------------------------------------------------------------------
      4388        290        288          4          0       3572   Library Totals
        16          0          0          0          0          0   (incl. Padding)

    ----------------------------------------------------------------------

      Code (inc. data)   RO Data    RW Data    ZI Data      Debug   Library Name

      2576        268        288          0          0       1820   m_wm.l
       452         22          0          4          0        608   mc_w.l
      1344          0          0          0          0       1144   mf_w.l

    ----------------------------------------------------------------------
      4388        290        288          4          0       3572   Library Totals

    ----------------------------------------------------------------------

==============================================================================


      Code (inc. data)   RO Data    RW Data    ZI Data      Debug   

     34484       2794        960       2272      21264    1019057   Grand Totals
     34484       2794        960        228      21264    1019057   ELF Image Totals (compressed)
     34484       2794        960        228          0          0   ROM Totals

==============================================================================

    Total RO  Size (Code + RO Data)                35444 (  34.61kB)
    Total RW  Size (RW Data + ZI Data)             23536 (  22.98kB)
    Total ROM Size (Code + RO Data + RW Data)      35672 (  34.84kB)

==============================================================================

